
Optional file libmchp_peripheral.a not found

Optional file libmchp_peripheral_32MX795F512L.a not found
Archive member included because of file (symbol)

c:/program files (x86)/microchip/xc32/v1.42/bin/bin/../../lib/gcc/pic32mx/4.8.3/../../../../pic32mx/lib\libpic32.a(memcpy.o)
                              build/default/production/_ext/1128951024/queue.o (memcpy)
c:/program files (x86)/microchip/xc32/v1.42/bin/bin/../../lib/gcc/pic32mx/4.8.3/../../../../pic32mx/lib\libpic32.a(memset.o)
                              build/default/production/_ext/1128951024/tasks.o (memset)
c:/program files (x86)/microchip/xc32/v1.42/bin/bin/../../lib/gcc/pic32mx/4.8.3/../../../../pic32mx/lib\libpic32.a(default-bootstrap-exception-handler.o)
                              c:/program files (x86)/microchip/xc32/v1.42/bin/bin/../../lib/gcc/pic32mx/4.8.3/../../../../pic32mx/lib/./proc/32MX795F512L/crt0_mips32r2.o (_bootstrap_exception_handler)
c:/program files (x86)/microchip/xc32/v1.42/bin/bin/../../lib/gcc/pic32mx/4.8.3/../../../../pic32mx/lib\libpic32.a(default-on-reset.o)
                              c:/program files (x86)/microchip/xc32/v1.42/bin/bin/../../lib/gcc/pic32mx/4.8.3/../../../../pic32mx/lib/./proc/32MX795F512L/crt0_mips32r2.o (_on_reset)
c:/program files (x86)/microchip/xc32/v1.42/bin/bin/../../lib/gcc/pic32mx/4.8.3/../../../../pic32mx/lib\libpic32.a(default-on-bootstrap.o)
                              c:/program files (x86)/microchip/xc32/v1.42/bin/bin/../../lib/gcc/pic32mx/4.8.3/../../../../pic32mx/lib/./proc/32MX795F512L/crt0_mips32r2.o (_on_bootstrap)
c:/program files (x86)/microchip/xc32/v1.42/bin/bin/../../lib/gcc/pic32mx/4.8.3/../../../../pic32mx/lib\libpic32.a(default-nmi-handler.o)
                              c:/program files (x86)/microchip/xc32/v1.42/bin/bin/../../lib/gcc/pic32mx/4.8.3/../../../../pic32mx/lib/./proc/32MX795F512L/crt0_mips32r2.o (_nmi_handler)
c:/program files (x86)/microchip/xc32/v1.42/bin/bin/../../lib/gcc/pic32mx/4.8.3/../../../../pic32mx/lib\libpic32.a(general-exception.o)
                              c:/program files (x86)/microchip/xc32/v1.42/bin/bin/../../lib/gcc/pic32mx/4.8.3/../../../../pic32mx/lib/./proc/32MX795F512L/crt0_mips32r2.o (_general_exception_context)
c:/program files (x86)/microchip/xc32/v1.42/bin/bin/../../lib/gcc/pic32mx/4.8.3/../../../../pic32mx/lib\libpic32.a(vector0.o)
                              c:/program files (x86)/microchip/xc32/v1.42/bin/bin/../../lib/gcc/pic32mx/4.8.3/../../../../pic32mx/lib/./proc/32MX795F512L\default_isr_vectors.o (__vector_dispatch_0)
c:/program files (x86)/microchip/xc32/v1.42/bin/bin/../../lib/gcc/pic32mx/4.8.3/../../../../pic32mx/lib\libpic32.a(vector2.o)
                              c:/program files (x86)/microchip/xc32/v1.42/bin/bin/../../lib/gcc/pic32mx/4.8.3/../../../../pic32mx/lib/./proc/32MX795F512L\default_isr_vectors.o (__vector_dispatch_2)
c:/program files (x86)/microchip/xc32/v1.42/bin/bin/../../lib/gcc/pic32mx/4.8.3/../../../../pic32mx/lib\libpic32.a(vector3.o)
                              c:/program files (x86)/microchip/xc32/v1.42/bin/bin/../../lib/gcc/pic32mx/4.8.3/../../../../pic32mx/lib/./proc/32MX795F512L\default_isr_vectors.o (__vector_dispatch_3)
c:/program files (x86)/microchip/xc32/v1.42/bin/bin/../../lib/gcc/pic32mx/4.8.3/../../../../pic32mx/lib\libpic32.a(vector5.o)
                              c:/program files (x86)/microchip/xc32/v1.42/bin/bin/../../lib/gcc/pic32mx/4.8.3/../../../../pic32mx/lib/./proc/32MX795F512L\default_isr_vectors.o (__vector_dispatch_5)
c:/program files (x86)/microchip/xc32/v1.42/bin/bin/../../lib/gcc/pic32mx/4.8.3/../../../../pic32mx/lib\libpic32.a(vector6.o)
                              c:/program files (x86)/microchip/xc32/v1.42/bin/bin/../../lib/gcc/pic32mx/4.8.3/../../../../pic32mx/lib/./proc/32MX795F512L\default_isr_vectors.o (__vector_dispatch_6)
c:/program files (x86)/microchip/xc32/v1.42/bin/bin/../../lib/gcc/pic32mx/4.8.3/../../../../pic32mx/lib\libpic32.a(vector7.o)
                              c:/program files (x86)/microchip/xc32/v1.42/bin/bin/../../lib/gcc/pic32mx/4.8.3/../../../../pic32mx/lib/./proc/32MX795F512L\default_isr_vectors.o (__vector_dispatch_7)
c:/program files (x86)/microchip/xc32/v1.42/bin/bin/../../lib/gcc/pic32mx/4.8.3/../../../../pic32mx/lib\libpic32.a(vector9.o)
                              c:/program files (x86)/microchip/xc32/v1.42/bin/bin/../../lib/gcc/pic32mx/4.8.3/../../../../pic32mx/lib/./proc/32MX795F512L\default_isr_vectors.o (__vector_dispatch_9)
c:/program files (x86)/microchip/xc32/v1.42/bin/bin/../../lib/gcc/pic32mx/4.8.3/../../../../pic32mx/lib\libpic32.a(vector10.o)
                              c:/program files (x86)/microchip/xc32/v1.42/bin/bin/../../lib/gcc/pic32mx/4.8.3/../../../../pic32mx/lib/./proc/32MX795F512L\default_isr_vectors.o (__vector_dispatch_10)
c:/program files (x86)/microchip/xc32/v1.42/bin/bin/../../lib/gcc/pic32mx/4.8.3/../../../../pic32mx/lib\libpic32.a(vector11.o)
[...]
Memory Configuration

Name             Origin             Length             Attributes
kseg0_program_mem 0x9d000000         0x00080000         xr
kseg0_boot_mem   0x9fc00490         0x00000970
exception_mem    0x9fc01000         0x00001000
kseg1_boot_mem   0xbfc00000         0x00000490
debug_exec_mem   0xbfc02000         0x00000ff0
config3          0xbfc02ff0         0x00000004
config2          0xbfc02ff4         0x00000004
config1          0xbfc02ff8         0x00000004
config0          0xbfc02ffc         0x00000004
kseg1_data_mem   0xa0000000         0x00020000         w !x
sfrs             0xbf800000         0x00100000
configsfrs       0xbfc02ff0         0x00000010
*default*        0x00000000         0xffffffff

Linker script and memory map

LOAD c:/program files (x86)/microchip/xc32/v1.42/bin/bin/../../lib/gcc/pic32mx/4.8.3/../../../../pic32mx/lib/./proc/32MX795F512L/crt0_mips32r2.o
LOAD c:/program files (x86)/microchip/xc32/v1.42/bin/bin/../../lib/gcc/pic32mx/4.8.3/../../../../pic32mx/lib\debug-exception-return.o
LOAD build/default/production/_ext/1360937237/app.o
LOAD build/default/production/_ext/1360937237/main.o
LOAD build/default/production/_ext/1360937237/task_eyes.o
LOAD build/default/production/_ext/24337685/osal_freertos.o
LOAD build/default/production/_ext/1271179505/sys_devcon.o
LOAD build/default/production/_ext/1271179505/sys_devcon_pic32mx.o
LOAD build/default/production/_ext/122796885/sys_int_pic32.o
LOAD build/default/production/_ext/1128951024/croutine.o
LOAD build/default/production/_ext/1128951024/list.o
LOAD build/default/production/_ext/1128951024/queue.o
LOAD build/default/production/_ext/1128951024/tasks.o
LOAD build/default/production/_ext/1128951024/timers.o
LOAD build/default/production/_ext/1128951024/event_groups.o
LOAD build/default/production/_ext/1856876499/heap_1.o
LOAD build/default/production/_ext/12131622/port.o
LOAD build/default/production/_ext/12131622/port_asm.o
LOAD build/default/production/_ext/1407244131/drv_tmr_static.o
LOAD build/default/production/_ext/1407244131/drv_tmr_mapping.o
LOAD build/default/production/_ext/327000265/drv_usart_mapping.o
LOAD build/default/production/_ext/327000265/drv_usart_static.o
LOAD build/default/production/_ext/327000265/drv_usart_static_byte_model.o
LOAD build/default/production/_ext/639803181/sys_clk_static.o
LOAD build/default/production/_ext/822048611/sys_ports_static.o
LOAD build/default/production/_ext/1688732426/system_init.o
LOAD build/default/production/_ext/1688732426/system_interrupt.o
LOAD build/default/production/_ext/1688732426/system_exceptions.o
LOAD build/default/production/_ext/1688732426/system_tasks.o
LOAD build/default/production/_ext/1688732426/system_interrupt_a.o
LOAD build/default/production/_ext/1688732426/rtos_hooks.o
LOAD ..\..\..\..\bin\framework\peripheral\PIC32MX795F512L_peripherals.a
LOAD ..\..\..\..\framework\tcpip\src\crypto\aes_pic32mx.a
                0x00000001                __MPLAB_BUILD = 0x1
                0x00000000                _min_heap_size = 0x0
LOAD c:/program files (x86)/microchip/xc32/v1.42/bin/bin/../../lib/gcc/pic32mx/4.8.3/../../../../pic32mx/lib/./proc/32MX795F512L\default_isr_vectors.o
LOAD c:/program files (x86)/microchip/xc32/v1.42/bin/bin/../../lib/gcc/pic32mx/4.8.3/../../../../pic32mx/lib\pic32_software_reset.o
                0x00000400                PROVIDE (_min_stack_size, 0x400)
LOAD c:/program files (x86)/microchip/xc32/v1.42/bin/bin/../../lib/gcc/pic32mx/4.8.3/../../../../pic32mx/lib/./proc/32MX795F512L\processor.o
START GROUP
LOAD libmchp_peripheral.a
END GROUP
START GROUP
LOAD libmchp_peripheral_32MX795F512L.a
END GROUP
                0x00000001                PROVIDE (_vector_spacing, 0x1)
                0x9fc01000                PROVIDE (_ebase_address, 0x9fc01000)
                0xbfc00000                _RESET_ADDR = 0xbfc00000
                0xbfc00380                _BEV_EXCPT_ADDR = 0xbfc00380
                0xbfc00480                _DBG_EXCPT_ADDR = 0xbfc00480
                0xbfc02000                _DBG_CODE_ADDR = 0xbfc02000
                0x00000ff0                _DBG_CODE_SIZE = 0xff0
                0x9fc01180                _GEN_EXCPT_ADDR = (_ebase_address + 0x180)

.config_BFC02FF0
                0xbfc02ff0        0x4
 *(.config_BFC02FF0)
 .config_BFC02FF0
                0xbfc02ff0        0x4 build/default/production/_ext/1688732426/system_init.o

.config_BFC02FF4
                0xbfc02ff4        0x4
 *(.config_BFC02FF4)
 .config_BFC02FF4
                0xbfc02ff4        0x4 build/default/production/_ext/1688732426/system_init.o

.config_BFC02FF8
                0xbfc02ff8        0x4
 *(.config_BFC02FF8)
 .config_BFC02FF8
                0xbfc02ff8        0x4 build/default/production/_ext/1688732426/system_init.o

.config_BFC02FFC
                0xbfc02ffc        0x4
 *(.config_BFC02FFC)
 .config_BFC02FFC
                0xbfc02ffc        0x4 build/default/production/_ext/1688732426/system_init.o
                0xbfc02000                PROVIDE (_DBG_CODE_ADDR, 0xbfc02000)
                0x00000ff0                PROVIDE (_DBG_CODE_SIZE, 0xff0)

.reset          0xbfc00000      0x208
 *(.reset)
 .reset         0xbfc00000        0x8 c:/program files (x86)/microchip/xc32/v1.42/bin/bin/../../lib/gcc/pic32mx/4.8.3/../../../../pic32mx/lib/./proc/32MX795F512L/crt0_mips32r2.o
                0xbfc00000                _reset
 *(.reset.startup)
 .reset.startup
                0xbfc00008      0x200 c:/program files (x86)/microchip/xc32/v1.42/bin/bin/../../lib/gcc/pic32mx/4.8.3/../../../../pic32mx/lib/./proc/32MX795F512L/crt0_mips32r2.o

.bev_excpt      0xbfc00380       0x10
 *(.bev_handler)
 .bev_handler   0xbfc00380       0x10 c:/program files (x86)/microchip/xc32/v1.42/bin/bin/../../lib/gcc/pic32mx/4.8.3/../../../../pic32mx/lib/./proc/32MX795F512L/crt0_mips32r2.o

.dbg_excpt      0xbfc00480        0x0
                0xbfc00480                . = (. + DEFINED (_DEBUGGER)?0x8:0x0)

.dbg_code       0xbfc02000        0x0
                0xbfc02000                . = (. + DEFINED (_DEBUGGER)?_DBG_CODE_SIZE:0x0)

.app_excpt      0x9fc01180       0x10
 *(.gen_handler)
 .gen_handler   0x9fc01180       0x10 c:/program files (x86)/microchip/xc32/v1.42/bin/bin/../../lib/gcc/pic32mx/4.8.3/../../../../pic32mx/lib/./proc/32MX795F512L/crt0_mips32r2.o

.vector_0       0x9fc01200        0x8
 *(.vector_0)
 .vector_0      0x9fc01200        0x8 c:/program files (x86)/microchip/xc32/v1.42/bin/bin/../../lib/gcc/pic32mx/4.8.3/../../../../pic32mx/lib\libpic32.a(vector0.o)
                0x9fc01200                __vector_dispatch_0
                0x00000001                ASSERT (((_vector_spacing == 0x0) || (SIZEOF (.vector_0) <= (_vector_spacing << 0x5))), function at exception vector 0 too large)

.vector_1       0x9fc01220        0x8
 *(.vector_1)
 .vector_1      0x9fc01220        0x8 build/default/production/_ext/12131622/port.o
                0x9fc01220                __vector_dispatch_1
                0x00000001                ASSERT (((_vector_spacing == 0x0) || (SIZEOF (.vector_1) <= (_vector_spacing << 0x5))), function at exception vector 1 too large)

.vector_2       0x9fc01240        0x8
 *(.vector_2)
 .vector_2      0x9fc01240        0x8 c:/program files (x86)/microchip/xc32/v1.42/bin/bin/../../lib/gcc/pic32mx/4.8.3/../../../../pic32mx/lib\libpic32.a(vector2.o)
                0x9fc01240                __vector_dispatch_2
                0x00000001                ASSERT (((_vector_spacing == 0x0) || (SIZEOF (.vector_2) <= (_vector_spacing << 0x5))), function at exception vector 2 too large)

.vector_3       0x9fc01260        0x8
 *(.vector_3)
 .vector_3      0x9fc01260        0x8 c:/program files (x86)/microchip/xc32/v1.42/bin/bin/../../lib/gcc/pic32mx/4.8.3/../../../../pic32mx/lib\libpic32.a(vector3.o)
                0x9fc01260                __vector_dispatch_3
                0x00000001                ASSERT (((_vector_spacing == 0x0) || (SIZEOF (.vector_3) <= (_vector_spacing << 0x5))), function at exception vector 3 too large)

.vector_4       0x9fc01280        0x8
 *(.vector_4)
 .vector_4      0x9fc01280        0x8 build/default/production/_ext/12131622/port.o
                0x9fc01280                __vector_dispatch_4
                0x00000001                ASSERT (((_vector_spacing == 0x0) || (SIZEOF (.vector_4) <= (_vector_spacing << 0x5))), function at exception vector 4 too large)

.vector_5       0x9fc012a0        0x8
 *(.vector_5)
 .vector_5      0x9fc012a0        0x8 c:/program files (x86)/microchip/xc32/v1.42/bin/bin/../../lib/gcc/pic32mx/4.8.3/../../../../pic32mx/lib\libpic32.a(vector5.o)
                0x9fc012a0                __vector_dispatch_5
                0x00000001                ASSERT (((_vector_spacing == 0x0) || (SIZEOF (.vector_5) <= (_vector_spacing << 0x5))), function at exception vector 5 too large)

.vector_6       0x9fc012c0        0x8
 *(.vector_6)
 .vector_6      0x9fc012c0        0x8 c:/program files (x86)/microchip/xc32/v1.42/bin/bin/../../lib/gcc/pic32mx/4.8.3/../../../../pic32mx/lib\libpic32.a(vector6.o)
                0x9fc012c0                __vector_dispatch_6
                0x00000001                ASSERT (((_vector_spacing == 0x0) || (SIZEOF (.vector_6) <= (_vector_spacing << 0x5))), function at exception vector 6 too large)

.vector_7       0x9fc012e0        0x8
 *(.vector_7)
 .vector_7      0x9fc012e0        0x8 c:/program files (x86)/microchip/xc32/v1.42/bin/bin/../../lib/gcc/pic32mx/4.8.3/../../../../pic32mx/lib\libpic32.a(vector7.o)
                0x9fc012e0                __vector_dispatch_7
                0x00000001                ASSERT (((_vector_spacing == 0x0) || (SIZEOF (.vector_7) <= (_vector_spacing << 0x5))), function at exception vector 7 too large)

.vector_8       0x9fc01300       0x10
 *(.vector_8)
 .vector_8      0x9fc01300       0x10 build/default/production/_ext/1688732426/system_interrupt_a.o
                0x9fc01300                __vector_dispatch_8
                0x00000001                ASSERT (((_vector_spacing == 0x0) || (SIZEOF (.vector_8) <= (_vector_spacing << 0x5))), function at exception vector 8 too large)

.vector_9       0x9fc01320        0x8
 *(.vector_9)
 .vector_9      0x9fc01320        0x8 c:/program files (x86)/microchip/xc32/v1.42/bin/bin/../../lib/gcc/pic32mx/4.8.3/../../../../pic32mx/lib\libpic32.a(vector9.o)
                0x9fc01320                __vector_dispatch_9
                0x00000001                ASSERT (((_vector_spacing == 0x0) || (SIZEOF (.vector_9) <= (_vector_spacing << 0x5))), function at exception vector 9 too large)

.vector_10      0x9fc01340        0x8
 *(.vector_10)
 .vector_10     0x9fc01340        0x8 c:/program files (x86)/microchip/xc32/v1.42/bin/bin/../../lib/gcc/pic32mx/4.8.3/../../../../pic32mx/lib\libpic32.a(vector10.o)
                0x9fc01340                __vector_dispatch_10
                0x00000001                ASSERT (((_vector_spacing == 0x0) || (SIZEOF (.vector_10) <= (_vector_spacing << 0x5))), function at exception vector 10 too large)

.vector_11      0x9fc01360        0x8
 *(.vector_11)
 .vector_11     0x9fc01360        0x8 c:/program files (x86)/microchip/xc32/v1.42/bin/bin/../../lib/gcc/pic32mx/4.8.3/../../../../pic32mx/lib\libpic32.a(vector11.o)
                0x9fc01360                __vector_dispatch_11
                0x00000001                ASSERT (((_vector_spacing == 0x0) || (SIZEOF (.vector_11) <= (_vector_spacing << 0x5))), function at exception vector 11 too large)

.vector_12      0x9fc01380        0x8
 *(.vector_12)
 .vector_12     0x9fc01380        0x8 c:/program files (x86)/microchip/xc32/v1.42/bin/bin/../../lib/gcc/pic32mx/4.8.3/../../../../pic32mx/lib\libpic32.a(vector12.o)
                0x9fc01380                __vector_dispatch_12
                0x00000001                ASSERT (((_vector_spacing == 0x0) || (SIZEOF (.vector_12) <= (_vector_spacing << 0x5))), function at exception vector 12 too large)

.vector_13      0x9fc013a0        0x8
 *(.vector_13)
 .vector_13     0x9fc013a0        0x8 c:/program files (x86)/microchip/xc32/v1.42/bin/bin/../../lib/gcc/pic32mx/4.8.3/../../../../pic32mx/lib\libpic32.a(vector13.o)
                0x9fc013a0                __vector_dispatch_13
                0x00000001                ASSERT (((_vector_spacing == 0x0) || (SIZEOF (.vector_13) <= (_vector_spacing << 0x5))), function at exception vector 13 too large)

.vector_14      0x9fc013c0        0x8
 *(.vector_14)
 .vector_14     0x9fc013c0        0x8 c:/program files (x86)/microchip/xc32/v1.42/bin/bin/../../lib/gcc/pic32mx/4.8.3/../../../../pic32mx/lib\libpic32.a(vector14.o)
                0x9fc013c0                __vector_dispatch_14
                0x00000001                ASSERT (((_vector_spacing == 0x0) || (SIZEOF (.vector_14) <= (_vector_spacing << 0x5))), function at exception vector 14 too large)

.vector_15      0x9fc013e0        0x8
 *(.vector_15)
 .vector_15     0x9fc013e0        0x8 c:/program files (x86)/microchip/xc32/v1.42/bin/bin/../../lib/gcc/pic32mx/4.8.3/../../../../pic32mx/lib\libpic32.a(vector15.o)
                0x9fc013e0                __vector_dispatch_15
                0x00000001                ASSERT (((_vector_spacing == 0x0) || (SIZEOF (.vector_15) <= (_vector_spacing << 0x5))), function at exception vector 15 too large)

.vector_16      0x9fc01400        0x8
 *(.vector_16)
 .vector_16     0x9fc01400        0x8 c:/program files (x86)/microchip/xc32/v1.42/bin/bin/../../lib/gcc/pic32mx/4.8.3/../../../../pic32mx/lib\libpic32.a(vector16.o)
                0x9fc01400                __vector_dispatch_16
                0x00000001                ASSERT (((_vector_spacing == 0x0) || (SIZEOF (.vector_16) <= (_vector_spacing << 0x5))), function at exception vector 16 too large)

.vector_17      0x9fc01420        0x8
 *(.vector_17)
 .vector_17     0x9fc01420        0x8 c:/program files (x86)/microchip/xc32/v1.42/bin/bin/../../lib/gcc/pic32mx/4.8.3/../../../../pic32mx/lib\libpic32.a(vector17.o)
                0x9fc01420                __vector_dispatch_17
                0x00000001                ASSERT (((_vector_spacing == 0x0) || (SIZEOF (.vector_17) <= (_vector_spacing << 0x5))), function at exception vector 17 too large)

.vector_18      0x9fc01440        0x8
 *(.vector_18)
 .vector_18     0x9fc01440        0x8 c:/program files (x86)/microchip/xc32/v1.42/bin/bin/../../lib/gcc/pic32mx/4.8.3/../../../../pic32mx/lib\libpic32.a(vector18.o)
                0x9fc01440                __vector_dispatch_18
                0x00000001                ASSERT (((_vector_spacing == 0x0) || (SIZEOF (.vector_18) <= (_vector_spacing << 0x5))), function at exception vector 18 too large)

.vector_19      0x9fc01460        0x8
 *(.vector_19)
 .vector_19     0x9fc01460        0x8 c:/program files (x86)/microchip/xc32/v1.42/bin/bin/../../lib/gcc/pic32mx/4.8.3/../../../../pic32mx/lib\libpic32.a(vector19.o)
                0x9fc01460                __vector_dispatch_19
                0x00000001                ASSERT (((_vector_spacing == 0x0) || (SIZEOF (.vector_19) <= (_vector_spacing << 0x5))), function at exception vector 19 too large)

.vector_20      0x9fc01480        0x8
 *(.vector_20)
 .vector_20     0x9fc01480        0x8 c:/program files (x86)/microchip/xc32/v1.42/bin/bin/../../lib/gcc/pic32mx/4.8.3/../../../../pic32mx/lib\libpic32.a(vector20.o)
                0x9fc01480                __vector_dispatch_20
                0x00000001                ASSERT (((_vector_spacing == 0x0) || (SIZEOF (.vector_20) <= (_vector_spacing << 0x5))), function at exception vector 20 too large)

.vector_21      0x9fc014a0        0x8
 *(.vector_21)
 .vector_21     0x9fc014a0        0x8 c:/program files (x86)/microchip/xc32/v1.42/bin/bin/../../lib/gcc/pic32mx/4.8.3/../../../../pic32mx/lib\libpic32.a(vector21.o)
                0x9fc014a0                __vector_dispatch_21
                0x00000001                ASSERT (((_vector_spacing == 0x0) || (SIZEOF (.vector_21) <= (_vector_spacing << 0x5))), function at exception vector 21 too large)

.vector_22      0x9fc014c0        0x8
 *(.vector_22)
 .vector_22     0x9fc014c0        0x8 c:/program files (x86)/microchip/xc32/v1.42/bin/bin/../../lib/gcc/pic32mx/4.8.3/../../../../pic32mx/lib\libpic32.a(vector22.o)
                0x9fc014c0                __vector_dispatch_22
                0x00000001                ASSERT (((_vector_spacing == 0x0) || (SIZEOF (.vector_22) <= (_vector_spacing << 0x5))), function at exception vector 22 too large)

.vector_23      0x9fc014e0        0x8
 *(.vector_23)
 .vector_23     0x9fc014e0        0x8 c:/program files (x86)/microchip/xc32/v1.42/bin/bin/../../lib/gcc/pic32mx/4.8.3/../../../../pic32mx/lib\libpic32.a(vector23.o)
                0x9fc014e0                __vector_dispatch_23
                0x00000001                ASSERT (((_vector_spacing == 0x0) || (SIZEOF (.vector_23) <= (_vector_spacing << 0x5))), function at exception vector 23 too large)

.vector_24      0x9fc01500       0x10
 *(.vector_24)
 .vector_24     0x9fc01500       0x10 build/default/production/_ext/1688732426/system_interrupt_a.o
                0x9fc01500                __vector_dispatch_24
                0x00000001                ASSERT (((_vector_spacing == 0x0) || (SIZEOF (.vector_24) <= (_vector_spacing << 0x5))), function at exception vector 24 too large)

.vector_25      0x9fc01520        0x8
 *(.vector_25)
 .vector_25     0x9fc01520        0x8 c:/program files (x86)/microchip/xc32/v1.42/bin/bin/../../lib/gcc/pic32mx/4.8.3/../../../../pic32mx/lib\libpic32.a(vector25.o)
                0x9fc01520                __vector_dispatch_25
                0x00000001                ASSERT (((_vector_spacing == 0x0) || (SIZEOF (.vector_25) <= (_vector_spacing << 0x5))), function at exception vector 25 too large)

.vector_26      0x9fc01540        0x8
 *(.vector_26)
 .vector_26     0x9fc01540        0x8 c:/program files (x86)/microchip/xc32/v1.42/bin/bin/../../lib/gcc/pic32mx/4.8.3/../../../../pic32mx/lib\libpic32.a(vector26.o)
                0x9fc01540                __vector_dispatch_26
                0x00000001                ASSERT (((_vector_spacing == 0x0) || (SIZEOF (.vector_26) <= (_vector_spacing << 0x5))), function at exception vector 26 too large)

.vector_27      0x9fc01560        0x8
 *(.vector_27)
 .vector_27     0x9fc01560        0x8 c:/program files (x86)/microchip/xc32/v1.42/bin/bin/../../lib/gcc/pic32mx/4.8.3/../../../../pic32mx/lib\libpic32.a(vector27.o)
                0x9fc01560                __vector_dispatch_27
                0x00000001                ASSERT (((_vector_spacing == 0x0) || (SIZEOF (.vector_27) <= (_vector_spacing << 0x5))), function at exception vector 27 too large)

.vector_28      0x9fc01580        0x8
 *(.vector_28)
 .vector_28     0x9fc01580        0x8 c:/program files (x86)/microchip/xc32/v1.42/bin/bin/../../lib/gcc/pic32mx/4.8.3/../../../../pic32mx/lib\libpic32.a(vector28.o)
                0x9fc01580                __vector_dispatch_28
                0x00000001                ASSERT (((_vector_spacing == 0x0) || (SIZEOF (.vector_28) <= (_vector_spacing << 0x5))), function at exception vector 28 too large)

.vector_29      0x9fc015a0        0x8
 *(.vector_29)
 .vector_29     0x9fc015a0        0x8 c:/program files (x86)/microchip/xc32/v1.42/bin/bin/../../lib/gcc/pic32mx/4.8.3/../../../../pic32mx/lib\libpic32.a(vector29.o)
                0x9fc015a0                __vector_dispatch_29
                0x00000001                ASSERT (((_vector_spacing == 0x0) || (SIZEOF (.vector_29) <= (_vector_spacing << 0x5))), function at exception vector 29 too large)

.vector_30      0x9fc015c0        0x8
 *(.vector_30)
 .vector_30     0x9fc015c0        0x8 c:/program files (x86)/microchip/xc32/v1.42/bin/bin/../../lib/gcc/pic32mx/4.8.3/../../../../pic32mx/lib\libpic32.a(vector30.o)
                0x9fc015c0                __vector_dispatch_30
                0x00000001                ASSERT (((_vector_spacing == 0x0) || (SIZEOF (.vector_30) <= (_vector_spacing << 0x5))), function at exception vector 30 too large)

.vector_31      0x9fc015e0        0x8
 *(.vector_31)
 .vector_31     0x9fc015e0        0x8 c:/program files (x86)/microchip/xc32/v1.42/bin/bin/../../lib/gcc/pic32mx/4.8.3/../../../../pic32mx/lib\libpic32.a(vector31.o)
                0x9fc015e0                __vector_dispatch_31
                0x00000001                ASSERT (((_vector_spacing == 0x0) || (SIZEOF (.vector_31) <= (_vector_spacing << 0x5))), function at exception vector 31 too large)

.vector_32      0x9fc01600        0x8
 *(.vector_32)
 .vector_32     0x9fc01600        0x8 c:/program files (x86)/microchip/xc32/v1.42/bin/bin/../../lib/gcc/pic32mx/4.8.3/../../../../pic32mx/lib\libpic32.a(vector32.o)
                0x9fc01600                __vector_dispatch_32
                0x00000001                ASSERT (((_vector_spacing == 0x0) || (SIZEOF (.vector_32) <= (_vector_spacing << 0x5))), function at exception vector 32 too large)

.vector_33      0x9fc01620        0x8
 *(.vector_33)
 .vector_33     0x9fc01620        0x8 c:/program files (x86)/microchip/xc32/v1.42/bin/bin/../../lib/gcc/pic32mx/4.8.3/../../../../pic32mx/lib\libpic32.a(vector33.o)
                0x9fc01620                __vector_dispatch_33
                0x00000001                ASSERT (((_vector_spacing == 0x0) || (SIZEOF (.vector_33) <= (_vector_spacing << 0x5))), function at exception vector 33 too large)

.vector_34      0x9fc01640        0x8
 *(.vector_34)
 .vector_34     0x9fc01640        0x8 c:/program files (x86)/microchip/xc32/v1.42/bin/bin/../../lib/gcc/pic32mx/4.8.3/../../../../pic32mx/lib\libpic32.a(vector34.o)
                0x9fc01640                __vector_dispatch_34
                0x00000001                ASSERT (((_vector_spacing == 0x0) || (SIZEOF (.vector_34) <= (_vector_spacing << 0x5))), function at exception vector 34 too large)

.vector_35      0x9fc01660        0x8
 *(.vector_35)
 .vector_35     0x9fc01660        0x8 c:/program files (x86)/microchip/xc32/v1.42/bin/bin/../../lib/gcc/pic32mx/4.8.3/../../../../pic32mx/lib\libpic32.a(vector35.o)
                0x9fc01660                __vector_dispatch_35
                0x00000001                ASSERT (((_vector_spacing == 0x0) || (SIZEOF (.vector_35) <= (_vector_spacing << 0x5))), function at exception vector 35 too large)

.vector_36      0x9fc01680        0x8
 *(.vector_36)
 .vector_36     0x9fc01680        0x8 c:/program files (x86)/microchip/xc32/v1.42/bin/bin/../../lib/gcc/pic32mx/4.8.3/../../../../pic32mx/lib\libpic32.a(vector36.o)
                0x9fc01680                __vector_dispatch_36
                0x00000001                ASSERT (((_vector_spacing == 0x0) || (SIZEOF (.vector_36) <= (_vector_spacing << 0x5))), function at exception vector 36 too large)

.vector_37      0x9fc016a0        0x8
 *(.vector_37)
 .vector_37     0x9fc016a0        0x8 c:/program files (x86)/microchip/xc32/v1.42/bin/bin/../../lib/gcc/pic32mx/4.8.3/../../../../pic32mx/lib\libpic32.a(vector37.o)
                0x9fc016a0                __vector_dispatch_37
                0x00000001                ASSERT (((_vector_spacing == 0x0) || (SIZEOF (.vector_37) <= (_vector_spacing << 0x5))), function at exception vector 37 too large)

.vector_38      0x9fc016c0        0x8
 *(.vector_38)
 .vector_38     0x9fc016c0        0x8 c:/program files (x86)/microchip/xc32/v1.42/bin/bin/../../lib/gcc/pic32mx/4.8.3/../../../../pic32mx/lib\libpic32.a(vector38.o)
                0x9fc016c0                __vector_dispatch_38
                0x00000001                ASSERT (((_vector_spacing == 0x0) || (SIZEOF (.vector_38) <= (_vector_spacing << 0x5))), function at exception vector 38 too large)

.vector_39      0x9fc016e0        0x8
 *(.vector_39)
 .vector_39     0x9fc016e0        0x8 c:/program files (x86)/microchip/xc32/v1.42/bin/bin/../../lib/gcc/pic32mx/4.8.3/../../../../pic32mx/lib\libpic32.a(vector39.o)
                0x9fc016e0                __vector_dispatch_39
                0x00000001                ASSERT (((_vector_spacing == 0x0) || (SIZEOF (.vector_39) <= (_vector_spacing << 0x5))), function at exception vector 39 too large)

.vector_40      0x9fc01700        0x8
 *(.vector_40)
 .vector_40     0x9fc01700        0x8 c:/program files (x86)/microchip/xc32/v1.42/bin/bin/../../lib/gcc/pic32mx/4.8.3/../../../../pic32mx/lib\libpic32.a(vector40.o)
                0x9fc01700                __vector_dispatch_40
                0x00000001                ASSERT (((_vector_spacing == 0x0) || (SIZEOF (.vector_40) <= (_vector_spacing << 0x5))), function at exception vector 40 too large)

.vector_41      0x9fc01720        0x8
 *(.vector_41)
 .vector_41     0x9fc01720        0x8 c:/program files (x86)/microchip/xc32/v1.42/bin/bin/../../lib/gcc/pic32mx/4.8.3/../../../../pic32mx/lib\libpic32.a(vector41.o)
                0x9fc01720                __vector_dispatch_41
                0x00000001                ASSERT (((_vector_spacing == 0x0) || (SIZEOF (.vector_41) <= (_vector_spacing << 0x5))), function at exception vector 41 too large)

.vector_42      0x9fc01740        0x8
 *(.vector_42)
 .vector_42     0x9fc01740        0x8 c:/program files (x86)/microchip/xc32/v1.42/bin/bin/../../lib/gcc/pic32mx/4.8.3/../../../../pic32mx/lib\libpic32.a(vector42.o)
                0x9fc01740                __vector_dispatch_42
                0x00000001                ASSERT (((_vector_spacing == 0x0) || (SIZEOF (.vector_42) <= (_vector_spacing << 0x5))), function at exception vector 42 too large)

.vector_43      0x9fc01760        0x8
 *(.vector_43)
 .vector_43     0x9fc01760        0x8 c:/program files (x86)/microchip/xc32/v1.42/bin/bin/../../lib/gcc/pic32mx/4.8.3/../../../../pic32mx/lib\libpic32.a(vector43.o)
                0x9fc01760                __vector_dispatch_43
                0x00000001                ASSERT (((_vector_spacing == 0x0) || (SIZEOF (.vector_43) <= (_vector_spacing << 0x5))), function at exception vector 43 too large)

.vector_44      0x9fc01780        0x8
 *(.vector_44)
 .vector_44     0x9fc01780        0x8 c:/program files (x86)/microchip/xc32/v1.42/bin/bin/../../lib/gcc/pic32mx/4.8.3/../../../../pic32mx/lib\libpic32.a(vector44.o)
                0x9fc01780                __vector_dispatch_44
                0x00000001                ASSERT (((_vector_spacing == 0x0) || (SIZEOF (.vector_44) <= (_vector_spacing << 0x5))), function at exception vector 44 too large)

.vector_45      0x9fc017a0        0x8
 *(.vector_45)
 .vector_45     0x9fc017a0        0x8 c:/program files (x86)/microchip/xc32/v1.42/bin/bin/../../lib/gcc/pic32mx/4.8.3/../../../../pic32mx/lib\libpic32.a(vector45.o)
                0x9fc017a0                __vector_dispatch_45
                0x00000001                ASSERT (((_vector_spacing == 0x0) || (SIZEOF (.vector_45) <= (_vector_spacing << 0x5))), function at exception vector 45 too large)

.vector_46      0x9fc017c0        0x8
 *(.vector_46)
 .vector_46     0x9fc017c0        0x8 c:/program files (x86)/microchip/xc32/v1.42/bin/bin/../../lib/gcc/pic32mx/4.8.3/../../../../pic32mx/lib\libpic32.a(vector46.o)
                0x9fc017c0                __vector_dispatch_46
                0x00000001                ASSERT (((_vector_spacing == 0x0) || (SIZEOF (.vector_46) <= (_vector_spacing << 0x5))), function at exception vector 46 too large)

.vector_47      0x9fc017e0        0x8
 *(.vector_47)
 .vector_47     0x9fc017e0        0x8 c:/program files (x86)/microchip/xc32/v1.42/bin/bin/../../lib/gcc/pic32mx/4.8.3/../../../../pic32mx/lib\libpic32.a(vector47.o)
                0x9fc017e0                __vector_dispatch_47
                0x00000001                ASSERT (((_vector_spacing == 0x0) || (SIZEOF (.vector_47) <= (_vector_spacing << 0x5))), function at exception vector 47 too large)

.vector_48      0x9fc01800        0x8
 *(.vector_48)
 .vector_48     0x9fc01800        0x8 c:/program files (x86)/microchip/xc32/v1.42/bin/bin/../../lib/gcc/pic32mx/4.8.3/../../../../pic32mx/lib\libpic32.a(vector48.o)
                0x9fc01800                __vector_dispatch_48
                0x00000001                ASSERT (((_vector_spacing == 0x0) || (SIZEOF (.vector_48) <= (_vector_spacing << 0x5))), function at exception vector 48 too large)

.vector_49      0x9fc01820        0x8
 *(.vector_49)
 .vector_49     0x9fc01820        0x8 c:/program files (x86)/microchip/xc32/v1.42/bin/bin/../../lib/gcc/pic32mx/4.8.3/../../../../pic32mx/lib\libpic32.a(vector49.o)
                0x9fc01820                __vector_dispatch_49
                0x00000001                ASSERT (((_vector_spacing == 0x0) || (SIZEOF (.vector_49) <= (_vector_spacing << 0x5))), function at exception vector 49 too large)

.vector_50      0x9fc01840        0x8
 *(.vector_50)
 .vector_50     0x9fc01840        0x8 c:/program files (x86)/microchip/xc32/v1.42/bin/bin/../../lib/gcc/pic32mx/4.8.3/../../../../pic32mx/lib\libpic32.a(vector50.o)
                0x9fc01840                __vector_dispatch_50
                0x00000001                ASSERT (((_vector_spacing == 0x0) || (SIZEOF (.vector_50) <= (_vector_spacing << 0x5))), function at exception vector 50 too large)

.vector_51      0x9fc01860        0x8
 *(.vector_51)
 .vector_51     0x9fc01860        0x8 c:/program files (x86)/microchip/xc32/v1.42/bin/bin/../../lib/gcc/pic32mx/4.8.3/../../../../pic32mx/lib\libpic32.a(vector51.o)
                0x9fc01860                __vector_dispatch_51
                0x00000001                ASSERT (((_vector_spacing == 0x0) || (SIZEOF (.vector_51) <= (_vector_spacing << 0x5))), function at exception vector 51 too large)

.vector_52      0x9fc01880        0x0
 *(.vector_52)
                0x00000001                ASSERT (((_vector_spacing == 0x0) || (SIZEOF (.vector_52) <= (_vector_spacing << 0x5))), function at exception vector 52 too large)

.vector_53      0x9fc018a0        0x0
 *(.vector_53)
                0x00000001                ASSERT (((_vector_spacing == 0x0) || (SIZEOF (.vector_53) <= (_vector_spacing << 0x5))), function at exception vector 53 too large)

.vector_54      0x9fc018c0        0x0
 *(.vector_54)
                0x00000001                ASSERT (((_vector_spacing == 0x0) || (SIZEOF (.vector_54) <= (_vector_spacing << 0x5))), function at exception vector 54 too large)

.vector_55      0x9fc018e0        0x0
 *(.vector_55)
                0x00000001                ASSERT (((_vector_spacing == 0x0) || (SIZEOF (.vector_55) <= (_vector_spacing << 0x5))), function at exception vector 55 too large)

.vector_56      0x9fc01900        0x0
 *(.vector_56)
                0x00000001                ASSERT (((_vector_spacing == 0x0) || (SIZEOF (.vector_56) <= (_vector_spacing << 0x5))), function at exception vector 56 too large)

.vector_57      0x9fc01920        0x0
 *(.vector_57)
                0x00000001                ASSERT (((_vector_spacing == 0x0) || (SIZEOF (.vector_57) <= (_vector_spacing << 0x5))), function at exception vector 57 too large)

.vector_58      0x9fc01940        0x0
 *(.vector_58)
                0x00000001                ASSERT (((_vector_spacing == 0x0) || (SIZEOF (.vector_58) <= (_vector_spacing << 0x5))), function at exception vector 58 too large)

.vector_59      0x9fc01960        0x0
 *(.vector_59)
                0x00000001                ASSERT (((_vector_spacing == 0x0) || (SIZEOF (.vector_59) <= (_vector_spacing << 0x5))), function at exception vector 59 too large)

.vector_60      0x9fc01980        0x0
 *(.vector_60)
                0x00000001                ASSERT (((_vector_spacing == 0x0) || (SIZEOF (.vector_60) <= (_vector_spacing << 0x5))), function at exception vector 60 too large)

.vector_61      0x9fc019a0        0x0
 *(.vector_61)
                0x00000001                ASSERT (((_vector_spacing == 0x0) || (SIZEOF (.vector_61) <= (_vector_spacing << 0x5))), function at exception vector 61 too large)

.vector_62      0x9fc019c0        0x0
 *(.vector_62)
                0x00000001                ASSERT (((_vector_spacing == 0x0) || (SIZEOF (.vector_62) <= (_vector_spacing << 0x5))), function at exception vector 62 too large)

.vector_63      0x9fc019e0        0x0
 *(.vector_63)
                0x00000001                ASSERT (((_vector_spacing == 0x0) || (SIZEOF (.vector_63) <= (_vector_spacing << 0x5))), function at exception vector 63 too large)

.startup
 *(.startup)

.text           0x9d000000        0x0
 *(.stub .gnu.linkonce.t.*)
 *(.text.*personality*)
 *(.mips16.fn.*)
 *(.mips16.call.*)
 *(.gnu.warning)
                0x9d000000                . = ALIGN (0x4)

.init           0x9d000000        0x0
 *crti.o(.init)
 *crtbegin.o(.init)
 *(EXCLUDE_FILE(*crtn.o *crtend?.o *crtend.o) .init)
 *crtend.o(.init)
 *crtn.o(.init)
                0x9d000000                . = ALIGN (0x4)

.fini           0x9d000000        0x0
 *(.fini)
                0x9d000000                . = ALIGN (0x4)

.preinit_array  0x9d000000        0x0
                0x9d000000                PROVIDE (__preinit_array_start, .)
 *(.preinit_array)
                0x9d000000                PROVIDE (__preinit_array_end, .)
                0x9d000000                . = ALIGN (0x4)

.init_array     0x9d000000        0x0
                0x9d000000                PROVIDE (__init_array_start, .)
 *(SORT(.init_array.*))
 *(.init_array)
                0x9d000000                PROVIDE (__init_array_end, .)
                0x9d000000                . = ALIGN (0x4)

.fini_array     0x9d000000        0x0
                0x9d000000                PROVIDE (__fini_array_start, .)
 *(SORT(.fini_array.*))
 *(.fini_array)
                0x9d000000                PROVIDE (__fini_array_end, .)
                0x9d000000                . = ALIGN (0x4)

.ctors          0x9d000000        0x0
 *crtbegin.o(.ctors)
 *crtbegin?.o(.ctors)
 *(EXCLUDE_FILE(*crtend?.o *crtend.o) .ctors)
 *(SORT(.ctors.*))
 *(.ctors)
                0x9d000000                . = ALIGN (0x4)

.dtors          0x9d000000        0x0
 *crtbegin.o(.dtors)
 *crtbegin?.o(.dtors)
 *(EXCLUDE_FILE(*crtend?.o *crtend.o) .dtors)
 *(SORT(.dtors.*))
 *(.dtors)
                0x9d000000                . = ALIGN (0x4)

.rodata         0x9d000000        0x0
 *(.gnu.linkonce.r.*)
 *(.rodata1)
                0x9d000000                . = ALIGN (0x4)

.sdata2         0x9fc00490        0x0
 *(.sdata2 .sdata2.* .gnu.linkonce.s2.*)
                0x9fc00490                . = ALIGN (0x4)

.sbss2          0x9fc00490        0x0
 *(.sbss2 .sbss2.* .gnu.linkonce.sb2.*)
                0x9fc00490                . = ALIGN (0x4)

.eh_frame_hdr
 *(.eh_frame_hdr)
                0x9fc00490                . = ALIGN (0x4)

.eh_frame
 *(.eh_frame)
                0x9fc00490                . = ALIGN (0x4)

.gcc_except_table
 *(.gcc_except_table .gcc_except_table.*)
                0x9fc00490                . = ALIGN (0x4)

.dbg_data       0xa0000000        0x0
                0xa0000000                . = (. + DEFINED (_DEBUGGER)?0x200:0x0)

.jcr            0xa0000000        0x0
 *(.jcr)
                0xa0000000                . = ALIGN (0x4)

.eh_frame
 *(.eh_frame)
                0xa0000000                . = ALIGN (0x4)

.gcc_except_table
 *(.gcc_except_table .gcc_except_table.*)
                0xa0000000                . = ALIGN (0x4)

.persist        0xa0000000        0x0
                0xa0000000                _persist_begin = .
 *(.persist .persist.*)
 *(.pbss .pbss.*)
                0xa0000000                . = ALIGN (0x4)
                0xa0000000                _persist_end = .

.data           0xa0000000        0x0
 *(.gnu.linkonce.d.*)
 *(.data1)
                0xa0000000                . = ALIGN (0x4)
                0xa0000000                . = .
                0xa0007ff0                _gp = (ALIGN (0x10) + 0x7ff0)

.got            0xa0000000        0x0
 *(.got.plt)
 *(.got)
                0xa0000000                . = ALIGN (0x4)

.sdata          0xa0000000        0x4
                0xa0000000                _sdata_begin = .
 *(.sdata .sdata.* .gnu.linkonce.s.*)
 .sdata         0xa0000000        0x4 build/default/production/_ext/12131622/port.o
                0xa0000000                uxInterruptNesting
                0xa0000004                . = ALIGN (0x4)
                0xa0000004                _sdata_end = .

.lit8
 *(.lit8)

.lit4
 *(.lit4)
                0xa0000004                . = ALIGN (0x4)
                0xa0000004                _data_end = .
                0xa0000004                _bss_begin = .

.sbss           0xa0000004       0x74
                0xa0000004                _sbss_begin = .
 *(.dynsbss)
 *(.sbss .sbss.* .gnu.linkonce.sb.*)
 .sbss          0xa0000004       0x38 build/default/production/_ext/1128951024/tasks.o
                0xa0000038                pxCurrentTCB
 .sbss          0xa000003c        0x8 build/default/production/_ext/1856876499/heap_1.o
 .sbss          0xa0000044        0x4 build/default/production/_ext/12131622/port.o
                0xa0000044                uxSavedTaskStackPointer
 .sbss          0xa0000048        0x1 build/default/production/_ext/1407244131/drv_tmr_static.o
 *fill*         0xa0000049        0x3 
 .sbss          0xa000004c        0xc build/default/production/_ext/1688732426/system_exceptions.o
 *(.scommon)
 .scommon       0xa0000058       0x14 build/default/production/_ext/1360937237/app.o
                0xa0000058                appData
                0xa000005c                checkReceived
                0xa0000060                rxQueue
                0xa0000064                sensorDataI
                0xa0000068                eyesQueue
 .scommon       0xa000006c        0x8 build/default/production/_ext/1271179505/sys_devcon.o
                0xa000006c                sysDevconObj
 .scommon       0xa0000074        0x4 build/default/production/_ext/327000265/drv_usart_static.o
                0xa0000074                gDrvUSART0Obj
                0xa0000078                _sbss_end = .
                0xa0000078                . = ALIGN (0x4)

.bss            0xa0000078        0xc
 *(.dynbss)
 *(COMMON)
 COMMON         0xa0000078        0xc build/default/production/_ext/1688732426/system_init.o
                0xa0000078                sysObj
                0xa0000084                . = ALIGN ((. != 0x0)?0x4:0x1)
                0xa0000084                . = ALIGN (0x4)
                0xa0000084                _end = .
                0xa0000084                _bss_end = .
                0x00020000                _bmxdudba_address = 0x20000
                0x00020000                _bmxdupba_address = 0x20000

/DISCARD/
 *(.pdr)
 *(.rel.dyn)
 *(.note.GNU-stack)
 *(.note.GNU-stack)
 *(.gnu_debuglink)
 *(.gnu.lto_*)
 *(.discard)

.gptab.sdata
 *(.gptab.data)
 *(.gptab.sdata)

.gptab.sbss
 *(.gptab.bss)
 *(.gptab.sbss)

.mdebug.abi32   0xa0000084        0x0
 *(.mdebug.abi32)
 .mdebug.abi32  0xa0000084        0x0 build/default/production/_ext/1360937237/app.o
 .mdebug.abi32  0xa0000084        0x0 build/default/production/_ext/1360937237/main.o
 .mdebug.abi32  0xa0000084        0x0 build/default/production/_ext/1360937237/task_eyes.o
 .mdebug.abi32  0xa0000084        0x0 build/default/production/_ext/24337685/osal_freertos.o
 .mdebug.abi32  0xa0000084        0x0 build/default/production/_ext/1271179505/sys_devcon.o
 .mdebug.abi32  0xa0000084        0x0 build/default/production/_ext/1271179505/sys_devcon_pic32mx.o
 .mdebug.abi32  0xa0000084        0x0 build/default/production/_ext/122796885/sys_int_pic32.o
 .mdebug.abi32  0xa0000084        0x0 build/default/production/_ext/1128951024/croutine.o
 .mdebug.abi32  0xa0000084        0x0 build/default/production/_ext/1128951024/list.o
 .mdebug.abi32  0xa0000084        0x0 build/default/production/_ext/1128951024/queue.o
 .mdebug.abi32  0xa0000084        0x0 build/default/production/_ext/1128951024/tasks.o
 .mdebug.abi32  0xa0000084        0x0 build/default/production/_ext/1128951024/timers.o
 .mdebug.abi32  0xa0000084        0x0 build/default/production/_ext/1128951024/event_groups.o
 .mdebug.abi32  0xa0000084        0x0 build/default/production/_ext/1856876499/heap_1.o
 .mdebug.abi32  0xa0000084        0x0 build/default/production/_ext/12131622/port.o
 .mdebug.abi32  0xa0000084        0x0 build/default/production/_ext/1407244131/drv_tmr_static.o
 .mdebug.abi32  0xa0000084        0x0 build/default/production/_ext/1407244131/drv_tmr_mapping.o
 .mdebug.abi32  0xa0000084        0x0 build/default/production/_ext/327000265/drv_usart_mapping.o
 .mdebug.abi32  0xa0000084        0x0 build/default/production/_ext/327000265/drv_usart_static.o
 .mdebug.abi32  0xa0000084        0x0 build/default/production/_ext/327000265/drv_usart_static_byte_model.o
 .mdebug.abi32  0xa0000084        0x0 build/default/production/_ext/639803181/sys_clk_static.o
 .mdebug.abi32  0xa0000084        0x0 build/default/production/_ext/822048611/sys_ports_static.o
 .mdebug.abi32  0xa0000084        0x0 build/default/production/_ext/1688732426/system_init.o
 .mdebug.abi32  0xa0000084        0x0 build/default/production/_ext/1688732426/system_interrupt.o
 .mdebug.abi32  0xa0000084        0x0 build/default/production/_ext/1688732426/system_exceptions.o
 .mdebug.abi32  0xa0000084        0x0 build/default/production/_ext/1688732426/system_tasks.o
 .mdebug.abi32  0xa0000084        0x0 build/default/production/_ext/1688732426/rtos_hooks.o
 .mdebug.abi32  0xa0000084        0x0 c:/program files (x86)/microchip/xc32/v1.42/bin/bin/../../lib/gcc/pic32mx/4.8.3/../../../../pic32mx/lib\libpic32.a(default-bootstrap-exception-handler.o)
 .mdebug.abi32  0xa0000084        0x0 c:/program files (x86)/microchip/xc32/v1.42/bin/bin/../../lib/gcc/pic32mx/4.8.3/../../../../pic32mx/lib\libpic32.a(default-on-reset.o)
 .mdebug.abi32  0xa0000084        0x0 c:/program files (x86)/microchip/xc32/v1.42/bin/bin/../../lib/gcc/pic32mx/4.8.3/../../../../pic32mx/lib\libpic32.a(default-on-bootstrap.o)
 .mdebug.abi32  0xa0000084        0x0 c:/program files (x86)/microchip/xc32/v1.42/bin/bin/../../lib/gcc/pic32mx/4.8.3/../../../../pic32mx/lib\libpic32.a(defaultinterrupt.o)

.mdebug.abiN32
 *(.mdebug.abiN32)

.mdebug.abi64
 *(.mdebug.abi64)

.mdebug.abiO64
 *(.mdebug.abiO64)

.mdebug.eabi32
 *(.mdebug.eabi32)

.mdebug.eabi64
 *(.mdebug.eabi64)

.gcc_compiled_long32
 *(.gcc_compiled_long32)

.gcc_compiled_long64
 *(.gcc_compiled_long64)

.stab
 *(.stab)

.stabstr
 *(.stabstr)

.stab.excl
 *(.stab.excl)

.stab.exclstr
 *(.stab.exclstr)

.stab.index
 *(.stab.index)

.stab.indexstr
 *(.stab.indexstr)

.comment        0x00000000       0x54
 *(.comment)
 .comment       0x00000000       0x3c build/default/production/_ext/1360937237/app.o
                                 0x3d (size before relaxing)
 .comment       0x00000000       0x3d build/default/production/_ext/1360937237/main.o
 .comment       0x00000000       0x3d build/default/production/_ext/1360937237/task_eyes.o
 .comment       0x00000000       0x3d build/default/production/_ext/24337685/osal_freertos.o
 .comment       0x00000000       0x3d build/default/production/_ext/1271179505/sys_devcon.o
 .comment       0x00000000       0x3d build/default/production/_ext/1271179505/sys_devcon_pic32mx.o
 .comment       0x00000000       0x3d build/default/production/_ext/122796885/sys_int_pic32.o
 .comment       0x00000000       0x3d build/default/production/_ext/1128951024/croutine.o
 .comment       0x00000000       0x3d build/default/production/_ext/1128951024/list.o
 .comment       0x00000000       0x3d build/default/production/_ext/1128951024/queue.o
 .comment       0x00000000       0x3d build/default/production/_ext/1128951024/tasks.o
 .comment       0x00000000       0x3d build/default/production/_ext/1128951024/timers.o
 .comment       0x00000000       0x3d build/default/production/_ext/1128951024/event_groups.o
 .comment       0x00000000       0x3d build/default/production/_ext/1856876499/heap_1.o
 .comment       0x00000000       0x3d build/default/production/_ext/12131622/port.o
 .comment       0x00000000       0x3d build/default/production/_ext/1407244131/drv_tmr_static.o
 .comment       0x00000000       0x3d build/default/production/_ext/1407244131/drv_tmr_mapping.o
 .comment       0x00000000       0x3d build/default/production/_ext/327000265/drv_usart_mapping.o
 .comment       0x00000000       0x3d build/default/production/_ext/327000265/drv_usart_static.o
 .comment       0x00000000       0x3d build/default/production/_ext/327000265/drv_usart_static_byte_model.o
 .comment       0x00000000       0x3d build/default/production/_ext/639803181/sys_clk_static.o
 .comment       0x00000000       0x3d build/default/production/_ext/822048611/sys_ports_static.o
 .comment       0x00000000       0x3d build/default/production/_ext/1688732426/system_init.o
 .comment       0x00000000       0x3d build/default/production/_ext/1688732426/system_interrupt.o
 .comment       0x00000000       0x3d build/default/production/_ext/1688732426/system_exceptions.o
 .comment       0x00000000       0x3d build/default/production/_ext/1688732426/system_tasks.o
 .comment       0x00000000       0x3d build/default/production/_ext/1688732426/rtos_hooks.o
 .comment       0x0000003c       0x18 c:/program files (x86)/microchip/xc32/v1.42/bin/bin/../../lib/gcc/pic32mx/4.8.3/../../../../pic32mx/lib\libpic32.a(memset.o)
                                 0x19 (size before relaxing)
 .comment       0x00000000       0x3d c:/program files (x86)/microchip/xc32/v1.42/bin/bin/../../lib/gcc/pic32mx/4.8.3/../../../../pic32mx/lib\libpic32.a(default-bootstrap-exception-handler.o)
 .comment       0x00000000       0x3d c:/program files (x86)/microchip/xc32/v1.42/bin/bin/../../lib/gcc/pic32mx/4.8.3/../../../../pic32mx/lib\libpic32.a(default-on-reset.o)
 .comment       0x00000000       0x3d c:/program files (x86)/microchip/xc32/v1.42/bin/bin/../../lib/gcc/pic32mx/4.8.3/../../../../pic32mx/lib\libpic32.a(default-on-bootstrap.o)
 .comment       0x00000000       0x3d c:/program files (x86)/microchip/xc32/v1.42/bin/bin/../../lib/gcc/pic32mx/4.8.3/../../../../pic32mx/lib\libpic32.a(defaultinterrupt.o)

.debug
 *(.debug)

.line
 *(.line)

.debug_srcinfo
 *(.debug_srcinfo)

.debug_sfnames
 *(.debug_sfnames)

.debug_aranges  0x00000000      0xb10
 *(.debug_aranges)
 .debug_aranges
                0x00000000       0x30 build/default/production/_ext/1360937237/app.o
 .debug_aranges
                0x00000030       0x20 build/default/production/_ext/1360937237/main.o
 .debug_aranges
                0x00000050       0x30 build/default/production/_ext/1360937237/task_eyes.o
 .debug_aranges
                0x00000080       0x88 build/default/production/_ext/24337685/osal_freertos.o
 .debug_aranges
                0x00000108       0x78 build/default/production/_ext/1271179505/sys_devcon.o
 .debug_aranges
                0x00000180       0x20 build/default/production/_ext/1271179505/sys_devcon_pic32mx.o
 .debug_aranges
                0x000001a0       0x48 build/default/production/_ext/122796885/sys_int_pic32.o
 .debug_aranges
                0x000001e8       0x18 build/default/production/_ext/1128951024/croutine.o
 .debug_aranges
                0x00000200       0x40 build/default/production/_ext/1128951024/list.o
 .debug_aranges
                0x00000240       0xb0 build/default/production/_ext/1128951024/queue.o
 .debug_aranges
                0x000002f0      0x170 build/default/production/_ext/1128951024/tasks.o
 .debug_aranges
                0x00000460       0x18 build/default/production/_ext/1128951024/timers.o
 .debug_aranges
                0x00000478       0x60 build/default/production/_ext/1128951024/event_groups.o
 .debug_aranges
                0x000004d8       0x38 build/default/production/_ext/1856876499/heap_1.o
 .debug_aranges
                0x00000510       0x58 build/default/production/_ext/12131622/port.o
 .debug_aranges
                0x00000568       0x20 build/default/production/_ext/12131622/port_asm.o
 .debug_aranges
                0x00000588       0x88 build/default/production/_ext/1407244131/drv_tmr_static.o
 .debug_aranges
                0x00000610       0xc8 build/default/production/_ext/1407244131/drv_tmr_mapping.o
 .debug_aranges
                0x000006d8       0xa8 build/default/production/_ext/327000265/drv_usart_mapping.o
 .debug_aranges
                0x00000780       0x78 build/default/production/_ext/327000265/drv_usart_static.o
 .debug_aranges
                0x000007f8       0x48 build/default/production/_ext/327000265/drv_usart_static_byte_model.o
 .debug_aranges
                0x00000840       0x50 build/default/production/_ext/639803181/sys_clk_static.o
 .debug_aranges
                0x00000890      0x108 build/default/production/_ext/822048611/sys_ports_static.o
 .debug_aranges
                0x00000998       0x20 build/default/production/_ext/1688732426/system_init.o
 .debug_aranges
                0x000009b8       0x28 build/default/production/_ext/1688732426/system_interrupt.o
 .debug_aranges
                0x000009e0       0x20 build/default/production/_ext/1688732426/system_exceptions.o
 .debug_aranges
                0x00000a00       0x30 build/default/production/_ext/1688732426/system_tasks.o
 .debug_aranges
                0x00000a30       0x38 build/default/production/_ext/1688732426/system_interrupt_a.o
 .debug_aranges
                0x00000a68       0x28 build/default/production/_ext/1688732426/rtos_hooks.o
 .debug_aranges
                0x00000a90       0x20 c:/program files (x86)/microchip/xc32/v1.42/bin/bin/../../lib/gcc/pic32mx/4.8.3/../../../../pic32mx/lib\libpic32.a(default-bootstrap-exception-handler.o)
 .debug_aranges
                0x00000ab0       0x20 c:/program files (x86)/microchip/xc32/v1.42/bin/bin/../../lib/gcc/pic32mx/4.8.3/../../../../pic32mx/lib\libpic32.a(default-on-reset.o)
 .debug_aranges
                0x00000ad0       0x20 c:/program files (x86)/microchip/xc32/v1.42/bin/bin/../../lib/gcc/pic32mx/4.8.3/../../../../pic32mx/lib\libpic32.a(default-on-bootstrap.o)
 .debug_aranges
                0x00000af0       0x20 c:/program files (x86)/microchip/xc32/v1.42/bin/bin/../../lib/gcc/pic32mx/4.8.3/../../../../pic32mx/lib\libpic32.a(defaultinterrupt.o)

.debug_pubnames
 *(.debug_pubnames)

.debug_info     0x00000000    0x21dc2
 *(.debug_info .gnu.linkonce.wi.*)
 .debug_info    0x00000000     0x1961 build/default/production/_ext/1360937237/app.o
 .debug_info    0x00001961      0x1ad build/default/production/_ext/1360937237/main.o
 .debug_info    0x00001b0e      0x33e build/default/production/_ext/1360937237/task_eyes.o
 .debug_info    0x00001e4c      0xa91 build/default/production/_ext/24337685/osal_freertos.o
 .debug_info    0x000028dd     0x1151 build/default/production/_ext/1271179505/sys_devcon.o
 .debug_info    0x00003a2e      0xd42 build/default/production/_ext/1271179505/sys_devcon_pic32mx.o
 .debug_info    0x00004770     0x15a9 build/default/production/_ext/122796885/sys_int_pic32.o
 .debug_info    0x00005d19      0x172 build/default/production/_ext/1128951024/croutine.o
 .debug_info    0x00005e8b      0x462 build/default/production/_ext/1128951024/list.o
 .debug_info    0x000062ed     0x1732 build/default/production/_ext/1128951024/queue.o
 .debug_info    0x00007a1f     0x28cd build/default/production/_ext/1128951024/tasks.o
 .debug_info    0x0000a2ec      0x170 build/default/production/_ext/1128951024/timers.o
 .debug_info    0x0000a45c      0xd44 build/default/production/_ext/1128951024/event_groups.o
 .debug_info    0x0000b1a0      0x376 build/default/production/_ext/1856876499/heap_1.o
 .debug_info    0x0000b516     0x11a1 build/default/production/_ext/12131622/port.o
 .debug_info    0x0000c6b7       0xc0 build/default/production/_ext/12131622/port_asm.o
 .debug_info    0x0000c777     0x33c9 build/default/production/_ext/1407244131/drv_tmr_static.o
 .debug_info    0x0000fb40     0x1072 build/default/production/_ext/1407244131/drv_tmr_mapping.o
 .debug_info    0x00010bb2     0x18cb build/default/production/_ext/327000265/drv_usart_mapping.o
 .debug_info    0x0001247d     0x3ae1 build/default/production/_ext/327000265/drv_usart_static.o
 .debug_info    0x00015f5e     0x1c71 build/default/production/_ext/327000265/drv_usart_static_byte_model.o
 .debug_info    0x00017bcf     0x15a5 build/default/production/_ext/639803181/sys_clk_static.o
 .debug_info    0x00019174     0x400b build/default/production/_ext/822048611/sys_ports_static.o
 .debug_info    0x0001d17f     0x186f build/default/production/_ext/1688732426/system_init.o
 .debug_info    0x0001e9ee     0x1697 build/default/production/_ext/1688732426/system_interrupt.o
 .debug_info    0x00020085      0xae2 build/default/production/_ext/1688732426/system_exceptions.o
 .debug_info    0x00020b67      0xbe3 build/default/production/_ext/1688732426/system_tasks.o
 .debug_info    0x0002174a       0x9f build/default/production/_ext/1688732426/system_interrupt_a.o
 .debug_info    0x000217e9      0x255 build/default/production/_ext/1688732426/rtos_hooks.o
 .debug_info    0x00021a3e       0xf5 c:/program files (x86)/microchip/xc32/v1.42/bin/bin/../../lib/gcc/pic32mx/4.8.3/../../../../pic32mx/lib\libpic32.a(default-bootstrap-exception-handler.o)
 .debug_info    0x00021b33       0xcf c:/program files (x86)/microchip/xc32/v1.42/bin/bin/../../lib/gcc/pic32mx/4.8.3/../../../../pic32mx/lib\libpic32.a(default-on-reset.o)
 .debug_info    0x00021c02       0xd7 c:/program files (x86)/microchip/xc32/v1.42/bin/bin/../../lib/gcc/pic32mx/4.8.3/../../../../pic32mx/lib\libpic32.a(default-on-bootstrap.o)
 .debug_info    0x00021cd9       0xe9 c:/program files (x86)/microchip/xc32/v1.42/bin/bin/../../lib/gcc/pic32mx/4.8.3/../../../../pic32mx/lib\libpic32.a(defaultinterrupt.o)

.debug_abbrev   0x00000000     0x336c
 *(.debug_abbrev)
 .debug_abbrev  0x00000000      0x244 build/default/production/_ext/1360937237/app.o
 .debug_abbrev  0x00000244       0x93 build/default/production/_ext/1360937237/main.o
 .debug_abbrev  0x000002d7      0x11a build/default/production/_ext/1360937237/task_eyes.o
 .debug_abbrev  0x000003f1      0x1fe build/default/production/_ext/24337685/osal_freertos.o
 .debug_abbrev  0x000005ef      0x26d build/default/production/_ext/1271179505/sys_devcon.o
 .debug_abbrev  0x0000085c      0x16d build/default/production/_ext/1271179505/sys_devcon_pic32mx.o
 .debug_abbrev  0x000009c9      0x1d0 build/default/production/_ext/122796885/sys_int_pic32.o
 .debug_abbrev  0x00000b99       0x1b build/default/production/_ext/1128951024/croutine.o
 .debug_abbrev  0x00000bb4       0xf1 build/default/production/_ext/1128951024/list.o
 .debug_abbrev  0x00000ca5      0x2c4 build/default/production/_ext/1128951024/queue.o
 .debug_abbrev  0x00000f69      0x35a build/default/production/_ext/1128951024/tasks.o
 .debug_abbrev  0x000012c3       0x1b build/default/production/_ext/1128951024/timers.o
 .debug_abbrev  0x000012de      0x29a build/default/production/_ext/1128951024/event_groups.o
 .debug_abbrev  0x00001578      0x13f build/default/production/_ext/1856876499/heap_1.o
 .debug_abbrev  0x000016b7      0x2cf build/default/production/_ext/12131622/port.o
 .debug_abbrev  0x00001986       0x14 build/default/production/_ext/12131622/port_asm.o
 .debug_abbrev  0x0000199a      0x314 build/default/production/_ext/1407244131/drv_tmr_static.o
 .debug_abbrev  0x00001cae      0x24a build/default/production/_ext/1407244131/drv_tmr_mapping.o
 .debug_abbrev  0x00001ef8      0x221 build/default/production/_ext/327000265/drv_usart_mapping.o
 .debug_abbrev  0x00002119      0x393 build/default/production/_ext/327000265/drv_usart_static.o
 .debug_abbrev  0x000024ac      0x240 build/default/production/_ext/327000265/drv_usart_static_byte_model.o
 .debug_abbrev  0x000026ec      0x27b build/default/production/_ext/639803181/sys_clk_static.o
 .debug_abbrev  0x00002967      0x22b build/default/production/_ext/822048611/sys_ports_static.o
 .debug_abbrev  0x00002b92      0x2c1 build/default/production/_ext/1688732426/system_init.o
 .debug_abbrev  0x00002e53      0x1de build/default/production/_ext/1688732426/system_interrupt.o
 .debug_abbrev  0x00003031       0xa9 build/default/production/_ext/1688732426/system_exceptions.o
 .debug_abbrev  0x000030da      0x149 build/default/production/_ext/1688732426/system_tasks.o
 .debug_abbrev  0x00003223       0x12 build/default/production/_ext/1688732426/system_interrupt_a.o
 .debug_abbrev  0x00003235       0x97 build/default/production/_ext/1688732426/rtos_hooks.o
 .debug_abbrev  0x000032cc       0x28 c:/program files (x86)/microchip/xc32/v1.42/bin/bin/../../lib/gcc/pic32mx/4.8.3/../../../../pic32mx/lib\libpic32.a(default-bootstrap-exception-handler.o)
 .debug_abbrev  0x000032f4       0x28 c:/program files (x86)/microchip/xc32/v1.42/bin/bin/../../lib/gcc/pic32mx/4.8.3/../../../../pic32mx/lib\libpic32.a(default-on-reset.o)
 .debug_abbrev  0x0000331c       0x28 c:/program files (x86)/microchip/xc32/v1.42/bin/bin/../../lib/gcc/pic32mx/4.8.3/../../../../pic32mx/lib\libpic32.a(default-on-bootstrap.o)
 .debug_abbrev  0x00003344       0x28 c:/program files (x86)/microchip/xc32/v1.42/bin/bin/../../lib/gcc/pic32mx/4.8.3/../../../../pic32mx/lib\libpic32.a(defaultinterrupt.o)

.debug_line     0x00000000     0x6b96
 *(.debug_line)
 .debug_line    0x00000000      0x4e0 build/default/production/_ext/1360937237/app.o
 .debug_line    0x000004e0       0xbc build/default/production/_ext/1360937237/main.o
 .debug_line    0x0000059c      0x1b6 build/default/production/_ext/1360937237/task_eyes.o
 .debug_line    0x00000752      0x2c4 build/default/production/_ext/24337685/osal_freertos.o
 .debug_line    0x00000a16      0x5e7 build/default/production/_ext/1271179505/sys_devcon.o
 .debug_line    0x00000ffd      0x48f build/default/production/_ext/1271179505/sys_devcon_pic32mx.o
 .debug_line    0x0000148c      0x39e build/default/production/_ext/122796885/sys_int_pic32.o
 .debug_line    0x0000182a       0x1d build/default/production/_ext/1128951024/croutine.o
 .debug_line    0x00001847      0x1e5 build/default/production/_ext/1128951024/list.o
 .debug_line    0x00001a2c      0x48f build/default/production/_ext/1128951024/queue.o
 .debug_line    0x00001ebb      0x7d8 build/default/production/_ext/1128951024/tasks.o
 .debug_line    0x00002693       0x1d build/default/production/_ext/1128951024/timers.o
 .debug_line    0x000026b0      0x32a build/default/production/_ext/1128951024/event_groups.o
 .debug_line    0x000029da      0x21f build/default/production/_ext/1856876499/heap_1.o
 .debug_line    0x00002bf9      0x240 build/default/production/_ext/12131622/port.o
 .debug_line    0x00002e39      0x102 build/default/production/_ext/12131622/port_asm.o
 .debug_line    0x00002f3b      0x704 build/default/production/_ext/1407244131/drv_tmr_static.o
 .debug_line    0x0000363f      0x4a2 build/default/production/_ext/1407244131/drv_tmr_mapping.o
 .debug_line    0x00003ae1      0x447 build/default/production/_ext/327000265/drv_usart_mapping.o
 .debug_line    0x00003f28      0x879 build/default/production/_ext/327000265/drv_usart_static.o
 .debug_line    0x000047a1      0x4db build/default/production/_ext/327000265/drv_usart_static_byte_model.o
 .debug_line    0x00004c7c      0x41e build/default/production/_ext/639803181/sys_clk_static.o
 .debug_line    0x0000509a      0x7f0 build/default/production/_ext/822048611/sys_ports_static.o
 .debug_line    0x0000588a      0x5bd build/default/production/_ext/1688732426/system_init.o
 .debug_line    0x00005e47      0x445 build/default/production/_ext/1688732426/system_interrupt.o
 .debug_line    0x0000628c      0x18c build/default/production/_ext/1688732426/system_exceptions.o
 .debug_line    0x00006418      0x311 build/default/production/_ext/1688732426/system_tasks.o
 .debug_line    0x00006729       0xa5 build/default/production/_ext/1688732426/system_interrupt_a.o
 .debug_line    0x000067ce      0x147 build/default/production/_ext/1688732426/rtos_hooks.o
 .debug_line    0x00006915       0xa9 c:/program files (x86)/microchip/xc32/v1.42/bin/bin/../../lib/gcc/pic32mx/4.8.3/../../../../pic32mx/lib\libpic32.a(default-bootstrap-exception-handler.o)
 .debug_line    0x000069be       0x96 c:/program files (x86)/microchip/xc32/v1.42/bin/bin/../../lib/gcc/pic32mx/4.8.3/../../../../pic32mx/lib\libpic32.a(default-on-reset.o)
 .debug_line    0x00006a54       0x9a c:/program files (x86)/microchip/xc32/v1.42/bin/bin/../../lib/gcc/pic32mx/4.8.3/../../../../pic32mx/lib\libpic32.a(default-on-bootstrap.o)
 .debug_line    0x00006aee       0xa8 c:/program files (x86)/microchip/xc32/v1.42/bin/bin/../../lib/gcc/pic32mx/4.8.3/../../../../pic32mx/lib\libpic32.a(defaultinterrupt.o)

.debug_frame    0x00000000     0x178c
 *(.debug_frame)
 .debug_frame   0x00000000       0x58 build/default/production/_ext/1360937237/app.o
 .debug_frame   0x00000058       0x28 build/default/production/_ext/1360937237/main.o
 .debug_frame   0x00000080       0x48 build/default/production/_ext/1360937237/task_eyes.o
 .debug_frame   0x000000c8      0x150 build/default/production/_ext/24337685/osal_freertos.o
 .debug_frame   0x00000218       0xe8 build/default/production/_ext/1271179505/sys_devcon.o
 .debug_frame   0x00000300       0x28 build/default/production/_ext/1271179505/sys_devcon_pic32mx.o
 .debug_frame   0x00000328       0x90 build/default/production/_ext/122796885/sys_int_pic32.o
 .debug_frame   0x000003b8       0x60 build/default/production/_ext/1128951024/list.o
 .debug_frame   0x00000418      0x214 build/default/production/_ext/1128951024/queue.o
 .debug_frame   0x0000062c      0x444 build/default/production/_ext/1128951024/tasks.o
 .debug_frame   0x00000a70      0x108 build/default/production/_ext/1128951024/event_groups.o
 .debug_frame   0x00000b78       0x5c build/default/production/_ext/1856876499/heap_1.o
 .debug_frame   0x00000bd4       0xc0 build/default/production/_ext/12131622/port.o
 .debug_frame   0x00000c94       0xf8 build/default/production/_ext/1407244131/drv_tmr_static.o
 .debug_frame   0x00000d8c      0x210 build/default/production/_ext/1407244131/drv_tmr_mapping.o
 .debug_frame   0x00000f9c      0x238 build/default/production/_ext/327000265/drv_usart_mapping.o
 .debug_frame   0x000011d4       0xfc build/default/production/_ext/327000265/drv_usart_static.o
 .debug_frame   0x000012d0       0x78 build/default/production/_ext/327000265/drv_usart_static_byte_model.o
 .debug_frame   0x00001348       0xa0 build/default/production/_ext/639803181/sys_clk_static.o
 .debug_frame   0x000013e8      0x1f0 build/default/production/_ext/822048611/sys_ports_static.o
 .debug_frame   0x000015d8       0x28 build/default/production/_ext/1688732426/system_init.o
 .debug_frame   0x00001600       0x40 build/default/production/_ext/1688732426/system_interrupt.o
 .debug_frame   0x00001640       0x28 build/default/production/_ext/1688732426/system_exceptions.o
 .debug_frame   0x00001668       0x58 build/default/production/_ext/1688732426/system_tasks.o
 .debug_frame   0x000016c0       0x40 build/default/production/_ext/1688732426/rtos_hooks.o
 .debug_frame   0x00001700       0x2c c:/program files (x86)/microchip/xc32/v1.42/bin/bin/../../lib/gcc/pic32mx/4.8.3/../../../../pic32mx/lib\libpic32.a(default-bootstrap-exception-handler.o)
 .debug_frame   0x0000172c       0x20 c:/program files (x86)/microchip/xc32/v1.42/bin/bin/../../lib/gcc/pic32mx/4.8.3/../../../../pic32mx/lib\libpic32.a(default-on-reset.o)
 .debug_frame   0x0000174c       0x20 c:/program files (x86)/microchip/xc32/v1.42/bin/bin/../../lib/gcc/pic32mx/4.8.3/../../../../pic32mx/lib\libpic32.a(default-on-bootstrap.o)
 .debug_frame   0x0000176c       0x20 c:/program files (x86)/microchip/xc32/v1.42/bin/bin/../../lib/gcc/pic32mx/4.8.3/../../../../pic32mx/lib\libpic32.a(defaultinterrupt.o)

.debug_str      0x00000000      0x6a8
 *(.debug_str)
 .debug_str     0x00000000        0x0 build/default/production/_ext/1360937237/app.o
 .debug_str     0x00000000        0x0 build/default/production/_ext/1360937237/main.o
 .debug_str     0x00000000        0x0 build/default/production/_ext/1360937237/task_eyes.o
 .debug_str     0x00000000       0x40 build/default/production/_ext/24337685/osal_freertos.o
 .debug_str     0x00000040       0x16 build/default/production/_ext/1271179505/sys_devcon.o
 .debug_str     0x00000056        0x6 build/default/production/_ext/1271179505/sys_devcon_pic32mx.o
 .debug_str     0x0000005c       0x2d build/default/production/_ext/122796885/sys_int_pic32.o
 .debug_str     0x00000089        0x0 build/default/production/_ext/1128951024/croutine.o
 .debug_str     0x00000089       0x2b build/default/production/_ext/1128951024/list.o
 .debug_str     0x000000b4       0xf1 build/default/production/_ext/1128951024/queue.o
 .debug_str     0x000001a5      0x191 build/default/production/_ext/1128951024/tasks.o
 .debug_str     0x00000336        0x0 build/default/production/_ext/1128951024/timers.o
 .debug_str     0x00000336       0xe6 build/default/production/_ext/1128951024/event_groups.o
 .debug_str     0x0000041c       0x1d build/default/production/_ext/1856876499/heap_1.o
 .debug_str     0x00000439       0x37 build/default/production/_ext/12131622/port.o
 .debug_str     0x00000470       0x4d build/default/production/_ext/1407244131/drv_tmr_static.o
 .debug_str     0x000004bd        0x7 build/default/production/_ext/1407244131/drv_tmr_mapping.o
 .debug_str     0x000004c4       0x23 build/default/production/_ext/327000265/drv_usart_mapping.o
 .debug_str     0x000004e7       0xe2 build/default/production/_ext/327000265/drv_usart_static.o
 .debug_str     0x000005c9       0x12 build/default/production/_ext/327000265/drv_usart_static_byte_model.o
 .debug_str     0x000005db       0x39 build/default/production/_ext/639803181/sys_clk_static.o
 .debug_str     0x00000614       0x55 build/default/production/_ext/822048611/sys_ports_static.o
 .debug_str     0x00000669       0x36 build/default/production/_ext/1688732426/system_init.o
 .debug_str     0x0000069f        0x0 build/default/production/_ext/1688732426/system_interrupt.o
 .debug_str     0x0000069f        0x0 build/default/production/_ext/1688732426/system_exceptions.o
 .debug_str     0x0000069f        0x0 build/default/production/_ext/1688732426/system_tasks.o
 .debug_str     0x0000069f        0x9 build/default/production/_ext/1688732426/rtos_hooks.o
 .debug_str     0x000006a8        0x0 c:/program files (x86)/microchip/xc32/v1.42/bin/bin/../../lib/gcc/pic32mx/4.8.3/../../../../pic32mx/lib\libpic32.a(default-bootstrap-exception-handler.o)
 .debug_str     0x000006a8        0x0 c:/program files (x86)/microchip/xc32/v1.42/bin/bin/../../lib/gcc/pic32mx/4.8.3/../../../../pic32mx/lib\libpic32.a(default-on-reset.o)
 .debug_str     0x000006a8        0x0 c:/program files (x86)/microchip/xc32/v1.42/bin/bin/../../lib/gcc/pic32mx/4.8.3/../../../../pic32mx/lib\libpic32.a(default-on-bootstrap.o)
 .debug_str     0x000006a8        0x0 c:/program files (x86)/microchip/xc32/v1.42/bin/bin/../../lib/gcc/pic32mx/4.8.3/../../../../pic32mx/lib\libpic32.a(defaultinterrupt.o)

.debug_loc      0x00000000     0x5553
 *(.debug_loc)
 .debug_loc     0x00000000       0x32 build/default/production/_ext/1360937237/app.o
 .debug_loc     0x00000032       0xda build/default/production/_ext/1360937237/task_eyes.o
 .debug_loc     0x0000010c      0x40c build/default/production/_ext/24337685/osal_freertos.o
 .debug_loc     0x00000518       0xf0 build/default/production/_ext/1271179505/sys_devcon.o
 .debug_loc     0x00000608       0xec build/default/production/_ext/1271179505/sys_devcon_pic32mx.o
 .debug_loc     0x000006f4       0x8d build/default/production/_ext/122796885/sys_int_pic32.o
 .debug_loc     0x00000781       0x31 build/default/production/_ext/1128951024/list.o
 .debug_loc     0x000007b2      0xc93 build/default/production/_ext/1128951024/queue.o
 .debug_loc     0x00001445     0x152a build/default/production/_ext/1128951024/tasks.o
 .debug_loc     0x0000296f      0x8ea build/default/production/_ext/1128951024/event_groups.o
 .debug_loc     0x00003259       0x49 build/default/production/_ext/1856876499/heap_1.o
 .debug_loc     0x000032a2       0xea build/default/production/_ext/12131622/port.o
 .debug_loc     0x0000338c      0x305 build/default/production/_ext/1407244131/drv_tmr_static.o
 .debug_loc     0x00003691      0x2f4 build/default/production/_ext/1407244131/drv_tmr_mapping.o
 .debug_loc     0x00003985      0x69f build/default/production/_ext/327000265/drv_usart_mapping.o
 .debug_loc     0x00004024      0x575 build/default/production/_ext/327000265/drv_usart_static.o
 .debug_loc     0x00004599       0x4d build/default/production/_ext/327000265/drv_usart_static_byte_model.o
 .debug_loc     0x000045e6       0x49 build/default/production/_ext/639803181/sys_clk_static.o
 .debug_loc     0x0000462f      0xecf build/default/production/_ext/822048611/sys_ports_static.o
 .debug_loc     0x000054fe       0x21 build/default/production/_ext/1688732426/system_init.o
 .debug_loc     0x0000551f       0x34 build/default/production/_ext/1688732426/rtos_hooks.o

.debug_macinfo
 *(.debug_macinfo)

.debug_weaknames
 *(.debug_weaknames)

.debug_funcnames
 *(.debug_funcnames)

.debug_typenames
 *(.debug_typenames)

.debug_varnames
 *(.debug_varnames)

.debug_pubtypes
 *(.debug_pubtypes)

.debug_ranges   0x00000000      0x9d8
 *(.debug_ranges)
 .debug_ranges  0x00000000       0x20 build/default/production/_ext/1360937237/app.o
 .debug_ranges  0x00000020       0x10 build/default/production/_ext/1360937237/main.o
 .debug_ranges  0x00000030       0x20 build/default/production/_ext/1360937237/task_eyes.o
 .debug_ranges  0x00000050       0x78 build/default/production/_ext/24337685/osal_freertos.o
 .debug_ranges  0x000000c8       0x68 build/default/production/_ext/1271179505/sys_devcon.o
 .debug_ranges  0x00000130       0x10 build/default/production/_ext/1271179505/sys_devcon_pic32mx.o
 .debug_ranges  0x00000140       0x50 build/default/production/_ext/122796885/sys_int_pic32.o
 .debug_ranges  0x00000190       0x30 build/default/production/_ext/1128951024/list.o
 .debug_ranges  0x000001c0       0xa0 build/default/production/_ext/1128951024/queue.o
 .debug_ranges  0x00000260      0x1a8 build/default/production/_ext/1128951024/tasks.o
 .debug_ranges  0x00000408       0x98 build/default/production/_ext/1128951024/event_groups.o
 .debug_ranges  0x000004a0       0x28 build/default/production/_ext/1856876499/heap_1.o
 .debug_ranges  0x000004c8       0x48 build/default/production/_ext/12131622/port.o
 .debug_ranges  0x00000510       0x90 build/default/production/_ext/1407244131/drv_tmr_static.o
 .debug_ranges  0x000005a0       0xb8 build/default/production/_ext/1407244131/drv_tmr_mapping.o
 .debug_ranges  0x00000658       0x98 build/default/production/_ext/327000265/drv_usart_mapping.o
 .debug_ranges  0x000006f0       0x98 build/default/production/_ext/327000265/drv_usart_static.o
 .debug_ranges  0x00000788       0x38 build/default/production/_ext/327000265/drv_usart_static_byte_model.o
 .debug_ranges  0x000007c0       0x40 build/default/production/_ext/639803181/sys_clk_static.o
 .debug_ranges  0x00000800       0xf8 build/default/production/_ext/822048611/sys_ports_static.o
 .debug_ranges  0x000008f8       0x10 build/default/production/_ext/1688732426/system_init.o
 .debug_ranges  0x00000908       0x18 build/default/production/_ext/1688732426/system_interrupt.o
 .debug_ranges  0x00000920       0x10 build/default/production/_ext/1688732426/system_exceptions.o
 .debug_ranges  0x00000930       0x20 build/default/production/_ext/1688732426/system_tasks.o
 .debug_ranges  0x00000950       0x30 build/default/production/_ext/1688732426/system_interrupt_a.o
 .debug_ranges  0x00000980       0x18 build/default/production/_ext/1688732426/rtos_hooks.o
 .debug_ranges  0x00000998       0x10 c:/program files (x86)/microchip/xc32/v1.42/bin/bin/../../lib/gcc/pic32mx/4.8.3/../../../../pic32mx/lib\libpic32.a(default-bootstrap-exception-handler.o)
 .debug_ranges  0x000009a8       0x10 c:/program files (x86)/microchip/xc32/v1.42/bin/bin/../../lib/gcc/pic32mx/4.8.3/../../../../pic32mx/lib\libpic32.a(default-on-reset.o)
 .debug_ranges  0x000009b8       0x10 c:/program files (x86)/microchip/xc32/v1.42/bin/bin/../../lib/gcc/pic32mx/4.8.3/../../../../pic32mx/lib\libpic32.a(default-on-bootstrap.o)
 .debug_ranges  0x000009c8       0x10 c:/program files (x86)/microchip/xc32/v1.42/bin/bin/../../lib/gcc/pic32mx/4.8.3/../../../../pic32mx/lib\libpic32.a(defaultinterrupt.o)

.gnu.attributes
                0x00000000       0x10
 *(.gnu.attributes)
 .gnu.attributes
                0x00000000       0x10 build/default/production/_ext/1360937237/app.o
 .gnu.attributes
                0x00000010       0x10 build/default/production/_ext/1360937237/main.o
 .gnu.attributes
                0x00000020       0x10 build/default/production/_ext/1360937237/task_eyes.o
 .gnu.attributes
                0x00000030       0x10 build/default/production/_ext/24337685/osal_freertos.o
 .gnu.attributes
                0x00000040       0x10 build/default/production/_ext/1271179505/sys_devcon.o
 .gnu.attributes
                0x00000050       0x10 build/default/production/_ext/1271179505/sys_devcon_pic32mx.o
 .gnu.attributes
                0x00000060       0x10 build/default/production/_ext/122796885/sys_int_pic32.o
 .gnu.attributes
                0x00000070       0x10 build/default/production/_ext/1128951024/croutine.o
 .gnu.attributes
                0x00000080       0x10 build/default/production/_ext/1128951024/list.o
 .gnu.attributes
                0x00000090       0x10 build/default/production/_ext/1128951024/queue.o
 .gnu.attributes
                0x000000a0       0x10 build/default/production/_ext/1128951024/tasks.o
 .gnu.attributes
                0x000000b0       0x10 build/default/production/_ext/1128951024/timers.o
 .gnu.attributes
                0x000000c0       0x10 build/default/production/_ext/1128951024/event_groups.o
 .gnu.attributes
                0x000000d0       0x10 build/default/production/_ext/1856876499/heap_1.o
 .gnu.attributes
                0x000000e0       0x10 build/default/production/_ext/12131622/port.o
 .gnu.attributes
                0x000000f0       0x10 build/default/production/_ext/1407244131/drv_tmr_static.o
 .gnu.attributes
                0x00000100       0x10 build/default/production/_ext/1407244131/drv_tmr_mapping.o
 .gnu.attributes
                0x00000110       0x10 build/default/production/_ext/327000265/drv_usart_mapping.o
 .gnu.attributes
                0x00000120       0x10 build/default/production/_ext/327000265/drv_usart_static.o
 .gnu.attributes
                0x00000130       0x10 build/default/production/_ext/327000265/drv_usart_static_byte_model.o
 .gnu.attributes
                0x00000140       0x10 build/default/production/_ext/639803181/sys_clk_static.o
 .gnu.attributes
                0x00000150       0x10 build/default/production/_ext/822048611/sys_ports_static.o
 .gnu.attributes
                0x00000160       0x10 build/default/production/_ext/1688732426/system_init.o
 .gnu.attributes
                0x00000170       0x10 build/default/production/_ext/1688732426/system_interrupt.o
 .gnu.attributes
                0x00000180       0x10 build/default/production/_ext/1688732426/system_exceptions.o
 .gnu.attributes
                0x00000190       0x10 build/default/production/_ext/1688732426/system_tasks.o
 .gnu.attributes
                0x000001a0       0x10 build/default/production/_ext/1688732426/rtos_hooks.o
 .gnu.attributes
                0x000001b0       0x10 c:/program files (x86)/microchip/xc32/v1.42/bin/bin/../../lib/gcc/pic32mx/4.8.3/../../../../pic32mx/lib\libpic32.a(default-bootstrap-exception-handler.o)
 .gnu.attributes
                0x000001c0       0x10 c:/program files (x86)/microchip/xc32/v1.42/bin/bin/../../lib/gcc/pic32mx/4.8.3/../../../../pic32mx/lib\libpic32.a(default-on-reset.o)
 .gnu.attributes
                0x000001d0       0x10 c:/program files (x86)/microchip/xc32/v1.42/bin/bin/../../lib/gcc/pic32mx/4.8.3/../../../../pic32mx/lib\libpic32.a(default-on-bootstrap.o)
 .gnu.attributes
                0x000001e0       0x10 c:/program files (x86)/microchip/xc32/v1.42/bin/bin/../../lib/gcc/pic32mx/4.8.3/../../../../pic32mx/lib\libpic32.a(defaultinterrupt.o)
LOAD c:/program files (x86)/microchip/xc32/v1.42/bin/bin/../../lib/gcc/pic32mx/4.8.3\libgcc.a
START GROUP
LOAD c:/program files (x86)/microchip/xc32/v1.42/bin/bin/../../lib/gcc/pic32mx/4.8.3/../../../../pic32mx/lib\libpic32.a
LOAD c:/program files (x86)/microchip/xc32/v1.42/bin/bin/../../lib/gcc/pic32mx/4.8.3/../../../../pic32mx/lib\libdebug.a
LOAD c:/program files (x86)/microchip/xc32/v1.42/bin/bin/../../lib/gcc/pic32mx/4.8.3/../../../../pic32mx/lib\libpic32.a
LOAD c:/program files (x86)/microchip/xc32/v1.42/bin/bin/../../lib/gcc/pic32mx/4.8.3/../../../../pic32mx/lib\libm.a
LOAD c:/program files (x86)/microchip/xc32/v1.42/bin/bin/../../lib/gcc/pic32mx/4.8.3/../../../../pic32mx/lib\libe.a
LOAD c:/program files (x86)/microchip/xc32/v1.42/bin/bin/../../lib/gcc/pic32mx/4.8.3/../../../../pic32mx/lib\libdsp.a
LOAD c:/program files (x86)/microchip/xc32/v1.42/bin/bin/../../lib/gcc/pic32mx/4.8.3\libgcc.a
LOAD c:/program files (x86)/microchip/xc32/v1.42/bin/bin/../../lib/gcc/pic32mx/4.8.3/../../../../pic32mx/lib\libc.a
LOAD c:/program files (x86)/microchip/xc32/v1.42/bin/bin/../../lib/gcc/pic32mx/4.8.3/../../../../pic32mx/lib\libc.a
LOAD c:/program files (x86)/microchip/xc32/v1.42/bin/bin/../../lib/gcc/pic32mx/4.8.3/../../../../pic32mx/lib\libpic32.a
END GROUP
LOAD c:/program files (x86)/microchip/xc32/v1.42/bin/bin/../../lib/gcc/pic32mx/4.8.3\libgcc.a
OUTPUT(dist/default/production/Milestone2.1.X.production.elf elf32-tradlittlemips)
LOAD stack
LOAD data_init

.reginfo        0x00000000       0x18
 .reginfo       0x00000000       0x18 c:/program files (x86)/microchip/xc32/v1.42/bin/bin/../../lib/gcc/pic32mx/4.8.3/../../../../pic32mx/lib/./proc/32MX795F512L/crt0_mips32r2.o

.stack          0xa0003000      0x400
 .stack         0xa0003000      0x400 stack

.bss            0xa0000084     0x2f08
 .bss           0xa0000084     0x2800 build/default/production/_ext/1856876499/heap_1.o
 .bss           0xa0002884      0x640 build/default/production/_ext/12131622/port.o
                0xa0002884                xISRStack
 .bss           0xa0002ec4       0xc8 build/default/production/_ext/1128951024/tasks.o

.data           0xa0002f8c       0x54
 .data          0xa0002f8c       0x54 build/default/production/_ext/1360937237/app.o
                0xa0002f8c                sensorData

._debug_exception
                0xbfc00480       0x2c
 ._debug_exception
                0xbfc00480       0x2c c:/program files (x86)/microchip/xc32/v1.42/bin/bin/../../lib/gcc/pic32mx/4.8.3/../../../../pic32mx/lib\debug-exception-return.o
                0xbfc00480                __DbgExecReturn

.text           0x9d000000      0x454
 .text          0x9d000000      0x454 build/default/production/_ext/12131622/port_asm.o
                0x9d000000                vPortTickInterruptHandler
                0x9d0001ac                vPortStartFirstTask
                0x9d000274                vPortYieldISR

.text.xTaskGenericCreate
                0x9d000454      0x2e0
 .text.xTaskGenericCreate
                0x9d000454      0x2e0 build/default/production/_ext/1128951024/tasks.o
                0x9d000454                xTaskGenericCreate

.text.xQueueGenericReceive
                0x9d000734      0x24c
 .text.xQueueGenericReceive
                0x9d000734      0x24c build/default/production/_ext/1128951024/queue.o
                0x9d000734                xQueueGenericReceive

.text.xQueueGenericSend
                0x9d000980      0x208
 .text.xQueueGenericSend
                0x9d000980      0x208 build/default/production/_ext/1128951024/queue.o
                0x9d000980                xQueueGenericSend

.DrvTmrInstance0_vector_text
                0x9d000b88      0x1b4
 .DrvTmrInstance0_vector_text
                0x9d000b88      0x1b4 build/default/production/_ext/1688732426/system_interrupt_a.o

.DrvUsartInstance0_vector_text
                0x9d000d3c      0x1b4
 .DrvUsartInstance0_vector_text
                0x9d000d3c      0x1b4 build/default/production/_ext/1688732426/system_interrupt_a.o

.text.xTaskIncrementTick
                0x9d000ef0      0x19c
 .text.xTaskIncrementTick
                0x9d000ef0      0x19c build/default/production/_ext/1128951024/tasks.o
                0x9d000ef0                xTaskIncrementTick

.text.DRV_USART0_Initialize
                0x9d00108c      0x174
 .text.DRV_USART0_Initialize
                0x9d00108c      0x174 build/default/production/_ext/327000265/drv_usart_static.o
                0x9d00108c                DRV_USART0_Initialize

.text           0x9d001200      0x168
 .text          0x9d001200      0x168 c:/program files (x86)/microchip/xc32/v1.42/bin/bin/../../lib/gcc/pic32mx/4.8.3/../../../../pic32mx/lib\libpic32.a(memcpy.o)
                0x9d001200                memcpy

.text.xTaskResumeAll
                0x9d001368      0x154
 .text.xTaskResumeAll
                0x9d001368      0x154 build/default/production/_ext/1128951024/tasks.o
                0x9d001368                xTaskResumeAll

.text.vTaskPriorityInherit
                0x9d0014bc      0x12c
 .text.vTaskPriorityInherit
                0x9d0014bc      0x12c build/default/production/_ext/1128951024/tasks.o
                0x9d0014bc                vTaskPriorityInherit

.rodata         0x9d0015e8      0x128
 .rodata        0x9d0015e8      0x128 build/default/production/_ext/1688732426/system_exceptions.o

.text.prvUnlockQueue
                0x9d001710      0x104
 .text.prvUnlockQueue
                0x9d001710      0x104 build/default/production/_ext/1128951024/queue.o

.text.prvCopyDataToQueue
                0x9d001814       0xfc
 .text.prvCopyDataToQueue
                0x9d001814       0xfc build/default/production/_ext/1128951024/queue.o

.text.xTaskPriorityDisinherit
                0x9d001910       0xf8
 .text.xTaskPriorityDisinherit
                0x9d001910       0xf8 build/default/production/_ext/1128951024/tasks.o
                0x9d001910                xTaskPriorityDisinherit

.text.APP_Tasks
                0x9d001a08       0xe8
 .text.APP_Tasks
                0x9d001a08       0xe8 build/default/production/_ext/1360937237/app.o
                0x9d001a08                APP_Tasks

.text.xQueueGenericSendFromISR
                0x9d001af0       0xe8
 .text.xQueueGenericSendFromISR
                0x9d001af0       0xe8 build/default/production/_ext/1128951024/queue.o
                0x9d001af0                xQueueGenericSendFromISR

.text.vTaskSwitchContext
                0x9d001bd8       0xe0
 .text.vTaskSwitchContext
                0x9d001bd8       0xe0 build/default/production/_ext/1128951024/tasks.o
                0x9d001bd8                vTaskSwitchContext

.dinit          0x9d001cb8       0xe0
 .dinit         0x9d001cb8       0xe0 data_init

.text.SYS_DEVCON_PerformanceConfig
                0x9d001d98       0xdc
 .text.SYS_DEVCON_PerformanceConfig
                0x9d001d98       0xdc build/default/production/_ext/1271179505/sys_devcon_pic32mx.o
                0x9d001d98                SYS_DEVCON_PerformanceConfig

.text.general_exception
                0x9d001e74       0xdc
 .text.general_exception
                0x9d001e74       0xdc c:/program files (x86)/microchip/xc32/v1.42/bin/bin/../../lib/gcc/pic32mx/4.8.3/../../../../pic32mx/lib\libpic32.a(general-exception.o)
                0x9d001e74                _general_exception_context

.text.xQueueGenericReset
                0x9d001f50       0xc4
 .text.xQueueGenericReset
                0x9d001f50       0xc4 build/default/production/_ext/1128951024/queue.o
                0x9d001f50                xQueueGenericReset

.text.xTaskRemoveFromEventList
                0x9d002014       0xbc
 .text.xTaskRemoveFromEventList
                0x9d002014       0xbc build/default/production/_ext/1128951024/tasks.o
                0x9d002014                xTaskRemoveFromEventList

.text.pvPortMalloc
                0x9d0020d0       0xb8
 .text.pvPortMalloc
                0x9d0020d0       0xb8 build/default/production/_ext/1856876499/heap_1.o
                0x9d0020d0                pvPortMalloc

.text.SYS_PORTS_Initialize
                0x9d002188       0xb8
 .text.SYS_PORTS_Initialize
                0x9d002188       0xb8 build/default/production/_ext/822048611/sys_ports_static.o
                0x9d002188                SYS_PORTS_Initialize

.text.prvIdleTask
                0x9d002240       0xb4
 .text.prvIdleTask
                0x9d002240       0xb4 build/default/production/_ext/1128951024/tasks.o

.text.SYS_Initialize
                0x9d0022f4       0xac
 .text.SYS_Initialize
                0x9d0022f4       0xac build/default/production/_ext/1688732426/system_init.o
                0x9d0022f4                SYS_Initialize

.text           0x9d0023a0       0xa8
 .text          0x9d0023a0       0xa8 c:/program files (x86)/microchip/xc32/v1.42/bin/bin/../../lib/gcc/pic32mx/4.8.3/../../../../pic32mx/lib\libpic32.a(memset.o)
                0x9d0023a0                memset

.text.xTaskCheckForTimeOut
                0x9d002448       0xa0
 .text.xTaskCheckForTimeOut
                0x9d002448       0xa0 build/default/production/_ext/1128951024/tasks.o
                0x9d002448                xTaskCheckForTimeOut

.text.xQueueGenericCreate
                0x9d0024e8       0x94
 .text.xQueueGenericCreate
                0x9d0024e8       0x94 build/default/production/_ext/1128951024/queue.o
                0x9d0024e8                xQueueGenericCreate

.text.vTaskPlaceOnEventList
                0x9d00257c       0x94
 .text.vTaskPlaceOnEventList
                0x9d00257c       0x94 build/default/production/_ext/1128951024/tasks.o
                0x9d00257c                vTaskPlaceOnEventList

.text.IntHandlerDrvTmrInstance0
                0x9d002610       0x88
 .text.IntHandlerDrvTmrInstance0
                0x9d002610       0x88 build/default/production/_ext/1688732426/system_interrupt.o
                0x9d002610                IntHandlerDrvTmrInstance0

.text.vTaskStartScheduler
                0x9d002698       0x84
 .text.vTaskStartScheduler
                0x9d002698       0x84 build/default/production/_ext/1128951024/tasks.o
                0x9d002698                vTaskStartScheduler

.text.xQueueCreateMutex
                0x9d00271c       0x80
 .text.xQueueCreateMutex
                0x9d00271c       0x80 build/default/production/_ext/1128951024/queue.o
                0x9d00271c                xQueueCreateMutex

.text.SYS_Tasks
                0x9d00279c       0x78
 .text.SYS_Tasks
                0x9d00279c       0x78 build/default/production/_ext/1688732426/system_tasks.o
                0x9d00279c                SYS_Tasks

.text.APP_Initialize
                0x9d002814       0x74
 .text.APP_Initialize
                0x9d002814       0x74 build/default/production/_ext/1360937237/app.o
                0x9d002814                APP_Initialize

.text.DRV_TMR0_Initialize
                0x9d002888       0x74
 .text.DRV_TMR0_Initialize
                0x9d002888       0x74 build/default/production/_ext/1407244131/drv_tmr_static.o
                0x9d002888                DRV_TMR0_Initialize

.text.prvAddCurrentTaskToDelayedList
                0x9d0028fc       0x70
 .text.prvAddCurrentTaskToDelayedList
                0x9d0028fc       0x70 build/default/production/_ext/1128951024/tasks.o

.text.vApplicationSetupTickTimerInterrupt
                0x9d00296c       0x6c
 .text.vApplicationSetupTickTimerInterrupt
                0x9d00296c       0x6c build/default/production/_ext/12131622/port.o
                0x9d00296c                vApplicationSetupTickTimerInterrupt

.text.vTaskExitCritical
                0x9d0029d8       0x68
 .text.vTaskExitCritical
                0x9d0029d8       0x68 build/default/production/_ext/1128951024/tasks.o
                0x9d0029d8                vTaskExitCritical

.text.IntHandlerDrvUsartInstance0
                0x9d002a40       0x68
 .text.IntHandlerDrvUsartInstance0
                0x9d002a40       0x68 build/default/production/_ext/1688732426/system_interrupt.o
                0x9d002a40                IntHandlerDrvUsartInstance0

.text.DRV_USART0_WriteByte
                0x9d002aa8       0x64
 .text.DRV_USART0_WriteByte
                0x9d002aa8       0x64 build/default/production/_ext/327000265/drv_usart_static_byte_model.o
                0x9d002aa8                DRV_USART0_WriteByte

.text.vListInsert
                0x9d002b0c       0x5c
 .text.vListInsert
                0x9d002b0c       0x5c build/default/production/_ext/1128951024/list.o
                0x9d002b0c                vListInsert

.text.xPortStartScheduler
                0x9d002b68       0x5c
 .text.xPortStartScheduler
                0x9d002b68       0x5c build/default/production/_ext/12131622/port.o
                0x9d002b68                xPortStartScheduler

.text.SYS_DEVCON_SystemUnlock
                0x9d002bc4       0x58
 .text.SYS_DEVCON_SystemUnlock
                0x9d002bc4       0x58 build/default/production/_ext/1271179505/sys_devcon.o
                0x9d002bc4                SYS_DEVCON_SystemUnlock

.text.SYS_INT_SourceDisable
                0x9d002c1c       0x58
 .text.SYS_INT_SourceDisable
                0x9d002c1c       0x58 build/default/production/_ext/122796885/sys_int_pic32.o
                0x9d002c1c                SYS_INT_SourceDisable

.text.SYS_CLK_Initialize
                0x9d002c74       0x58
 .text.SYS_CLK_Initialize
                0x9d002c74       0x58 build/default/production/_ext/639803181/sys_clk_static.o
                0x9d002c74                SYS_CLK_Initialize

.text.main_entry
                0x9d002ccc       0x54
 .text.main_entry
                0x9d002ccc       0x54 c:/program files (x86)/microchip/xc32/v1.42/bin/bin/../../lib/gcc/pic32mx/4.8.3/../../../../pic32mx/lib/./proc/32MX795F512L/crt0_mips32r2.o
                0x9d002d00                __crt0_exit

.text.writeString
                0x9d002d20       0x54
 .text.writeString
                0x9d002d20       0x54 build/default/production/_ext/1360937237/app.o
                0x9d002d20                writeString

.text.pxPortInitialiseStack
                0x9d002d74       0x54
 .text.pxPortInitialiseStack
                0x9d002d74       0x54 build/default/production/_ext/12131622/port.o
                0x9d002d74                pxPortInitialiseStack

.text.vPortIncrementTick
                0x9d002dc8       0x54
 .text.vPortIncrementTick
                0x9d002dc8       0x54 build/default/production/_ext/12131622/port.o
                0x9d002dc8                vPortIncrementTick

.text.prvCopyDataFromQueue
                0x9d002e1c       0x50
 .text.prvCopyDataFromQueue
                0x9d002e1c       0x50 build/default/production/_ext/1128951024/queue.o

.text.vTaskEnterCritical
                0x9d002e6c       0x50
 .text.vTaskEnterCritical
                0x9d002e6c       0x50 build/default/production/_ext/1128951024/tasks.o
                0x9d002e6c                vTaskEnterCritical

.text.DRV_USART0_TasksError
                0x9d002ebc       0x4c
 .text.DRV_USART0_TasksError
                0x9d002ebc       0x4c build/default/production/_ext/327000265/drv_usart_static.o
                0x9d002ebc                DRV_USART0_TasksError

.text.SYS_DEVCON_SystemLock
                0x9d002f08       0x48
 .text.SYS_DEVCON_SystemLock
                0x9d002f08       0x48 build/default/production/_ext/1271179505/sys_devcon.o
                0x9d002f08                SYS_DEVCON_SystemLock

.text._bootstrap_exception_handler
                0x9d002f50       0x48
 .text._bootstrap_exception_handler
                0x9d002f50       0x48 c:/program files (x86)/microchip/xc32/v1.42/bin/bin/../../lib/gcc/pic32mx/4.8.3/../../../../pic32mx/lib\libpic32.a(default-bootstrap-exception-handler.o)
                0x9d002f50                _bootstrap_exception_handler

.vector_default
                0x9d002f98       0x48
 .vector_default
                0x9d002f98       0x48 c:/program files (x86)/microchip/xc32/v1.42/bin/bin/../../lib/gcc/pic32mx/4.8.3/../../../../pic32mx/lib\libpic32.a(defaultinterrupt.o)
                0x9d002f98                _DefaultInterrupt

.text.roverHasBeenSpotted
                0x9d002fe0       0x44
 .text.roverHasBeenSpotted
                0x9d002fe0       0x44 build/default/production/_ext/1360937237/task_eyes.o
                0x9d002fe0                roverHasBeenSpotted

.text.OSAL_MUTEX_Lock
                0x9d003024       0x44
 .text.OSAL_MUTEX_Lock
                0x9d003024       0x44 build/default/production/_ext/24337685/osal_freertos.o
                0x9d003024                OSAL_MUTEX_Lock

.text.uxListRemove
                0x9d003068       0x44
 .text.uxListRemove
                0x9d003068       0x44 build/default/production/_ext/1128951024/list.o
                0x9d003068                uxListRemove

.text.DRV_USART0_TasksTransmit