
Optional file libmchp_peripheral.a not found

Optional file libmchp_peripheral_32MX795F512L.a not found
Archive member included because of file (symbol)

c:/program files (x86)/microchip/xc32/v1.42/bin/bin/../../lib/gcc/pic32mx/4.8.3/../../../../pic32mx/lib\libpic32.a(memcpy.o)
                              build/MS1/debug/_ext/184269629/queue.o (memcpy)
c:/program files (x86)/microchip/xc32/v1.42/bin/bin/../../lib/gcc/pic32mx/4.8.3/../../../../pic32mx/lib\libpic32.a(memset.o)
                              build/MS1/debug/_ext/184269629/tasks.o (memset)
c:/program files (x86)/microchip/xc32/v1.42/bin/bin/../../lib/gcc/pic32mx/4.8.3/../../../../pic32mx/lib\libpic32.a(default-bootstrap-exception-handler.o)
                              c:/program files (x86)/microchip/xc32/v1.42/bin/bin/../../lib/gcc/pic32mx/4.8.3/../../../../pic32mx/lib/./proc/32MX795F512L/crt0_mips32r2.o (_bootstrap_exception_handler)
c:/program files (x86)/microchip/xc32/v1.42/bin/bin/../../lib/gcc/pic32mx/4.8.3/../../../../pic32mx/lib\libpic32.a(default-on-reset.o)
                              c:/program files (x86)/microchip/xc32/v1.42/bin/bin/../../lib/gcc/pic32mx/4.8.3/../../../../pic32mx/lib/./proc/32MX795F512L/crt0_mips32r2.o (_on_reset)
c:/program files (x86)/microchip/xc32/v1.42/bin/bin/../../lib/gcc/pic32mx/4.8.3/../../../../pic32mx/lib\libpic32.a(default-on-bootstrap.o)
                              c:/program files (x86)/microchip/xc32/v1.42/bin/bin/../../lib/gcc/pic32mx/4.8.3/../../../../pic32mx/lib/./proc/32MX795F512L/crt0_mips32r2.o (_on_bootstrap)
c:/program files (x86)/microchip/xc32/v1.42/bin/bin/../../lib/gcc/pic32mx/4.8.3/../../../../pic32mx/lib\libpic32.a(default-nmi-handler.o)
                              c:/program files (x86)/microchip/xc32/v1.42/bin/bin/../../lib/gcc/pic32mx/4.8.3/../../../../pic32mx/lib/./proc/32MX795F512L/crt0_mips32r2.o (_nmi_handler)
c:/program files (x86)/microchip/xc32/v1.42/bin/bin/../../lib/gcc/pic32mx/4.8.3/../../../../pic32mx/lib\libpic32.a(general-exception.o)
                              c:/program files (x86)/microchip/xc32/v1.42/bin/bin/../../lib/gcc/pic32mx/4.8.3/../../../../pic32mx/lib/./proc/32MX795F512L/crt0_mips32r2.o (_general_exception_context)
c:/program files (x86)/microchip/xc32/v1.42/bin/bin/../../lib/gcc/pic32mx/4.8.3/../../../../pic32mx/lib\libpic32.a(vector0.o)
                              c:/program files (x86)/microchip/xc32/v1.42/bin/bin/../../lib/gcc/pic32mx/4.8.3/../../../../pic32mx/lib/./proc/32MX795F512L\default_isr_vectors.o (__vector_dispatch_0)
c:/program files (x86)/microchip/xc32/v1.42/bin/bin/../../lib/gcc/pic32mx/4.8.3/../../../../pic32mx/lib\libpic32.a(vector2.o)
                              c:/program files (x86)/microchip/xc32/v1.42/bin/bin/../../lib/gcc/pic32mx/4.8.3/../../../../pic32mx/lib/./proc/32MX795F512L\default_isr_vectors.o (__vector_dispatch_2)
c:/program files (x86)/microchip/xc32/v1.42/bin/bin/../../lib/gcc/pic32mx/4.8.3/../../../../pic32mx/lib\libpic32.a(vector3.o)
                              c:/program files (x86)/microchip/xc32/v1.42/bin/bin/../../lib/gcc/pic32mx/4.8.3/../../../../pic32mx/lib/./proc/32MX795F512L\default_isr_vectors.o (__vector_dispatch_3)
c:/program files (x86)/microchip/xc32/v1.42/bin/bin/../../lib/gcc/pic32mx/4.8.3/../../../../pic32mx/lib\libpic32.a(vector5.o)
                              c:/program files (x86)/microchip/xc32/v1.42/bin/bin/../../lib/gcc/pic32mx/4.8.3/../../../../pic32mx/lib/./proc/32MX795F512L\default_isr_vectors.o (__vector_dispatch_5)
c:/program files (x86)/microchip/xc32/v1.42/bin/bin/../../lib/gcc/pic32mx/4.8.3/../../../../pic32mx/lib\libpic32.a(vector6.o)
                              c:/program files (x86)/microchip/xc32/v1.42/bin/bin/../../lib/gcc/pic32mx/4.8.3/../../../../pic32mx/lib/./proc/32MX795F512L\default_isr_vectors.o (__vector_dispatch_6)
c:/program files (x86)/microchip/xc32/v1.42/bin/bin/../../lib/gcc/pic32mx/4.8.3/../../../../pic32mx/lib\libpic32.a(vector7.o)
                              c:/program files (x86)/microchip/xc32/v1.42/bin/bin/../../lib/gcc/pic32mx/4.8.3/../../../../pic32mx/lib/./proc/32MX795F512L\default_isr_vectors.o (__vector_dispatch_7)
c:/program files (x86)/microchip/xc32/v1.42/bin/bin/../../lib/gcc/pic32mx/4.8.3/../../../../pic32mx/lib\libpic32.a(vector9.o)
                              c:/program files (x86)/microchip/xc32/v1.42/bin/bin/../../lib/gcc/pic32mx/4.8.3/../../../../pic32mx/lib/./proc/32MX795F512L\default_isr_vectors.o (__vector_dispatch_9)
c:/program files (x86)/microchip/xc32/v1.42/bin/bin/../../lib/gcc/pic32mx/4.8.3/../../../../pic32mx/lib\libpic32.a(vector10.o)
                              c:/program files (x86)/microchip/xc32/v1.42/bin/bin/../../lib/gcc/pic32mx/4.8.3/../../../../pic32mx/lib/./proc/32MX795F512L\default_isr_vectors.o (__vector_dispatch_10)
c:/program files (x86)/microchip/xc32/v1.42/bin/bin/../../lib/gcc/pic32mx/4.8.3/../../../../pic32mx/lib\libpic32.a(vector11.o)
[...]
Memory Configuration

Name             Origin             Length             Attributes
kseg0_boot_mem   0x9fc00490         0x00000970
kseg1_boot_mem   0xbfc00000         0x00000490
kseg0_program_mem 0x9d000000         0x00080000         xr
exception_mem    0x9fc01000         0x00001000
debug_exec_mem   0xbfc02000         0x00000ff0
config3          0xbfc02ff0         0x00000004
config2          0xbfc02ff4         0x00000004
config1          0xbfc02ff8         0x00000004
config0          0xbfc02ffc         0x00000004
kseg1_data_mem   0xa0000000         0x00020000         w !x
sfrs             0xbf800000         0x00100000
configsfrs       0xbfc02ff0         0x00000010
*default*        0x00000000         0xffffffff

Linker script and memory map


reserve_boot_0x1fc02000_kseg0
                0x9fc02000      0xff0
                0x9fc02000        0x2 SHORT 0x0
                0x00000500                . = 0x500
 *fill*         0x9fc02002      0x4fe 
                0x9fc02500                . = ALIGN (0x4)
                0x9fc02500        0x2 SHORT 0x0
                0x00000ff0                . = 0xff0
 *fill*         0x9fc02502      0xaee 
                0x9fc02ff0                . = ALIGN (0x4)

reserve_boot_0x1fc02000_kseg1
                0xbfc02000      0xff0
                0xbfc02000        0x2 SHORT 0x0
                0x00000500                . = 0x500
 *fill*         0xbfc02002      0x4fe 
                0xbfc02500                . = ALIGN (0x4)
                0xbfc02500        0x2 SHORT 0x0
                0x00000ff0                . = 0xff0
 *fill*         0xbfc02502      0xaee 
                0xbfc02ff0                . = ALIGN (0x4)
LOAD c:/program files (x86)/microchip/xc32/v1.42/bin/bin/../../lib/gcc/pic32mx/4.8.3/../../../../pic32mx/lib/./proc/32MX795F512L/crt0_mips32r2.o
LOAD c:/program files (x86)/microchip/xc32/v1.42/bin/bin/../../lib/gcc/pic32mx/4.8.3/../../../../pic32mx/lib\software-debug-break.o
                0x00000001                _DEBUGGER = 0x1
LOAD build/MS1/debug/_ext/1360937237/debug.o
LOAD build/MS1/debug/_ext/990901843/drv_tmr_static.o
LOAD build/MS1/debug/_ext/990901843/drv_tmr_mapping.o
LOAD build/MS1/debug/_ext/1257018141/sys_clk_static.o
LOAD build/MS1/debug/_ext/1693761747/sys_ports_static.o
LOAD build/MS1/debug/_ext/557130900/system_init.o
LOAD build/MS1/debug/_ext/557130900/system_interrupt.o
LOAD build/MS1/debug/_ext/557130900/system_exceptions.o
LOAD build/MS1/debug/_ext/557130900/system_tasks.o
LOAD build/MS1/debug/_ext/557130900/system_interrupt_a.o
LOAD build/MS1/debug/_ext/557130900/rtos_hooks.o
LOAD build/MS1/debug/_ext/1360937237/app.o
LOAD build/MS1/debug/_ext/1360937237/main.o
LOAD build/MS1/debug/_ext/1360937237/tmr_callback.o
LOAD build/MS1/debug/_ext/1468338728/osal_freertos.o
LOAD build/MS1/debug/_ext/1195505982/sys_devcon.o
LOAD build/MS1/debug/_ext/1195505982/sys_devcon_pic32mx.o
LOAD build/MS1/debug/_ext/2120346072/sys_int_pic32.o
LOAD build/MS1/debug/_ext/237061958/heap_1.o
LOAD build/MS1/debug/_ext/1907617191/port.o
LOAD build/MS1/debug/_ext/1907617191/port_asm.o
LOAD build/MS1/debug/_ext/184269629/croutine.o
LOAD build/MS1/debug/_ext/184269629/list.o
LOAD build/MS1/debug/_ext/184269629/queue.o
LOAD build/MS1/debug/_ext/184269629/tasks.o
LOAD build/MS1/debug/_ext/184269629/timers.o
LOAD build/MS1/debug/_ext/184269629/event_groups.o
LOAD ..\..\..\..\..\..\..\..\..\..\..\..\microchip\harmony\v1_08_01\bin\framework\peripheral\PIC32MX795F512L_peripherals.a
LOAD ..\..\..\..\..\..\..\..\..\..\..\..\microchip\harmony\v1_08_01\framework\tcpip\src\crypto\aes_pic32mx.a
                0x00000001                __MPLAB_BUILD = 0x1
                0x00000001                __MPLAB_DEBUG = 0x1
                0x00000001                __DEBUG = 0x1
                0x00000001                __MPLAB_DEBUGGER_PK3 = 0x1
                0x00000000                _min_heap_size = 0x0
LOAD c:/program files (x86)/microchip/xc32/v1.42/bin/bin/../../lib/gcc/pic32mx/4.8.3/../../../../pic32mx/lib/./proc/32MX795F512L\default_isr_vectors.o
LOAD c:/program files (x86)/microchip/xc32/v1.42/bin/bin/../../lib/gcc/pic32mx/4.8.3/../../../../pic32mx/lib\pic32_software_reset.o
                0x00000400                PROVIDE (_min_stack_size, 0x400)
LOAD c:/program files (x86)/microchip/xc32/v1.42/bin/bin/../../lib/gcc/pic32mx/4.8.3/../../../../pic32mx/lib/./proc/32MX795F512L\processor.o
START GROUP
LOAD libmchp_peripheral.a
END GROUP
START GROUP
LOAD libmchp_peripheral_32MX795F512L.a
END GROUP
                0x00000001                PROVIDE (_vector_spacing, 0x1)
                0x9fc01000                PROVIDE (_ebase_address, 0x9fc01000)
                0xbfc00000                _RESET_ADDR = 0xbfc00000
                0xbfc00380                _BEV_EXCPT_ADDR = 0xbfc00380
                0xbfc00480                _DBG_EXCPT_ADDR = 0xbfc00480
                0xbfc02000                _DBG_CODE_ADDR = 0xbfc02000
                0x00000ff0                _DBG_CODE_SIZE = 0xff0
                0x9fc01180                _GEN_EXCPT_ADDR = (_ebase_address + 0x180)

.config_BFC02FF0
                0xbfc02ff0        0x4
 *(.config_BFC02FF0)
 .config_BFC02FF0
                0xbfc02ff0        0x4 build/MS1/debug/_ext/557130900/system_init.o

.config_BFC02FF4
                0xbfc02ff4        0x4
 *(.config_BFC02FF4)
 .config_BFC02FF4
                0xbfc02ff4        0x4 build/MS1/debug/_ext/557130900/system_init.o

.config_BFC02FF8
                0xbfc02ff8        0x4
 *(.config_BFC02FF8)
 .config_BFC02FF8
                0xbfc02ff8        0x4 build/MS1/debug/_ext/557130900/system_init.o

.config_BFC02FFC
                0xbfc02ffc        0x4
 *(.config_BFC02FFC)
 .config_BFC02FFC
                0xbfc02ffc        0x4 build/MS1/debug/_ext/557130900/system_init.o
                0xbfc02000                PROVIDE (_DBG_CODE_ADDR, 0xbfc02000)
                0x00000ff0                PROVIDE (_DBG_CODE_SIZE, 0xff0)

.reset          0xbfc00000      0x208
 *(.reset)
 .reset         0xbfc00000        0x8 c:/program files (x86)/microchip/xc32/v1.42/bin/bin/../../lib/gcc/pic32mx/4.8.3/../../../../pic32mx/lib/./proc/32MX795F512L/crt0_mips32r2.o
                0xbfc00000                _reset
 *(.reset.startup)
 .reset.startup
                0xbfc00008      0x200 c:/program files (x86)/microchip/xc32/v1.42/bin/bin/../../lib/gcc/pic32mx/4.8.3/../../../../pic32mx/lib/./proc/32MX795F512L/crt0_mips32r2.o

.bev_excpt      0xbfc00380       0x10
 *(.bev_handler)
 .bev_handler   0xbfc00380       0x10 c:/program files (x86)/microchip/xc32/v1.42/bin/bin/../../lib/gcc/pic32mx/4.8.3/../../../../pic32mx/lib/./proc/32MX795F512L/crt0_mips32r2.o

.dbg_excpt      0xbfc00480        0x8
                0xbfc00480                . = (. + DEFINED (_DEBUGGER)?0x8:0x0)
 *fill*         0xbfc00480        0x8 

.dbg_code       0xbfc02000      0xff0
                0xbfc02000                . = (. + DEFINED (_DEBUGGER)?_DBG_CODE_SIZE:0x0)
 *fill*         0xbfc02000      0xff0 

.app_excpt      0x9fc01180       0x10
 *(.gen_handler)
 .gen_handler   0x9fc01180       0x10 c:/program files (x86)/microchip/xc32/v1.42/bin/bin/../../lib/gcc/pic32mx/4.8.3/../../../../pic32mx/lib/./proc/32MX795F512L/crt0_mips32r2.o

.vector_0       0x9fc01200        0x8
 *(.vector_0)
 .vector_0      0x9fc01200        0x8 c:/program files (x86)/microchip/xc32/v1.42/bin/bin/../../lib/gcc/pic32mx/4.8.3/../../../../pic32mx/lib\libpic32.a(vector0.o)
                0x9fc01200                __vector_dispatch_0
                0x00000001                ASSERT (((_vector_spacing == 0x0) || (SIZEOF (.vector_0) <= (_vector_spacing << 0x5))), function at exception vector 0 too large)

.vector_1       0x9fc01220        0x8
 *(.vector_1)
 .vector_1      0x9fc01220        0x8 build/MS1/debug/_ext/1907617191/port.o
                0x9fc01220                __vector_dispatch_1
                0x00000001                ASSERT (((_vector_spacing == 0x0) || (SIZEOF (.vector_1) <= (_vector_spacing << 0x5))), function at exception vector 1 too large)

.vector_2       0x9fc01240        0x8
 *(.vector_2)
 .vector_2      0x9fc01240        0x8 c:/program files (x86)/microchip/xc32/v1.42/bin/bin/../../lib/gcc/pic32mx/4.8.3/../../../../pic32mx/lib\libpic32.a(vector2.o)
                0x9fc01240                __vector_dispatch_2
                0x00000001                ASSERT (((_vector_spacing == 0x0) || (SIZEOF (.vector_2) <= (_vector_spacing << 0x5))), function at exception vector 2 too large)

.vector_3       0x9fc01260        0x8
 *(.vector_3)
 .vector_3      0x9fc01260        0x8 c:/program files (x86)/microchip/xc32/v1.42/bin/bin/../../lib/gcc/pic32mx/4.8.3/../../../../pic32mx/lib\libpic32.a(vector3.o)
                0x9fc01260                __vector_dispatch_3
                0x00000001                ASSERT (((_vector_spacing == 0x0) || (SIZEOF (.vector_3) <= (_vector_spacing << 0x5))), function at exception vector 3 too large)

.vector_4       0x9fc01280        0x8
 *(.vector_4)
 .vector_4      0x9fc01280        0x8 build/MS1/debug/_ext/1907617191/port.o
                0x9fc01280                __vector_dispatch_4
                0x00000001                ASSERT (((_vector_spacing == 0x0) || (SIZEOF (.vector_4) <= (_vector_spacing << 0x5))), function at exception vector 4 too large)

.vector_5       0x9fc012a0        0x8
 *(.vector_5)
 .vector_5      0x9fc012a0        0x8 c:/program files (x86)/microchip/xc32/v1.42/bin/bin/../../lib/gcc/pic32mx/4.8.3/../../../../pic32mx/lib\libpic32.a(vector5.o)
                0x9fc012a0                __vector_dispatch_5
                0x00000001                ASSERT (((_vector_spacing == 0x0) || (SIZEOF (.vector_5) <= (_vector_spacing << 0x5))), function at exception vector 5 too large)

.vector_6       0x9fc012c0        0x8
 *(.vector_6)
 .vector_6      0x9fc012c0        0x8 c:/program files (x86)/microchip/xc32/v1.42/bin/bin/../../lib/gcc/pic32mx/4.8.3/../../../../pic32mx/lib\libpic32.a(vector6.o)
                0x9fc012c0                __vector_dispatch_6
                0x00000001                ASSERT (((_vector_spacing == 0x0) || (SIZEOF (.vector_6) <= (_vector_spacing << 0x5))), function at exception vector 6 too large)

.vector_7       0x9fc012e0        0x8
 *(.vector_7)
 .vector_7      0x9fc012e0        0x8 c:/program files (x86)/microchip/xc32/v1.42/bin/bin/../../lib/gcc/pic32mx/4.8.3/../../../../pic32mx/lib\libpic32.a(vector7.o)
                0x9fc012e0                __vector_dispatch_7
                0x00000001                ASSERT (((_vector_spacing == 0x0) || (SIZEOF (.vector_7) <= (_vector_spacing << 0x5))), function at exception vector 7 too large)

.vector_8       0x9fc01300       0x10
 *(.vector_8)
 .vector_8      0x9fc01300       0x10 build/MS1/debug/_ext/557130900/system_interrupt_a.o
                0x9fc01300                __vector_dispatch_8
                0x00000001                ASSERT (((_vector_spacing == 0x0) || (SIZEOF (.vector_8) <= (_vector_spacing << 0x5))), function at exception vector 8 too large)

.vector_9       0x9fc01320        0x8
 *(.vector_9)
 .vector_9      0x9fc01320        0x8 c:/program files (x86)/microchip/xc32/v1.42/bin/bin/../../lib/gcc/pic32mx/4.8.3/../../../../pic32mx/lib\libpic32.a(vector9.o)
                0x9fc01320                __vector_dispatch_9
                0x00000001                ASSERT (((_vector_spacing == 0x0) || (SIZEOF (.vector_9) <= (_vector_spacing << 0x5))), function at exception vector 9 too large)

.vector_10      0x9fc01340        0x8
 *(.vector_10)
 .vector_10     0x9fc01340        0x8 c:/program files (x86)/microchip/xc32/v1.42/bin/bin/../../lib/gcc/pic32mx/4.8.3/../../../../pic32mx/lib\libpic32.a(vector10.o)
                0x9fc01340                __vector_dispatch_10
                0x00000001                ASSERT (((_vector_spacing == 0x0) || (SIZEOF (.vector_10) <= (_vector_spacing << 0x5))), function at exception vector 10 too large)

.vector_11      0x9fc01360        0x8
 *(.vector_11)
 .vector_11     0x9fc01360        0x8 c:/program files (x86)/microchip/xc32/v1.42/bin/bin/../../lib/gcc/pic32mx/4.8.3/../../../../pic32mx/lib\libpic32.a(vector11.o)
                0x9fc01360                __vector_dispatch_11
                0x00000001                ASSERT (((_vector_spacing == 0x0) || (SIZEOF (.vector_11) <= (_vector_spacing << 0x5))), function at exception vector 11 too large)

.vector_12      0x9fc01380        0x8
 *(.vector_12)
 .vector_12     0x9fc01380        0x8 c:/program files (x86)/microchip/xc32/v1.42/bin/bin/../../lib/gcc/pic32mx/4.8.3/../../../../pic32mx/lib\libpic32.a(vector12.o)
                0x9fc01380                __vector_dispatch_12
                0x00000001                ASSERT (((_vector_spacing == 0x0) || (SIZEOF (.vector_12) <= (_vector_spacing << 0x5))), function at exception vector 12 too large)

.vector_13      0x9fc013a0        0x8
 *(.vector_13)
 .vector_13     0x9fc013a0        0x8 c:/program files (x86)/microchip/xc32/v1.42/bin/bin/../../lib/gcc/pic32mx/4.8.3/../../../../pic32mx/lib\libpic32.a(vector13.o)
                0x9fc013a0                __vector_dispatch_13
                0x00000001                ASSERT (((_vector_spacing == 0x0) || (SIZEOF (.vector_13) <= (_vector_spacing << 0x5))), function at exception vector 13 too large)

.vector_14      0x9fc013c0        0x8
 *(.vector_14)
 .vector_14     0x9fc013c0        0x8 c:/program files (x86)/microchip/xc32/v1.42/bin/bin/../../lib/gcc/pic32mx/4.8.3/../../../../pic32mx/lib\libpic32.a(vector14.o)
                0x9fc013c0                __vector_dispatch_14
                0x00000001                ASSERT (((_vector_spacing == 0x0) || (SIZEOF (.vector_14) <= (_vector_spacing << 0x5))), function at exception vector 14 too large)

.vector_15      0x9fc013e0        0x8
 *(.vector_15)
 .vector_15     0x9fc013e0        0x8 c:/program files (x86)/microchip/xc32/v1.42/bin/bin/../../lib/gcc/pic32mx/4.8.3/../../../../pic32mx/lib\libpic32.a(vector15.o)
                0x9fc013e0                __vector_dispatch_15
                0x00000001                ASSERT (((_vector_spacing == 0x0) || (SIZEOF (.vector_15) <= (_vector_spacing << 0x5))), function at exception vector 15 too large)

.vector_16      0x9fc01400        0x8
 *(.vector_16)
 .vector_16     0x9fc01400        0x8 c:/program files (x86)/microchip/xc32/v1.42/bin/bin/../../lib/gcc/pic32mx/4.8.3/../../../../pic32mx/lib\libpic32.a(vector16.o)
                0x9fc01400                __vector_dispatch_16
                0x00000001                ASSERT (((_vector_spacing == 0x0) || (SIZEOF (.vector_16) <= (_vector_spacing << 0x5))), function at exception vector 16 too large)

.vector_17      0x9fc01420        0x8
 *(.vector_17)
 .vector_17     0x9fc01420        0x8 c:/program files (x86)/microchip/xc32/v1.42/bin/bin/../../lib/gcc/pic32mx/4.8.3/../../../../pic32mx/lib\libpic32.a(vector17.o)
                0x9fc01420                __vector_dispatch_17
                0x00000001                ASSERT (((_vector_spacing == 0x0) || (SIZEOF (.vector_17) <= (_vector_spacing << 0x5))), function at exception vector 17 too large)

.vector_18      0x9fc01440        0x8
 *(.vector_18)
 .vector_18     0x9fc01440        0x8 c:/program files (x86)/microchip/xc32/v1.42/bin/bin/../../lib/gcc/pic32mx/4.8.3/../../../../pic32mx/lib\libpic32.a(vector18.o)
                0x9fc01440                __vector_dispatch_18
                0x00000001                ASSERT (((_vector_spacing == 0x0) || (SIZEOF (.vector_18) <= (_vector_spacing << 0x5))), function at exception vector 18 too large)

.vector_19      0x9fc01460        0x8
 *(.vector_19)
 .vector_19     0x9fc01460        0x8 c:/program files (x86)/microchip/xc32/v1.42/bin/bin/../../lib/gcc/pic32mx/4.8.3/../../../../pic32mx/lib\libpic32.a(vector19.o)
                0x9fc01460                __vector_dispatch_19
                0x00000001                ASSERT (((_vector_spacing == 0x0) || (SIZEOF (.vector_19) <= (_vector_spacing << 0x5))), function at exception vector 19 too large)

.vector_20      0x9fc01480        0x8
 *(.vector_20)
 .vector_20     0x9fc01480        0x8 c:/program files (x86)/microchip/xc32/v1.42/bin/bin/../../lib/gcc/pic32mx/4.8.3/../../../../pic32mx/lib\libpic32.a(vector20.o)
                0x9fc01480                __vector_dispatch_20
                0x00000001                ASSERT (((_vector_spacing == 0x0) || (SIZEOF (.vector_20) <= (_vector_spacing << 0x5))), function at exception vector 20 too large)

.vector_21      0x9fc014a0        0x8
 *(.vector_21)
 .vector_21     0x9fc014a0        0x8 c:/program files (x86)/microchip/xc32/v1.42/bin/bin/../../lib/gcc/pic32mx/4.8.3/../../../../pic32mx/lib\libpic32.a(vector21.o)
                0x9fc014a0                __vector_dispatch_21
                0x00000001                ASSERT (((_vector_spacing == 0x0) || (SIZEOF (.vector_21) <= (_vector_spacing << 0x5))), function at exception vector 21 too large)

.vector_22      0x9fc014c0        0x8
 *(.vector_22)
 .vector_22     0x9fc014c0        0x8 c:/program files (x86)/microchip/xc32/v1.42/bin/bin/../../lib/gcc/pic32mx/4.8.3/../../../../pic32mx/lib\libpic32.a(vector22.o)
                0x9fc014c0                __vector_dispatch_22
                0x00000001                ASSERT (((_vector_spacing == 0x0) || (SIZEOF (.vector_22) <= (_vector_spacing << 0x5))), function at exception vector 22 too large)

.vector_23      0x9fc014e0        0x8
 *(.vector_23)
 .vector_23     0x9fc014e0        0x8 c:/program files (x86)/microchip/xc32/v1.42/bin/bin/../../lib/gcc/pic32mx/4.8.3/../../../../pic32mx/lib\libpic32.a(vector23.o)
                0x9fc014e0                __vector_dispatch_23
                0x00000001                ASSERT (((_vector_spacing == 0x0) || (SIZEOF (.vector_23) <= (_vector_spacing << 0x5))), function at exception vector 23 too large)

.vector_24      0x9fc01500        0x8
 *(.vector_24)
 .vector_24     0x9fc01500        0x8 c:/program files (x86)/microchip/xc32/v1.42/bin/bin/../../lib/gcc/pic32mx/4.8.3/../../../../pic32mx/lib\libpic32.a(vector24.o)
                0x9fc01500                __vector_dispatch_24
                0x00000001                ASSERT (((_vector_spacing == 0x0) || (SIZEOF (.vector_24) <= (_vector_spacing << 0x5))), function at exception vector 24 too large)

.vector_25      0x9fc01520        0x8
 *(.vector_25)
 .vector_25     0x9fc01520        0x8 c:/program files (x86)/microchip/xc32/v1.42/bin/bin/../../lib/gcc/pic32mx/4.8.3/../../../../pic32mx/lib\libpic32.a(vector25.o)
                0x9fc01520                __vector_dispatch_25
                0x00000001                ASSERT (((_vector_spacing == 0x0) || (SIZEOF (.vector_25) <= (_vector_spacing << 0x5))), function at exception vector 25 too large)

.vector_26      0x9fc01540        0x8
 *(.vector_26)
 .vector_26     0x9fc01540        0x8 c:/program files (x86)/microchip/xc32/v1.42/bin/bin/../../lib/gcc/pic32mx/4.8.3/../../../../pic32mx/lib\libpic32.a(vector26.o)
                0x9fc01540                __vector_dispatch_26
                0x00000001                ASSERT (((_vector_spacing == 0x0) || (SIZEOF (.vector_26) <= (_vector_spacing << 0x5))), function at exception vector 26 too large)

.vector_27      0x9fc01560        0x8
 *(.vector_27)
 .vector_27     0x9fc01560        0x8 c:/program files (x86)/microchip/xc32/v1.42/bin/bin/../../lib/gcc/pic32mx/4.8.3/../../../../pic32mx/lib\libpic32.a(vector27.o)
                0x9fc01560                __vector_dispatch_27
                0x00000001                ASSERT (((_vector_spacing == 0x0) || (SIZEOF (.vector_27) <= (_vector_spacing << 0x5))), function at exception vector 27 too large)

.vector_28      0x9fc01580        0x8
 *(.vector_28)
 .vector_28     0x9fc01580        0x8 c:/program files (x86)/microchip/xc32/v1.42/bin/bin/../../lib/gcc/pic32mx/4.8.3/../../../../pic32mx/lib\libpic32.a(vector28.o)
                0x9fc01580                __vector_dispatch_28
                0x00000001                ASSERT (((_vector_spacing == 0x0) || (SIZEOF (.vector_28) <= (_vector_spacing << 0x5))), function at exception vector 28 too large)

.vector_29      0x9fc015a0        0x8
 *(.vector_29)
 .vector_29     0x9fc015a0        0x8 c:/program files (x86)/microchip/xc32/v1.42/bin/bin/../../lib/gcc/pic32mx/4.8.3/../../../../pic32mx/lib\libpic32.a(vector29.o)
                0x9fc015a0                __vector_dispatch_29
                0x00000001                ASSERT (((_vector_spacing == 0x0) || (SIZEOF (.vector_29) <= (_vector_spacing << 0x5))), function at exception vector 29 too large)

.vector_30      0x9fc015c0        0x8
 *(.vector_30)
 .vector_30     0x9fc015c0        0x8 c:/program files (x86)/microchip/xc32/v1.42/bin/bin/../../lib/gcc/pic32mx/4.8.3/../../../../pic32mx/lib\libpic32.a(vector30.o)
                0x9fc015c0                __vector_dispatch_30
                0x00000001                ASSERT (((_vector_spacing == 0x0) || (SIZEOF (.vector_30) <= (_vector_spacing << 0x5))), function at exception vector 30 too large)

.vector_31      0x9fc015e0        0x8
 *(.vector_31)
 .vector_31     0x9fc015e0        0x8 c:/program files (x86)/microchip/xc32/v1.42/bin/bin/../../lib/gcc/pic32mx/4.8.3/../../../../pic32mx/lib\libpic32.a(vector31.o)
                0x9fc015e0                __vector_dispatch_31
                0x00000001                ASSERT (((_vector_spacing == 0x0) || (SIZEOF (.vector_31) <= (_vector_spacing << 0x5))), function at exception vector 31 too large)

.vector_32      0x9fc01600        0x8
 *(.vector_32)
 .vector_32     0x9fc01600        0x8 c:/program files (x86)/microchip/xc32/v1.42/bin/bin/../../lib/gcc/pic32mx/4.8.3/../../../../pic32mx/lib\libpic32.a(vector32.o)
                0x9fc01600                __vector_dispatch_32
                0x00000001                ASSERT (((_vector_spacing == 0x0) || (SIZEOF (.vector_32) <= (_vector_spacing << 0x5))), function at exception vector 32 too large)

.vector_33      0x9fc01620        0x8
 *(.vector_33)
 .vector_33     0x9fc01620        0x8 c:/program files (x86)/microchip/xc32/v1.42/bin/bin/../../lib/gcc/pic32mx/4.8.3/../../../../pic32mx/lib\libpic32.a(vector33.o)
                0x9fc01620                __vector_dispatch_33
                0x00000001                ASSERT (((_vector_spacing == 0x0) || (SIZEOF (.vector_33) <= (_vector_spacing << 0x5))), function at exception vector 33 too large)

.vector_34      0x9fc01640        0x8
 *(.vector_34)
 .vector_34     0x9fc01640        0x8 c:/program files (x86)/microchip/xc32/v1.42/bin/bin/../../lib/gcc/pic32mx/4.8.3/../../../../pic32mx/lib\libpic32.a(vector34.o)
                0x9fc01640                __vector_dispatch_34
                0x00000001                ASSERT (((_vector_spacing == 0x0) || (SIZEOF (.vector_34) <= (_vector_spacing << 0x5))), function at exception vector 34 too large)

.vector_35      0x9fc01660        0x8
 *(.vector_35)
 .vector_35     0x9fc01660        0x8 c:/program files (x86)/microchip/xc32/v1.42/bin/bin/../../lib/gcc/pic32mx/4.8.3/../../../../pic32mx/lib\libpic32.a(vector35.o)
                0x9fc01660                __vector_dispatch_35
                0x00000001                ASSERT (((_vector_spacing == 0x0) || (SIZEOF (.vector_35) <= (_vector_spacing << 0x5))), function at exception vector 35 too large)

.vector_36      0x9fc01680        0x8
 *(.vector_36)
 .vector_36     0x9fc01680        0x8 c:/program files (x86)/microchip/xc32/v1.42/bin/bin/../../lib/gcc/pic32mx/4.8.3/../../../../pic32mx/lib\libpic32.a(vector36.o)
                0x9fc01680                __vector_dispatch_36
                0x00000001                ASSERT (((_vector_spacing == 0x0) || (SIZEOF (.vector_36) <= (_vector_spacing << 0x5))), function at exception vector 36 too large)

.vector_37      0x9fc016a0        0x8
 *(.vector_37)
 .vector_37     0x9fc016a0        0x8 c:/program files (x86)/microchip/xc32/v1.42/bin/bin/../../lib/gcc/pic32mx/4.8.3/../../../../pic32mx/lib\libpic32.a(vector37.o)
                0x9fc016a0                __vector_dispatch_37
                0x00000001                ASSERT (((_vector_spacing == 0x0) || (SIZEOF (.vector_37) <= (_vector_spacing << 0x5))), function at exception vector 37 too large)

.vector_38      0x9fc016c0        0x8
 *(.vector_38)
 .vector_38     0x9fc016c0        0x8 c:/program files (x86)/microchip/xc32/v1.42/bin/bin/../../lib/gcc/pic32mx/4.8.3/../../../../pic32mx/lib\libpic32.a(vector38.o)
                0x9fc016c0                __vector_dispatch_38
                0x00000001                ASSERT (((_vector_spacing == 0x0) || (SIZEOF (.vector_38) <= (_vector_spacing << 0x5))), function at exception vector 38 too large)

.vector_39      0x9fc016e0        0x8
 *(.vector_39)
 .vector_39     0x9fc016e0        0x8 c:/program files (x86)/microchip/xc32/v1.42/bin/bin/../../lib/gcc/pic32mx/4.8.3/../../../../pic32mx/lib\libpic32.a(vector39.o)
                0x9fc016e0                __vector_dispatch_39
                0x00000001                ASSERT (((_vector_spacing == 0x0) || (SIZEOF (.vector_39) <= (_vector_spacing << 0x5))), function at exception vector 39 too large)

.vector_40      0x9fc01700        0x8
 *(.vector_40)
 .vector_40     0x9fc01700        0x8 c:/program files (x86)/microchip/xc32/v1.42/bin/bin/../../lib/gcc/pic32mx/4.8.3/../../../../pic32mx/lib\libpic32.a(vector40.o)
                0x9fc01700                __vector_dispatch_40
                0x00000001                ASSERT (((_vector_spacing == 0x0) || (SIZEOF (.vector_40) <= (_vector_spacing << 0x5))), function at exception vector 40 too large)

.vector_41      0x9fc01720        0x8
 *(.vector_41)
 .vector_41     0x9fc01720        0x8 c:/program files (x86)/microchip/xc32/v1.42/bin/bin/../../lib/gcc/pic32mx/4.8.3/../../../../pic32mx/lib\libpic32.a(vector41.o)
                0x9fc01720                __vector_dispatch_41
                0x00000001                ASSERT (((_vector_spacing == 0x0) || (SIZEOF (.vector_41) <= (_vector_spacing << 0x5))), function at exception vector 41 too large)

.vector_42      0x9fc01740        0x8
 *(.vector_42)
 .vector_42     0x9fc01740        0x8 c:/program files (x86)/microchip/xc32/v1.42/bin/bin/../../lib/gcc/pic32mx/4.8.3/../../../../pic32mx/lib\libpic32.a(vector42.o)
                0x9fc01740                __vector_dispatch_42
                0x00000001                ASSERT (((_vector_spacing == 0x0) || (SIZEOF (.vector_42) <= (_vector_spacing << 0x5))), function at exception vector 42 too large)

.vector_43      0x9fc01760        0x8
 *(.vector_43)
 .vector_43     0x9fc01760        0x8 c:/program files (x86)/microchip/xc32/v1.42/bin/bin/../../lib/gcc/pic32mx/4.8.3/../../../../pic32mx/lib\libpic32.a(vector43.o)
                0x9fc01760                __vector_dispatch_43
                0x00000001                ASSERT (((_vector_spacing == 0x0) || (SIZEOF (.vector_43) <= (_vector_spacing << 0x5))), function at exception vector 43 too large)

.vector_44      0x9fc01780        0x8
 *(.vector_44)
 .vector_44     0x9fc01780        0x8 c:/program files (x86)/microchip/xc32/v1.42/bin/bin/../../lib/gcc/pic32mx/4.8.3/../../../../pic32mx/lib\libpic32.a(vector44.o)
                0x9fc01780                __vector_dispatch_44
                0x00000001                ASSERT (((_vector_spacing == 0x0) || (SIZEOF (.vector_44) <= (_vector_spacing << 0x5))), function at exception vector 44 too large)

.vector_45      0x9fc017a0        0x8
 *(.vector_45)
 .vector_45     0x9fc017a0        0x8 c:/program files (x86)/microchip/xc32/v1.42/bin/bin/../../lib/gcc/pic32mx/4.8.3/../../../../pic32mx/lib\libpic32.a(vector45.o)
                0x9fc017a0                __vector_dispatch_45
                0x00000001                ASSERT (((_vector_spacing == 0x0) || (SIZEOF (.vector_45) <= (_vector_spacing << 0x5))), function at exception vector 45 too large)

.vector_46      0x9fc017c0        0x8
 *(.vector_46)
 .vector_46     0x9fc017c0        0x8 c:/program files (x86)/microchip/xc32/v1.42/bin/bin/../../lib/gcc/pic32mx/4.8.3/../../../../pic32mx/lib\libpic32.a(vector46.o)
                0x9fc017c0                __vector_dispatch_46
                0x00000001                ASSERT (((_vector_spacing == 0x0) || (SIZEOF (.vector_46) <= (_vector_spacing << 0x5))), function at exception vector 46 too large)

.vector_47      0x9fc017e0        0x8
 *(.vector_47)
 .vector_47     0x9fc017e0        0x8 c:/program files (x86)/microchip/xc32/v1.42/bin/bin/../../lib/gcc/pic32mx/4.8.3/../../../../pic32mx/lib\libpic32.a(vector47.o)
                0x9fc017e0                __vector_dispatch_47
                0x00000001                ASSERT (((_vector_spacing == 0x0) || (SIZEOF (.vector_47) <= (_vector_spacing << 0x5))), function at exception vector 47 too large)

.vector_48      0x9fc01800        0x8
 *(.vector_48)
 .vector_48     0x9fc01800        0x8 c:/program files (x86)/microchip/xc32/v1.42/bin/bin/../../lib/gcc/pic32mx/4.8.3/../../../../pic32mx/lib\libpic32.a(vector48.o)
                0x9fc01800                __vector_dispatch_48
                0x00000001                ASSERT (((_vector_spacing == 0x0) || (SIZEOF (.vector_48) <= (_vector_spacing << 0x5))), function at exception vector 48 too large)

.vector_49      0x9fc01820        0x8
 *(.vector_49)
 .vector_49     0x9fc01820        0x8 c:/program files (x86)/microchip/xc32/v1.42/bin/bin/../../lib/gcc/pic32mx/4.8.3/../../../../pic32mx/lib\libpic32.a(vector49.o)
                0x9fc01820                __vector_dispatch_49
                0x00000001                ASSERT (((_vector_spacing == 0x0) || (SIZEOF (.vector_49) <= (_vector_spacing << 0x5))), function at exception vector 49 too large)

.vector_50      0x9fc01840        0x8
 *(.vector_50)
 .vector_50     0x9fc01840        0x8 c:/program files (x86)/microchip/xc32/v1.42/bin/bin/../../lib/gcc/pic32mx/4.8.3/../../../../pic32mx/lib\libpic32.a(vector50.o)
                0x9fc01840                __vector_dispatch_50
                0x00000001                ASSERT (((_vector_spacing == 0x0) || (SIZEOF (.vector_50) <= (_vector_spacing << 0x5))), function at exception vector 50 too large)

.vector_51      0x9fc01860        0x8
 *(.vector_51)
 .vector_51     0x9fc01860        0x8 c:/program files (x86)/microchip/xc32/v1.42/bin/bin/../../lib/gcc/pic32mx/4.8.3/../../../../pic32mx/lib\libpic32.a(vector51.o)
                0x9fc01860                __vector_dispatch_51
                0x00000001                ASSERT (((_vector_spacing == 0x0) || (SIZEOF (.vector_51) <= (_vector_spacing << 0x5))), function at exception vector 51 too large)

.vector_52      0x9fc01880        0x0
 *(.vector_52)
                0x00000001                ASSERT (((_vector_spacing == 0x0) || (SIZEOF (.vector_52) <= (_vector_spacing << 0x5))), function at exception vector 52 too large)

.vector_53      0x9fc018a0        0x0
 *(.vector_53)
                0x00000001                ASSERT (((_vector_spacing == 0x0) || (SIZEOF (.vector_53) <= (_vector_spacing << 0x5))), function at exception vector 53 too large)

.vector_54      0x9fc018c0        0x0
 *(.vector_54)
                0x00000001                ASSERT (((_vector_spacing == 0x0) || (SIZEOF (.vector_54) <= (_vector_spacing << 0x5))), function at exception vector 54 too large)

.vector_55      0x9fc018e0        0x0
 *(.vector_55)
                0x00000001                ASSERT (((_vector_spacing == 0x0) || (SIZEOF (.vector_55) <= (_vector_spacing << 0x5))), function at exception vector 55 too large)

.vector_56      0x9fc01900        0x0
 *(.vector_56)
                0x00000001                ASSERT (((_vector_spacing == 0x0) || (SIZEOF (.vector_56) <= (_vector_spacing << 0x5))), function at exception vector 56 too large)

.vector_57      0x9fc01920        0x0
 *(.vector_57)
                0x00000001                ASSERT (((_vector_spacing == 0x0) || (SIZEOF (.vector_57) <= (_vector_spacing << 0x5))), function at exception vector 57 too large)

.vector_58      0x9fc01940        0x0
 *(.vector_58)
                0x00000001                ASSERT (((_vector_spacing == 0x0) || (SIZEOF (.vector_58) <= (_vector_spacing << 0x5))), function at exception vector 58 too large)

.vector_59      0x9fc01960        0x0
 *(.vector_59)
                0x00000001                ASSERT (((_vector_spacing == 0x0) || (SIZEOF (.vector_59) <= (_vector_spacing << 0x5))), function at exception vector 59 too large)

.vector_60      0x9fc01980        0x0
 *(.vector_60)
                0x00000001                ASSERT (((_vector_spacing == 0x0) || (SIZEOF (.vector_60) <= (_vector_spacing << 0x5))), function at exception vector 60 too large)

.vector_61      0x9fc019a0        0x0
 *(.vector_61)
                0x00000001                ASSERT (((_vector_spacing == 0x0) || (SIZEOF (.vector_61) <= (_vector_spacing << 0x5))), function at exception vector 61 too large)

.vector_62      0x9fc019c0        0x0
 *(.vector_62)
                0x00000001                ASSERT (((_vector_spacing == 0x0) || (SIZEOF (.vector_62) <= (_vector_spacing << 0x5))), function at exception vector 62 too large)

.vector_63      0x9fc019e0        0x0
 *(.vector_63)
                0x00000001                ASSERT (((_vector_spacing == 0x0) || (SIZEOF (.vector_63) <= (_vector_spacing << 0x5))), function at exception vector 63 too large)

.startup
 *(.startup)

.text           0x9d000000        0x0
 *(.stub .gnu.linkonce.t.*)
 *(.text.*personality*)
 *(.mips16.fn.*)
 *(.mips16.call.*)
 *(.gnu.warning)
                0x9d000000                . = ALIGN (0x4)

.init           0x9d000000        0x0
 *crti.o(.init)
 *crtbegin.o(.init)
 *(EXCLUDE_FILE(*crtn.o *crtend?.o *crtend.o) .init)
 *crtend.o(.init)
 *crtn.o(.init)
                0x9d000000                . = ALIGN (0x4)

.fini           0x9d000000        0x0
 *(.fini)
                0x9d000000                . = ALIGN (0x4)

.preinit_array  0x9d000000        0x0
                0x9d000000                PROVIDE (__preinit_array_start, .)
 *(.preinit_array)
                0x9d000000                PROVIDE (__preinit_array_end, .)
                0x9d000000                . = ALIGN (0x4)

.init_array     0x9d000000        0x0
                0x9d000000                PROVIDE (__init_array_start, .)
 *(SORT(.init_array.*))
 *(.init_array)
                0x9d000000                PROVIDE (__init_array_end, .)
                0x9d000000                . = ALIGN (0x4)

.fini_array     0x9d000000        0x0
                0x9d000000                PROVIDE (__fini_array_start, .)
 *(SORT(.fini_array.*))
 *(.fini_array)
                0x9d000000                PROVIDE (__fini_array_end, .)
                0x9d000000                . = ALIGN (0x4)

.ctors          0x9d000000        0x0
 *crtbegin.o(.ctors)
 *crtbegin?.o(.ctors)
 *(EXCLUDE_FILE(*crtend?.o *crtend.o) .ctors)
 *(SORT(.ctors.*))
 *(.ctors)
                0x9d000000                . = ALIGN (0x4)

.dtors          0x9d000000        0x0
 *crtbegin.o(.dtors)
 *crtbegin?.o(.dtors)
 *(EXCLUDE_FILE(*crtend?.o *crtend.o) .dtors)
 *(SORT(.dtors.*))
 *(.dtors)
                0x9d000000                . = ALIGN (0x4)

.rodata         0x9d000000        0x0
 *(.gnu.linkonce.r.*)
 *(.rodata1)
                0x9d000000                . = ALIGN (0x4)

.sdata2         0x9fc00490        0x0
 *(.sdata2 .sdata2.* .gnu.linkonce.s2.*)
                0x9fc00490                . = ALIGN (0x4)

.sbss2          0x9fc00490        0x0
 *(.sbss2 .sbss2.* .gnu.linkonce.sb2.*)
                0x9fc00490                . = ALIGN (0x4)

.eh_frame_hdr
 *(.eh_frame_hdr)
                0x9fc00490                . = ALIGN (0x4)

.eh_frame
 *(.eh_frame)
                0x9fc00490                . = ALIGN (0x4)

.gcc_except_table
 *(.gcc_except_table .gcc_except_table.*)
                0x9fc00490                . = ALIGN (0x4)

.dbg_data       0xa0000000      0x200
                0xa0000000                . = (. + DEFINED (_DEBUGGER)?0x200:0x0)
 *fill*         0xa0000000      0x200 

.jcr            0xa0000200        0x0
 *(.jcr)
                0xa0000200                . = ALIGN (0x4)

.eh_frame
 *(.eh_frame)
                0xa0000200                . = ALIGN (0x4)

.gcc_except_table
 *(.gcc_except_table .gcc_except_table.*)
                0xa0000200                . = ALIGN (0x4)

.persist        0xa0000200        0x0
                0xa0000200                _persist_begin = .
 *(.persist .persist.*)
 *(.pbss .pbss.*)
                0xa0000200                . = ALIGN (0x4)
                0xa0000200                _persist_end = .

.data           0xa0000200        0x0
 *(.gnu.linkonce.d.*)
 *(.data1)
                0xa0000200                . = ALIGN (0x4)
                0xa0000200                . = .
                0xa00081f0                _gp = (ALIGN (0x10) + 0x7ff0)

.got            0xa0000200        0x0
 *(.got.plt)
 *(.got)
                0xa0000200                . = ALIGN (0x4)

.sdata          0xa0000200        0xc
                0xa0000200                _sdata_begin = .
 *(.sdata .sdata.* .gnu.linkonce.s.*)
 .sdata         0xa0000200        0x8 build/MS1/debug/_ext/1360937237/app.o
                0xa0000200                team_array
 .sdata         0xa0000208        0x4 build/MS1/debug/_ext/1907617191/port.o
                0xa0000208                uxInterruptNesting
                0xa000020c                . = ALIGN (0x4)
                0xa000020c                _sdata_end = .

.lit8
 *(.lit8)

.lit4
 *(.lit4)
                0xa000020c                . = ALIGN (0x4)
                0xa000020c                _data_end = .
                0xa000020c                _bss_begin = .

.sbss           0xa000020c       0x74
                0xa000020c                _sbss_begin = .
 *(.dynsbss)
 *(.sbss .sbss.* .gnu.linkonce.sb.*)
 .sbss          0xa000020c        0x1 build/MS1/debug/_ext/990901843/drv_tmr_static.o
 *fill*         0xa000020d        0x3 
 .sbss          0xa0000210        0xc build/MS1/debug/_ext/557130900/system_exceptions.o
 .sbss          0xa000021c        0x8 build/MS1/debug/_ext/237061958/heap_1.o
 .sbss          0xa0000224        0x4 build/MS1/debug/_ext/1907617191/port.o
                0xa0000224                uxSavedTaskStackPointer
 .sbss          0xa0000228       0x30 build/MS1/debug/_ext/184269629/tasks.o
                0xa0000228                uxSchedulerSuspended
                0xa000022c                xNextTaskUnblockTime
                0xa0000230                uxTaskNumber
                0xa0000234                xNumOfOverflows
                0xa0000238                xYieldPending
                0xa000023c                uxPendedTicks
                0xa0000240                xSchedulerRunning
                0xa0000244                uxTopReadyPriority
                0xa0000248                xTickCount
                0xa000024c                uxCurrentNumberOfTasks
                0xa0000250                uxTasksDeleted
                0xa0000254                pxCurrentTCB
 *(.scommon)
 .scommon       0xa0000258        0x8 build/MS1/debug/_ext/557130900/system_init.o
                0xa0000258                sysObj
 .scommon       0xa0000260       0x10 build/MS1/debug/_ext/1360937237/app.o
                0xa0000260                appData
                0xa0000264                i
                0xa0000268                xQueue1
                0xa000026c                xTimer2
 .scommon       0xa0000270        0x8 build/MS1/debug/_ext/1195505982/sys_devcon.o
                0xa0000270                sysDevconObj
 .scommon       0xa0000278        0x8 build/MS1/debug/_ext/184269629/tasks.o
                0xa0000278                pxDelayedTaskList
                0xa000027c                pxOverflowDelayedTaskList
                0xa0000280                _sbss_end = .
                0xa0000280                . = ALIGN (0x4)

.bss            0xa0000280       0xc8
 *(.dynbss)
 *(COMMON)
 COMMON         0xa0000280       0xc8 build/MS1/debug/_ext/184269629/tasks.o
                0xa0000280                pxReadyTasksLists
                0xa00002e4                xPendingReadyList
                0xa00002f8                xTasksWaitingTermination
                0xa000030c                xSuspendedTaskList
                0xa0000320                xDelayedTaskList2
                0xa0000334                xDelayedTaskList1
                0xa0000348                . = ALIGN ((. != 0x0)?0x4:0x1)
                0xa0000348                . = ALIGN (0x4)
                0xa0000348                _end = .
                0xa0000348                _bss_end = .
                0x00020000                _bmxdudba_address = 0x20000
                0x00020000                _bmxdupba_address = 0x20000

/DISCARD/
 *(.pdr)
 *(.rel.dyn)
 *(.note.GNU-stack)
 *(.note.GNU-stack)
 *(.gnu_debuglink)
 *(.gnu.lto_*)
 *(.discard)

.gptab.sdata
 *(.gptab.data)
 *(.gptab.sdata)

.gptab.sbss
 *(.gptab.bss)
 *(.gptab.sbss)

.mdebug.abi32   0xa0000348        0x0
 *(.mdebug.abi32)
 .mdebug.abi32  0xa0000348        0x0 c:/program files (x86)/microchip/xc32/v1.42/bin/bin/../../lib/gcc/pic32mx/4.8.3/../../../../pic32mx/lib\software-debug-break.o
 .mdebug.abi32  0xa0000348        0x0 build/MS1/debug/_ext/1360937237/debug.o
 .mdebug.abi32  0xa0000348        0x0 build/MS1/debug/_ext/990901843/drv_tmr_static.o
 .mdebug.abi32  0xa0000348        0x0 build/MS1/debug/_ext/990901843/drv_tmr_mapping.o
 .mdebug.abi32  0xa0000348        0x0 build/MS1/debug/_ext/1257018141/sys_clk_static.o
 .mdebug.abi32  0xa0000348        0x0 build/MS1/debug/_ext/1693761747/sys_ports_static.o
 .mdebug.abi32  0xa0000348        0x0 build/MS1/debug/_ext/557130900/system_init.o
 .mdebug.abi32  0xa0000348        0x0 build/MS1/debug/_ext/557130900/system_interrupt.o
 .mdebug.abi32  0xa0000348        0x0 build/MS1/debug/_ext/557130900/system_exceptions.o
 .mdebug.abi32  0xa0000348        0x0 build/MS1/debug/_ext/557130900/system_tasks.o
 .mdebug.abi32  0xa0000348        0x0 build/MS1/debug/_ext/557130900/rtos_hooks.o
 .mdebug.abi32  0xa0000348        0x0 build/MS1/debug/_ext/1360937237/app.o
 .mdebug.abi32  0xa0000348        0x0 build/MS1/debug/_ext/1360937237/main.o
 .mdebug.abi32  0xa0000348        0x0 build/MS1/debug/_ext/1360937237/tmr_callback.o
 .mdebug.abi32  0xa0000348        0x0 build/MS1/debug/_ext/1468338728/osal_freertos.o
 .mdebug.abi32  0xa0000348        0x0 build/MS1/debug/_ext/1195505982/sys_devcon.o
 .mdebug.abi32  0xa0000348        0x0 build/MS1/debug/_ext/1195505982/sys_devcon_pic32mx.o
 .mdebug.abi32  0xa0000348        0x0 build/MS1/debug/_ext/2120346072/sys_int_pic32.o
 .mdebug.abi32  0xa0000348        0x0 build/MS1/debug/_ext/237061958/heap_1.o
 .mdebug.abi32  0xa0000348        0x0 build/MS1/debug/_ext/1907617191/port.o
 .mdebug.abi32  0xa0000348        0x0 build/MS1/debug/_ext/184269629/croutine.o
 .mdebug.abi32  0xa0000348        0x0 build/MS1/debug/_ext/184269629/list.o
 .mdebug.abi32  0xa0000348        0x0 build/MS1/debug/_ext/184269629/queue.o
 .mdebug.abi32  0xa0000348        0x0 build/MS1/debug/_ext/184269629/tasks.o
 .mdebug.abi32  0xa0000348        0x0 build/MS1/debug/_ext/184269629/timers.o
 .mdebug.abi32  0xa0000348        0x0 build/MS1/debug/_ext/184269629/event_groups.o
 .mdebug.abi32  0xa0000348        0x0 c:/program files (x86)/microchip/xc32/v1.42/bin/bin/../../lib/gcc/pic32mx/4.8.3/../../../../pic32mx/lib\libpic32.a(default-bootstrap-exception-handler.o)
 .mdebug.abi32  0xa0000348        0x0 c:/program files (x86)/microchip/xc32/v1.42/bin/bin/../../lib/gcc/pic32mx/4.8.3/../../../../pic32mx/lib\libpic32.a(default-on-reset.o)
 .mdebug.abi32  0xa0000348        0x0 c:/program files (x86)/microchip/xc32/v1.42/bin/bin/../../lib/gcc/pic32mx/4.8.3/../../../../pic32mx/lib\libpic32.a(default-on-bootstrap.o)
 .mdebug.abi32  0xa0000348        0x0 c:/program files (x86)/microchip/xc32/v1.42/bin/bin/../../lib/gcc/pic32mx/4.8.3/../../../../pic32mx/lib\libpic32.a(defaultinterrupt.o)

.mdebug.abiN32
 *(.mdebug.abiN32)

.mdebug.abi64
 *(.mdebug.abi64)

.mdebug.abiO64
 *(.mdebug.abiO64)

.mdebug.eabi32
 *(.mdebug.eabi32)

.mdebug.eabi64
 *(.mdebug.eabi64)

.gcc_compiled_long32
 *(.gcc_compiled_long32)

.gcc_compiled_long64
 *(.gcc_compiled_long64)

.stab
 *(.stab)

.stabstr
 *(.stabstr)

.stab.excl
 *(.stab.excl)

.stab.exclstr
 *(.stab.exclstr)

.stab.index
 *(.stab.index)

.stab.indexstr
 *(.stab.indexstr)

.comment        0x00000000       0x54
 *(.comment)
 .comment       0x00000000       0x3c c:/program files (x86)/microchip/xc32/v1.42/bin/bin/../../lib/gcc/pic32mx/4.8.3/../../../../pic32mx/lib\software-debug-break.o
                                 0x3d (size before relaxing)
 .comment       0x00000000       0x3d build/MS1/debug/_ext/1360937237/debug.o
 .comment       0x00000000       0x3d build/MS1/debug/_ext/990901843/drv_tmr_static.o
 .comment       0x00000000       0x3d build/MS1/debug/_ext/990901843/drv_tmr_mapping.o
 .comment       0x00000000       0x3d build/MS1/debug/_ext/1257018141/sys_clk_static.o
 .comment       0x00000000       0x3d build/MS1/debug/_ext/1693761747/sys_ports_static.o
 .comment       0x00000000       0x3d build/MS1/debug/_ext/557130900/system_init.o
 .comment       0x00000000       0x3d build/MS1/debug/_ext/557130900/system_interrupt.o
 .comment       0x00000000       0x3d build/MS1/debug/_ext/557130900/system_exceptions.o
 .comment       0x00000000       0x3d build/MS1/debug/_ext/557130900/system_tasks.o
 .comment       0x00000000       0x3d build/MS1/debug/_ext/557130900/rtos_hooks.o
 .comment       0x00000000       0x3d build/MS1/debug/_ext/1360937237/app.o
 .comment       0x00000000       0x3d build/MS1/debug/_ext/1360937237/main.o
 .comment       0x00000000       0x3d build/MS1/debug/_ext/1360937237/tmr_callback.o
 .comment       0x00000000       0x3d build/MS1/debug/_ext/1468338728/osal_freertos.o
 .comment       0x00000000       0x3d build/MS1/debug/_ext/1195505982/sys_devcon.o
 .comment       0x00000000       0x3d build/MS1/debug/_ext/1195505982/sys_devcon_pic32mx.o
 .comment       0x00000000       0x3d build/MS1/debug/_ext/2120346072/sys_int_pic32.o
 .comment       0x00000000       0x3d build/MS1/debug/_ext/237061958/heap_1.o
 .comment       0x00000000       0x3d build/MS1/debug/_ext/1907617191/port.o
 .comment       0x00000000       0x3d build/MS1/debug/_ext/184269629/croutine.o
 .comment       0x00000000       0x3d build/MS1/debug/_ext/184269629/list.o
 .comment       0x00000000       0x3d build/MS1/debug/_ext/184269629/queue.o
 .comment       0x00000000       0x3d build/MS1/debug/_ext/184269629/tasks.o
 .comment       0x00000000       0x3d build/MS1/debug/_ext/184269629/timers.o
 .comment       0x00000000       0x3d build/MS1/debug/_ext/184269629/event_groups.o
 .comment       0x0000003c       0x18 c:/program files (x86)/microchip/xc32/v1.42/bin/bin/../../lib/gcc/pic32mx/4.8.3/../../../../pic32mx/lib\libpic32.a(memset.o)
                                 0x19 (size before relaxing)
 .comment       0x00000000       0x3d c:/program files (x86)/microchip/xc32/v1.42/bin/bin/../../lib/gcc/pic32mx/4.8.3/../../../../pic32mx/lib\libpic32.a(default-bootstrap-exception-handler.o)
 .comment       0x00000000       0x3d c:/program files (x86)/microchip/xc32/v1.42/bin/bin/../../lib/gcc/pic32mx/4.8.3/../../../../pic32mx/lib\libpic32.a(default-on-reset.o)
 .comment       0x00000000       0x3d c:/program files (x86)/microchip/xc32/v1.42/bin/bin/../../lib/gcc/pic32mx/4.8.3/../../../../pic32mx/lib\libpic32.a(default-on-bootstrap.o)
 .comment       0x00000000       0x3d c:/program files (x86)/microchip/xc32/v1.42/bin/bin/../../lib/gcc/pic32mx/4.8.3/../../../../pic32mx/lib\libpic32.a(defaultinterrupt.o)

.debug
 *(.debug)

.line
 *(.line)

.debug_srcinfo
 *(.debug_srcinfo)

.debug_sfnames
 *(.debug_sfnames)

.debug_aranges  0x00000000      0xa08
 *(.debug_aranges)
 .debug_aranges
                0x00000000       0x20 c:/program files (x86)/microchip/xc32/v1.42/bin/bin/../../lib/gcc/pic32mx/4.8.3/../../../../pic32mx/lib\software-debug-break.o
 .debug_aranges
                0x00000020       0x38 build/MS1/debug/_ext/1360937237/debug.o
 .debug_aranges
                0x00000058       0x88 build/MS1/debug/_ext/990901843/drv_tmr_static.o
 .debug_aranges
                0x000000e0       0xc8 build/MS1/debug/_ext/990901843/drv_tmr_mapping.o
 .debug_aranges
                0x000001a8       0x50 build/MS1/debug/_ext/1257018141/sys_clk_static.o
 .debug_aranges
                0x000001f8      0x108 build/MS1/debug/_ext/1693761747/sys_ports_static.o
 .debug_aranges
                0x00000300       0x20 build/MS1/debug/_ext/557130900/system_init.o
 .debug_aranges
                0x00000320       0x20 build/MS1/debug/_ext/557130900/system_interrupt.o
 .debug_aranges
                0x00000340       0x20 build/MS1/debug/_ext/557130900/system_exceptions.o
 .debug_aranges
                0x00000360       0x30 build/MS1/debug/_ext/557130900/system_tasks.o
 .debug_aranges
                0x00000390       0x28 build/MS1/debug/_ext/557130900/system_interrupt_a.o
 .debug_aranges
                0x000003b8       0x28 build/MS1/debug/_ext/557130900/rtos_hooks.o
 .debug_aranges
                0x000003e0       0x38 build/MS1/debug/_ext/1360937237/app.o
 .debug_aranges
                0x00000418       0x20 build/MS1/debug/_ext/1360937237/main.o
 .debug_aranges
                0x00000438       0x20 build/MS1/debug/_ext/1360937237/tmr_callback.o
 .debug_aranges
                0x00000458       0x88 build/MS1/debug/_ext/1468338728/osal_freertos.o
 .debug_aranges
                0x000004e0       0x78 build/MS1/debug/_ext/1195505982/sys_devcon.o
 .debug_aranges
                0x00000558       0x20 build/MS1/debug/_ext/1195505982/sys_devcon_pic32mx.o
 .debug_aranges
                0x00000578       0x48 build/MS1/debug/_ext/2120346072/sys_int_pic32.o
 .debug_aranges
                0x000005c0       0x38 build/MS1/debug/_ext/237061958/heap_1.o
 .debug_aranges
                0x000005f8       0x58 build/MS1/debug/_ext/1907617191/port.o
 .debug_aranges
                0x00000650       0x20 build/MS1/debug/_ext/1907617191/port_asm.o
 .debug_aranges
                0x00000670       0x18 build/MS1/debug/_ext/184269629/croutine.o
 .debug_aranges
                0x00000688       0x40 build/MS1/debug/_ext/184269629/list.o
 .debug_aranges
                0x000006c8       0xb0 build/MS1/debug/_ext/184269629/queue.o
 .debug_aranges
                0x00000778      0x198 build/MS1/debug/_ext/184269629/tasks.o
 .debug_aranges
                0x00000910       0x18 build/MS1/debug/_ext/184269629/timers.o
 .debug_aranges
                0x00000928       0x60 build/MS1/debug/_ext/184269629/event_groups.o
 .debug_aranges
                0x00000988       0x20 c:/program files (x86)/microchip/xc32/v1.42/bin/bin/../../lib/gcc/pic32mx/4.8.3/../../../../pic32mx/lib\libpic32.a(default-bootstrap-exception-handler.o)
 .debug_aranges
                0x000009a8       0x20 c:/program files (x86)/microchip/xc32/v1.42/bin/bin/../../lib/gcc/pic32mx/4.8.3/../../../../pic32mx/lib\libpic32.a(default-on-reset.o)
 .debug_aranges
                0x000009c8       0x20 c:/program files (x86)/microchip/xc32/v1.42/bin/bin/../../lib/gcc/pic32mx/4.8.3/../../../../pic32mx/lib\libpic32.a(default-on-bootstrap.o)
 .debug_aranges
                0x000009e8       0x20 c:/program files (x86)/microchip/xc32/v1.42/bin/bin/../../lib/gcc/pic32mx/4.8.3/../../../../pic32mx/lib\libpic32.a(defaultinterrupt.o)

.debug_pubnames
 *(.debug_pubnames)

.debug_info     0x00000000    0x19648
 *(.debug_info .gnu.linkonce.wi.*)
 .debug_info    0x00000000       0xe5 c:/program files (x86)/microchip/xc32/v1.42/bin/bin/../../lib/gcc/pic32mx/4.8.3/../../../../pic32mx/lib\software-debug-break.o
 .debug_info    0x000000e5      0xfba build/MS1/debug/_ext/1360937237/debug.o
 .debug_info    0x0000109f     0x33d0 build/MS1/debug/_ext/990901843/drv_tmr_static.o
 .debug_info    0x0000446f     0x108b build/MS1/debug/_ext/990901843/drv_tmr_mapping.o
 .debug_info    0x000054fa     0x1261 build/MS1/debug/_ext/1257018141/sys_clk_static.o
 .debug_info    0x0000675b     0x3aee build/MS1/debug/_ext/1693761747/sys_ports_static.o
 .debug_info    0x0000a249      0xb4e build/MS1/debug/_ext/557130900/system_init.o
 .debug_info    0x0000ad97     0x107f build/MS1/debug/_ext/557130900/system_interrupt.o
 .debug_info    0x0000be16      0x678 build/MS1/debug/_ext/557130900/system_exceptions.o
 .debug_info    0x0000c48e      0x884 build/MS1/debug/_ext/557130900/system_tasks.o
 .debug_info    0x0000cd12       0x97 build/MS1/debug/_ext/557130900/system_interrupt_a.o
 .debug_info    0x0000cda9      0x251 build/MS1/debug/_ext/557130900/rtos_hooks.o
 .debug_info    0x0000cffa      0xe09 build/MS1/debug/_ext/1360937237/app.o
 .debug_info    0x0000de03      0x1ab build/MS1/debug/_ext/1360937237/main.o
 .debug_info    0x0000dfae      0x6ba build/MS1/debug/_ext/1360937237/tmr_callback.o
 .debug_info    0x0000e668      0xada build/MS1/debug/_ext/1468338728/osal_freertos.o
 .debug_info    0x0000f142     0x118f build/MS1/debug/_ext/1195505982/sys_devcon.o
 .debug_info    0x000102d1      0xd73 build/MS1/debug/_ext/1195505982/sys_devcon_pic32mx.o
 .debug_info    0x00011044     0x15e2 build/MS1/debug/_ext/2120346072/sys_int_pic32.o
 .debug_info    0x00012626      0x3aa build/MS1/debug/_ext/237061958/heap_1.o
 .debug_info    0x000129d0     0x11de build/MS1/debug/_ext/1907617191/port.o
 .debug_info    0x00013bae       0xef build/MS1/debug/_ext/1907617191/port_asm.o
 .debug_info    0x00013c9d      0x1a1 build/MS1/debug/_ext/184269629/croutine.o
 .debug_info    0x00013e3e      0x496 build/MS1/debug/_ext/184269629/list.o
 .debug_info    0x000142d4     0x1782 build/MS1/debug/_ext/184269629/queue.o
 .debug_info    0x00015a56     0x294a build/MS1/debug/_ext/184269629/tasks.o
 .debug_info    0x000183a0      0x19f build/MS1/debug/_ext/184269629/timers.o
 .debug_info    0x0001853f      0xd85 build/MS1/debug/_ext/184269629/event_groups.o
 .debug_info    0x000192c4       0xf5 c:/program files (x86)/microchip/xc32/v1.42/bin/bin/../../lib/gcc/pic32mx/4.8.3/../../../../pic32mx/lib\libpic32.a(default-bootstrap-exception-handler.o)
 .debug_info    0x000193b9       0xcf c:/program files (x86)/microchip/xc32/v1.42/bin/bin/../../lib/gcc/pic32mx/4.8.3/../../../../pic32mx/lib\libpic32.a(default-on-reset.o)
 .debug_info    0x00019488       0xd7 c:/program files (x86)/microchip/xc32/v1.42/bin/bin/../../lib/gcc/pic32mx/4.8.3/../../../../pic32mx/lib\libpic32.a(default-on-bootstrap.o)
 .debug_info    0x0001955f       0xe9 c:/program files (x86)/microchip/xc32/v1.42/bin/bin/../../lib/gcc/pic32mx/4.8.3/../../../../pic32mx/lib\libpic32.a(defaultinterrupt.o)

.debug_abbrev   0x00000000     0x2c24
 *(.debug_abbrev)
 .debug_abbrev  0x00000000       0x28 c:/program files (x86)/microchip/xc32/v1.42/bin/bin/../../lib/gcc/pic32mx/4.8.3/../../../../pic32mx/lib\software-debug-break.o
 .debug_abbrev  0x00000028      0x1ce build/MS1/debug/_ext/1360937237/debug.o
 .debug_abbrev  0x000001f6      0x330 build/MS1/debug/_ext/990901843/drv_tmr_static.o
 .debug_abbrev  0x00000526      0x29c build/MS1/debug/_ext/990901843/drv_tmr_mapping.o
 .debug_abbrev  0x000007c2      0x27b build/MS1/debug/_ext/1257018141/sys_clk_static.o
 .debug_abbrev  0x00000a3d      0x222 build/MS1/debug/_ext/1693761747/sys_ports_static.o
 .debug_abbrev  0x00000c5f      0x1ee build/MS1/debug/_ext/557130900/system_init.o
 .debug_abbrev  0x00000e4d      0x12a build/MS1/debug/_ext/557130900/system_interrupt.o
 .debug_abbrev  0x00000f77       0xa9 build/MS1/debug/_ext/557130900/system_exceptions.o
 .debug_abbrev  0x00001020      0x149 build/MS1/debug/_ext/557130900/system_tasks.o
 .debug_abbrev  0x00001169       0x12 build/MS1/debug/_ext/557130900/system_interrupt_a.o
 .debug_abbrev  0x0000117b       0x97 build/MS1/debug/_ext/557130900/rtos_hooks.o
 .debug_abbrev  0x00001212      0x25d build/MS1/debug/_ext/1360937237/app.o
 .debug_abbrev  0x0000146f       0x93 build/MS1/debug/_ext/1360937237/main.o
 .debug_abbrev  0x00001502       0xfb build/MS1/debug/_ext/1360937237/tmr_callback.o
 .debug_abbrev  0x000015fd      0x1fe build/MS1/debug/_ext/1468338728/osal_freertos.o
 .debug_abbrev  0x000017fb      0x2a1 build/MS1/debug/_ext/1195505982/sys_devcon.o
 .debug_abbrev  0x00001a9c      0x16d build/MS1/debug/_ext/1195505982/sys_devcon_pic32mx.o
 .debug_abbrev  0x00001c09      0x1ea build/MS1/debug/_ext/2120346072/sys_int_pic32.o
 .debug_abbrev  0x00001df3      0x13f build/MS1/debug/_ext/237061958/heap_1.o
 .debug_abbrev  0x00001f32      0x2cf build/MS1/debug/_ext/1907617191/port.o
 .debug_abbrev  0x00002201       0x14 build/MS1/debug/_ext/1907617191/port_asm.o
 .debug_abbrev  0x00002215       0x1b build/MS1/debug/_ext/184269629/croutine.o
 .debug_abbrev  0x00002230       0xf1 build/MS1/debug/_ext/184269629/list.o
 .debug_abbrev  0x00002321      0x2e0 build/MS1/debug/_ext/184269629/queue.o
 .debug_abbrev  0x00002601      0x2ce build/MS1/debug/_ext/184269629/tasks.o
 .debug_abbrev  0x000028cf       0x1b build/MS1/debug/_ext/184269629/timers.o
 .debug_abbrev  0x000028ea      0x29a build/MS1/debug/_ext/184269629/event_groups.o
 .debug_abbrev  0x00002b84       0x28 c:/program files (x86)/microchip/xc32/v1.42/bin/bin/../../lib/gcc/pic32mx/4.8.3/../../../../pic32mx/lib\libpic32.a(default-bootstrap-exception-handler.o)
 .debug_abbrev  0x00002bac       0x28 c:/program files (x86)/microchip/xc32/v1.42/bin/bin/../../lib/gcc/pic32mx/4.8.3/../../../../pic32mx/lib\libpic32.a(default-on-reset.o)
 .debug_abbrev  0x00002bd4       0x28 c:/program files (x86)/microchip/xc32/v1.42/bin/bin/../../lib/gcc/pic32mx/4.8.3/../../../../pic32mx/lib\libpic32.a(default-on-bootstrap.o)
 .debug_abbrev  0x00002bfc       0x28 c:/program files (x86)/microchip/xc32/v1.42/bin/bin/../../lib/gcc/pic32mx/4.8.3/../../../../pic32mx/lib\libpic32.a(defaultinterrupt.o)

.debug_line     0x00000000     0x5a63
 *(.debug_line)
 .debug_line    0x00000000       0x9c c:/program files (x86)/microchip/xc32/v1.42/bin/bin/../../lib/gcc/pic32mx/4.8.3/../../../../pic32mx/lib\software-debug-break.o
 .debug_line    0x0000009c      0x3d0 build/MS1/debug/_ext/1360937237/debug.o
 .debug_line    0x0000046c      0x6ff build/MS1/debug/_ext/990901843/drv_tmr_static.o
 .debug_line    0x00000b6b      0x496 build/MS1/debug/_ext/990901843/drv_tmr_mapping.o
 .debug_line    0x00001001      0x41a build/MS1/debug/_ext/1257018141/sys_clk_static.o
 .debug_line    0x0000141b      0x78e build/MS1/debug/_ext/1693761747/sys_ports_static.o
 .debug_line    0x00001ba9      0x3f7 build/MS1/debug/_ext/557130900/system_init.o
 .debug_line    0x00001fa0      0x296 build/MS1/debug/_ext/557130900/system_interrupt.o
 .debug_line    0x00002236      0x12c build/MS1/debug/_ext/557130900/system_exceptions.o
 .debug_line    0x00002362      0x309 build/MS1/debug/_ext/557130900/system_tasks.o
 .debug_line    0x0000266b       0x77 build/MS1/debug/_ext/557130900/system_interrupt_a.o
 .debug_line    0x000026e2      0x141 build/MS1/debug/_ext/557130900/rtos_hooks.o
 .debug_line    0x00002823      0x468 build/MS1/debug/_ext/1360937237/app.o
 .debug_line    0x00002c8b       0xba build/MS1/debug/_ext/1360937237/main.o
 .debug_line    0x00002d45      0x231 build/MS1/debug/_ext/1360937237/tmr_callback.o
 .debug_line    0x00002f76      0x2c4 build/MS1/debug/_ext/1468338728/osal_freertos.o
 .debug_line    0x0000323a      0x5e7 build/MS1/debug/_ext/1195505982/sys_devcon.o
 .debug_line    0x00003821      0x48f build/MS1/debug/_ext/1195505982/sys_devcon_pic32mx.o
 .debug_line    0x00003cb0      0x39e build/MS1/debug/_ext/2120346072/sys_int_pic32.o
 .debug_line    0x0000404e      0x21f build/MS1/debug/_ext/237061958/heap_1.o
 .debug_line    0x0000426d      0x240 build/MS1/debug/_ext/1907617191/port.o
 .debug_line    0x000044ad      0x135 build/MS1/debug/_ext/1907617191/port_asm.o
 .debug_line    0x000045e2       0x1d build/MS1/debug/_ext/184269629/croutine.o
 .debug_line    0x000045ff      0x1e5 build/MS1/debug/_ext/184269629/list.o
 .debug_line    0x000047e4      0x48f build/MS1/debug/_ext/184269629/queue.o
 .debug_line    0x00004c73      0x828 build/MS1/debug/_ext/184269629/tasks.o
 .debug_line    0x0000549b       0x1d build/MS1/debug/_ext/184269629/timers.o
 .debug_line    0x000054b8      0x32a build/MS1/debug/_ext/184269629/event_groups.o
 .debug_line    0x000057e2       0xa9 c:/program files (x86)/microchip/xc32/v1.42/bin/bin/../../lib/gcc/pic32mx/4.8.3/../../../../pic32mx/lib\libpic32.a(default-bootstrap-exception-handler.o)
 .debug_line    0x0000588b       0x96 c:/program files (x86)/microchip/xc32/v1.42/bin/bin/../../lib/gcc/pic32mx/4.8.3/../../../../pic32mx/lib\libpic32.a(default-on-reset.o)
 .debug_line    0x00005921       0x9a c:/program files (x86)/microchip/xc32/v1.42/bin/bin/../../lib/gcc/pic32mx/4.8.3/../../../../pic32mx/lib\libpic32.a(default-on-bootstrap.o)
 .debug_line    0x000059bb       0xa8 c:/program files (x86)/microchip/xc32/v1.42/bin/bin/../../lib/gcc/pic32mx/4.8.3/../../../../pic32mx/lib\libpic32.a(defaultinterrupt.o)

.debug_frame    0x00000000     0x14b4
 *(.debug_frame)
 .debug_frame   0x00000000       0x20 c:/program files (x86)/microchip/xc32/v1.42/bin/bin/../../lib/gcc/pic32mx/4.8.3/../../../../pic32mx/lib\software-debug-break.o
 .debug_frame   0x00000020       0x58 build/MS1/debug/_ext/1360937237/debug.o
 .debug_frame   0x00000078       0xf8 build/MS1/debug/_ext/990901843/drv_tmr_static.o
 .debug_frame   0x00000170      0x210 build/MS1/debug/_ext/990901843/drv_tmr_mapping.o
 .debug_frame   0x00000380       0xa0 build/MS1/debug/_ext/1257018141/sys_clk_static.o
 .debug_frame   0x00000420      0x1f0 build/MS1/debug/_ext/1693761747/sys_ports_static.o
 .debug_frame   0x00000610       0x28 build/MS1/debug/_ext/557130900/system_init.o
 .debug_frame   0x00000638       0x28 build/MS1/debug/_ext/557130900/system_interrupt.o
 .debug_frame   0x00000660       0x28 build/MS1/debug/_ext/557130900/system_exceptions.o
 .debug_frame   0x00000688       0x58 build/MS1/debug/_ext/557130900/system_tasks.o
 .debug_frame   0x000006e0       0x40 build/MS1/debug/_ext/557130900/rtos_hooks.o
 .debug_frame   0x00000720       0x70 build/MS1/debug/_ext/1360937237/app.o
 .debug_frame   0x00000790       0x28 build/MS1/debug/_ext/1360937237/main.o
 .debug_frame   0x000007b8       0x20 build/MS1/debug/_ext/1360937237/tmr_callback.o
 .debug_frame   0x000007d8      0x150 build/MS1/debug/_ext/1468338728/osal_freertos.o
 .debug_frame   0x00000928       0xe8 build/MS1/debug/_ext/1195505982/sys_devcon.o
 .debug_frame   0x00000a10       0x28 build/MS1/debug/_ext/1195505982/sys_devcon_pic32mx.o
 .debug_frame   0x00000a38       0x90 build/MS1/debug/_ext/2120346072/sys_int_pic32.o
 .debug_frame   0x00000ac8       0x5c build/MS1/debug/_ext/237061958/heap_1.o
 .debug_frame   0x00000b24       0xc0 build/MS1/debug/_ext/1907617191/port.o
 .debug_frame   0x00000be4       0x60 build/MS1/debug/_ext/184269629/list.o
 .debug_frame   0x00000c44      0x214 build/MS1/debug/_ext/184269629/queue.o
 .debug_frame   0x00000e58      0x4c8 build/MS1/debug/_ext/184269629/tasks.o
 .debug_frame   0x00001320      0x108 build/MS1/debug/_ext/184269629/event_groups.o
 .debug_frame   0x00001428       0x2c c:/program files (x86)/microchip/xc32/v1.42/bin/bin/../../lib/gcc/pic32mx/4.8.3/../../../../pic32mx/lib\libpic32.a(default-bootstrap-exception-handler.o)
 .debug_frame   0x00001454       0x20 c:/program files (x86)/microchip/xc32/v1.42/bin/bin/../../lib/gcc/pic32mx/4.8.3/../../../../pic32mx/lib\libpic32.a(default-on-reset.o)
 .debug_frame   0x00001474       0x20 c:/program files (x86)/microchip/xc32/v1.42/bin/bin/../../lib/gcc/pic32mx/4.8.3/../../../../pic32mx/lib\libpic32.a(default-on-bootstrap.o)
 .debug_frame   0x00001494       0x20 c:/program files (x86)/microchip/xc32/v1.42/bin/bin/../../lib/gcc/pic32mx/4.8.3/../../../../pic32mx/lib\libpic32.a(defaultinterrupt.o)

.debug_str      0x00000000      0x59a
 *(.debug_str)
 .debug_str     0x00000000        0x0 c:/program files (x86)/microchip/xc32/v1.42/bin/bin/../../lib/gcc/pic32mx/4.8.3/../../../../pic32mx/lib\software-debug-break.o
 .debug_str     0x00000000       0x1c build/MS1/debug/_ext/1360937237/debug.o
 .debug_str     0x0000001c       0x4d build/MS1/debug/_ext/990901843/drv_tmr_static.o
 .debug_str     0x00000069        0x7 build/MS1/debug/_ext/990901843/drv_tmr_mapping.o
 .debug_str     0x00000070       0x39 build/MS1/debug/_ext/1257018141/sys_clk_static.o
 .debug_str     0x000000a9       0x55 build/MS1/debug/_ext/1693761747/sys_ports_static.o
 .debug_str     0x000000fe        0xb build/MS1/debug/_ext/557130900/system_init.o
 .debug_str     0x00000109        0x0 build/MS1/debug/_ext/557130900/system_interrupt.o
 .debug_str     0x00000109        0x0 build/MS1/debug/_ext/557130900/system_exceptions.o
 .debug_str     0x00000109        0x0 build/MS1/debug/_ext/557130900/system_tasks.o
 .debug_str     0x00000109        0x9 build/MS1/debug/_ext/557130900/rtos_hooks.o
 .debug_str     0x00000112       0x18 build/MS1/debug/_ext/1360937237/app.o
 .debug_str     0x0000012a        0x0 build/MS1/debug/_ext/1360937237/main.o
 .debug_str     0x0000012a        0x0 build/MS1/debug/_ext/1360937237/tmr_callback.o
 .debug_str     0x0000012a       0x40 build/MS1/debug/_ext/1468338728/osal_freertos.o
 .debug_str     0x0000016a       0x16 build/MS1/debug/_ext/1195505982/sys_devcon.o
 .debug_str     0x00000180        0x6 build/MS1/debug/_ext/1195505982/sys_devcon_pic32mx.o
 .debug_str     0x00000186       0x2d build/MS1/debug/_ext/2120346072/sys_int_pic32.o
 .debug_str     0x000001b3       0x1d build/MS1/debug/_ext/237061958/heap_1.o
 .debug_str     0x000001d0       0x37 build/MS1/debug/_ext/1907617191/port.o
 .debug_str     0x00000207        0x0 build/MS1/debug/_ext/184269629/croutine.o
 .debug_str     0x00000207       0x2b build/MS1/debug/_ext/184269629/list.o
 .debug_str     0x00000232       0xf1 build/MS1/debug/_ext/184269629/queue.o
 .debug_str     0x00000323      0x191 build/MS1/debug/_ext/184269629/tasks.o
 .debug_str     0x000004b4        0x0 build/MS1/debug/_ext/184269629/timers.o
 .debug_str     0x000004b4       0xe6 build/MS1/debug/_ext/184269629/event_groups.o
 .debug_str     0x0000059a        0x0 c:/program files (x86)/microchip/xc32/v1.42/bin/bin/../../lib/gcc/pic32mx/4.8.3/../../../../pic32mx/lib\libpic32.a(default-bootstrap-exception-handler.o)
 .debug_str     0x0000059a        0x0 c:/program files (x86)/microchip/xc32/v1.42/bin/bin/../../lib/gcc/pic32mx/4.8.3/../../../../pic32mx/lib\libpic32.a(default-on-reset.o)
 .debug_str     0x0000059a        0x0 c:/program files (x86)/microchip/xc32/v1.42/bin/bin/../../lib/gcc/pic32mx/4.8.3/../../../../pic32mx/lib\libpic32.a(default-on-bootstrap.o)
 .debug_str     0x0000059a        0x0 c:/program files (x86)/microchip/xc32/v1.42/bin/bin/../../lib/gcc/pic32mx/4.8.3/../../../../pic32mx/lib\libpic32.a(defaultinterrupt.o)

.debug_loc      0x00000000     0x5ac7
 *(.debug_loc)
 .debug_loc     0x00000000      0x30d build/MS1/debug/_ext/1360937237/debug.o
 .debug_loc     0x0000030d      0x325 build/MS1/debug/_ext/990901843/drv_tmr_static.o
 .debug_loc     0x00000632      0x52c build/MS1/debug/_ext/990901843/drv_tmr_mapping.o
 .debug_loc     0x00000b5e       0xed build/MS1/debug/_ext/1257018141/sys_clk_static.o
 .debug_loc     0x00000c4b      0xecf build/MS1/debug/_ext/1693761747/sys_ports_static.o
 .debug_loc     0x00001b1a       0x41 build/MS1/debug/_ext/557130900/system_init.o
 .debug_loc     0x00001b5b       0x20 build/MS1/debug/_ext/557130900/system_interrupt.o
 .debug_loc     0x00001b7b       0x20 build/MS1/debug/_ext/557130900/system_exceptions.o
 .debug_loc     0x00001b9b       0x60 build/MS1/debug/_ext/557130900/system_tasks.o
 .debug_loc     0x00001bfb       0x74 build/MS1/debug/_ext/557130900/rtos_hooks.o
 .debug_loc     0x00001c6f       0xd7 build/MS1/debug/_ext/1360937237/app.o
 .debug_loc     0x00001d46       0x20 build/MS1/debug/_ext/1360937237/main.o
 .debug_loc     0x00001d66      0x58c build/MS1/debug/_ext/1468338728/osal_freertos.o
 .debug_loc     0x000022f2      0x150 build/MS1/debug/_ext/1195505982/sys_devcon.o
 .debug_loc     0x00002442      0x10c build/MS1/debug/_ext/1195505982/sys_devcon_pic32mx.o
 .debug_loc     0x0000254e      0x10d build/MS1/debug/_ext/2120346072/sys_int_pic32.o
 .debug_loc     0x0000265b       0x69 build/MS1/debug/_ext/237061958/heap_1.o
 .debug_loc     0x000026c4      0x1aa build/MS1/debug/_ext/1907617191/port.o
 .debug_loc     0x0000286e       0x31 build/MS1/debug/_ext/184269629/list.o
 .debug_loc     0x0000289f      0xe9c build/MS1/debug/_ext/184269629/queue.o
 .debug_loc     0x0000373b     0x1982 build/MS1/debug/_ext/184269629/tasks.o
 .debug_loc     0x000050bd      0xa0a build/MS1/debug/_ext/184269629/event_groups.o

.debug_macinfo
 *(.debug_macinfo)

.debug_weaknames
 *(.debug_weaknames)

.debug_funcnames
 *(.debug_funcnames)

.debug_typenames
 *(.debug_typenames)

.debug_varnames
 *(.debug_varnames)

.debug_pubtypes
 *(.debug_pubtypes)

.debug_ranges   0x00000000      0x9d0
 *(.debug_ranges)
 .debug_ranges  0x00000000       0x10 c:/program files (x86)/microchip/xc32/v1.42/bin/bin/../../lib/gcc/pic32mx/4.8.3/../../../../pic32mx/lib\software-debug-break.o
 .debug_ranges  0x00000010      0x178 build/MS1/debug/_ext/1360937237/debug.o
 .debug_ranges  0x00000188       0x90 build/MS1/debug/_ext/990901843/drv_tmr_static.o
 .debug_ranges  0x00000218       0xb8 build/MS1/debug/_ext/990901843/drv_tmr_mapping.o
 .debug_ranges  0x000002d0       0x40 build/MS1/debug/_ext/1257018141/sys_clk_static.o
 .debug_ranges  0x00000310       0xf8 build/MS1/debug/_ext/1693761747/sys_ports_static.o
 .debug_ranges  0x00000408       0x10 build/MS1/debug/_ext/557130900/system_init.o
 .debug_ranges  0x00000418       0x10 build/MS1/debug/_ext/557130900/system_interrupt.o
 .debug_ranges  0x00000428       0x10 build/MS1/debug/_ext/557130900/system_exceptions.o
 .debug_ranges  0x00000438       0x20 build/MS1/debug/_ext/557130900/system_tasks.o
 .debug_ranges  0x00000458       0x20 build/MS1/debug/_ext/557130900/system_interrupt_a.o
 .debug_ranges  0x00000478       0x18 build/MS1/debug/_ext/557130900/rtos_hooks.o
 .debug_ranges  0x00000490       0x28 build/MS1/debug/_ext/1360937237/app.o
 .debug_ranges  0x000004b8       0x10 build/MS1/debug/_ext/1360937237/main.o
 .debug_ranges  0x000004c8       0x10 build/MS1/debug/_ext/1360937237/tmr_callback.o
 .debug_ranges  0x000004d8       0x78 build/MS1/debug/_ext/1468338728/osal_freertos.o
 .debug_ranges  0x00000550       0x68 build/MS1/debug/_ext/1195505982/sys_devcon.o
 .debug_ranges  0x000005b8       0x10 build/MS1/debug/_ext/1195505982/sys_devcon_pic32mx.o
 .debug_ranges  0x000005c8       0x50 build/MS1/debug/_ext/2120346072/sys_int_pic32.o
 .debug_ranges  0x00000618       0x28 build/MS1/debug/_ext/237061958/heap_1.o
 .debug_ranges  0x00000640       0x48 build/MS1/debug/_ext/1907617191/port.o
 .debug_ranges  0x00000688       0x30 build/MS1/debug/_ext/184269629/list.o
 .debug_ranges  0x000006b8       0xa0 build/MS1/debug/_ext/184269629/queue.o
 .debug_ranges  0x00000758      0x1a0 build/MS1/debug/_ext/184269629/tasks.o
 .debug_ranges  0x000008f8       0x98 build/MS1/debug/_ext/184269629/event_groups.o
 .debug_ranges  0x00000990       0x10 c:/program files (x86)/microchip/xc32/v1.42/bin/bin/../../lib/gcc/pic32mx/4.8.3/../../../../pic32mx/lib\libpic32.a(default-bootstrap-exception-handler.o)
 .debug_ranges  0x000009a0       0x10 c:/program files (x86)/microchip/xc32/v1.42/bin/bin/../../lib/gcc/pic32mx/4.8.3/../../../../pic32mx/lib\libpic32.a(default-on-reset.o)
 .debug_ranges  0x000009b0       0x10 c:/program files (x86)/microchip/xc32/v1.42/bin/bin/../../lib/gcc/pic32mx/4.8.3/../../../../pic32mx/lib\libpic32.a(default-on-bootstrap.o)
 .debug_ranges  0x000009c0       0x10 c:/program files (x86)/microchip/xc32/v1.42/bin/bin/../../lib/gcc/pic32mx/4.8.3/../../../../pic32mx/lib\libpic32.a(defaultinterrupt.o)

.gnu.attributes
                0x00000000       0x10
 *(.gnu.attributes)
 .gnu.attributes
                0x00000000       0x10 c:/program files (x86)/microchip/xc32/v1.42/bin/bin/../../lib/gcc/pic32mx/4.8.3/../../../../pic32mx/lib\software-debug-break.o
 .gnu.attributes
                0x00000010       0x10 build/MS1/debug/_ext/1360937237/debug.o
 .gnu.attributes
                0x00000020       0x10 build/MS1/debug/_ext/990901843/drv_tmr_static.o
 .gnu.attributes
                0x00000030       0x10 build/MS1/debug/_ext/990901843/drv_tmr_mapping.o
 .gnu.attributes
                0x00000040       0x10 build/MS1/debug/_ext/1257018141/sys_clk_static.o
 .gnu.attributes
                0x00000050       0x10 build/MS1/debug/_ext/1693761747/sys_ports_static.o
 .gnu.attributes
                0x00000060       0x10 build/MS1/debug/_ext/557130900/system_init.o
 .gnu.attributes
                0x00000070       0x10 build/MS1/debug/_ext/557130900/system_interrupt.o
 .gnu.attributes
                0x00000080       0x10 build/MS1/debug/_ext/557130900/system_exceptions.o
 .gnu.attributes
                0x00000090       0x10 build/MS1/debug/_ext/557130900/system_tasks.o
 .gnu.attributes
                0x000000a0       0x10 build/MS1/debug/_ext/557130900/rtos_hooks.o
 .gnu.attributes
                0x000000b0       0x10 build/MS1/debug/_ext/1360937237/app.o
 .gnu.attributes
                0x000000c0       0x10 build/MS1/debug/_ext/1360937237/main.o
 .gnu.attributes
                0x000000d0       0x10 build/MS1/debug/_ext/1360937237/tmr_callback.o
 .gnu.attributes
                0x000000e0       0x10 build/MS1/debug/_ext/1468338728/osal_freertos.o
 .gnu.attributes
                0x000000f0       0x10 build/MS1/debug/_ext/1195505982/sys_devcon.o
 .gnu.attributes
                0x00000100       0x10 build/MS1/debug/_ext/1195505982/sys_devcon_pic32mx.o
 .gnu.attributes
                0x00000110       0x10 build/MS1/debug/_ext/2120346072/sys_int_pic32.o
 .gnu.attributes
                0x00000120       0x10 build/MS1/debug/_ext/237061958/heap_1.o
 .gnu.attributes
                0x00000130       0x10 build/MS1/debug/_ext/1907617191/port.o
 .gnu.attributes
                0x00000140       0x10 build/MS1/debug/_ext/184269629/croutine.o
 .gnu.attributes
                0x00000150       0x10 build/MS1/debug/_ext/184269629/list.o
 .gnu.attributes
                0x00000160       0x10 build/MS1/debug/_ext/184269629/queue.o
 .gnu.attributes
                0x00000170       0x10 build/MS1/debug/_ext/184269629/tasks.o
 .gnu.attributes
                0x00000180       0x10 build/MS1/debug/_ext/184269629/timers.o
 .gnu.attributes
                0x00000190       0x10 build/MS1/debug/_ext/184269629/event_groups.o
 .gnu.attributes
                0x000001a0       0x10 c:/program files (x86)/microchip/xc32/v1.42/bin/bin/../../lib/gcc/pic32mx/4.8.3/../../../../pic32mx/lib\libpic32.a(default-bootstrap-exception-handler.o)
 .gnu.attributes
                0x000001b0       0x10 c:/program files (x86)/microchip/xc32/v1.42/bin/bin/../../lib/gcc/pic32mx/4.8.3/../../../../pic32mx/lib\libpic32.a(default-on-reset.o)
 .gnu.attributes
                0x000001c0       0x10 c:/program files (x86)/microchip/xc32/v1.42/bin/bin/../../lib/gcc/pic32mx/4.8.3/../../../../pic32mx/lib\libpic32.a(default-on-bootstrap.o)
 .gnu.attributes
                0x000001d0       0x10 c:/program files (x86)/microchip/xc32/v1.42/bin/bin/../../lib/gcc/pic32mx/4.8.3/../../../../pic32mx/lib\libpic32.a(defaultinterrupt.o)
LOAD c:/program files (x86)/microchip/xc32/v1.42/bin/bin/../../lib/gcc/pic32mx/4.8.3\libgcc.a
START GROUP
LOAD c:/program files (x86)/microchip/xc32/v1.42/bin/bin/../../lib/gcc/pic32mx/4.8.3/../../../../pic32mx/lib\libpic32.a
LOAD c:/program files (x86)/microchip/xc32/v1.42/bin/bin/../../lib/gcc/pic32mx/4.8.3/../../../../pic32mx/lib\libdebug.a
LOAD c:/program files (x86)/microchip/xc32/v1.42/bin/bin/../../lib/gcc/pic32mx/4.8.3/../../../../pic32mx/lib\libpic32.a
LOAD c:/program files (x86)/microchip/xc32/v1.42/bin/bin/../../lib/gcc/pic32mx/4.8.3/../../../../pic32mx/lib\libm.a
LOAD c:/program files (x86)/microchip/xc32/v1.42/bin/bin/../../lib/gcc/pic32mx/4.8.3/../../../../pic32mx/lib\libe.a
LOAD c:/program files (x86)/microchip/xc32/v1.42/bin/bin/../../lib/gcc/pic32mx/4.8.3/../../../../pic32mx/lib\libdsp.a
LOAD c:/program files (x86)/microchip/xc32/v1.42/bin/bin/../../lib/gcc/pic32mx/4.8.3\libgcc.a
LOAD c:/program files (x86)/microchip/xc32/v1.42/bin/bin/../../lib/gcc/pic32mx/4.8.3/../../../../pic32mx/lib\libc.a
LOAD c:/program files (x86)/microchip/xc32/v1.42/bin/bin/../../lib/gcc/pic32mx/4.8.3/../../../../pic32mx/lib\libc.a
LOAD c:/program files (x86)/microchip/xc32/v1.42/bin/bin/../../lib/gcc/pic32mx/4.8.3/../../../../pic32mx/lib\libpic32.a
END GROUP
LOAD c:/program files (x86)/microchip/xc32/v1.42/bin/bin/../../lib/gcc/pic32mx/4.8.3\libgcc.a
OUTPUT(dist/MS1/debug/Team13_MS1.X.debug.elf elf32-tradlittlemips)
LOAD stack
LOAD data_init

.reginfo        0x00000000       0x18
 .reginfo       0x00000000       0x18 c:/program files (x86)/microchip/xc32/v1.42/bin/bin/../../lib/gcc/pic32mx/4.8.3/../../../../pic32mx/lib/./proc/32MX795F512L/crt0_mips32r2.o

.stack          0xa00041a0      0x400
 .stack         0xa00041a0      0x400 stack

.bss            0xa0000348     0x3e3c
 .bss           0xa0000348     0x37fc build/MS1/debug/_ext/237061958/heap_1.o
 .bss           0xa0003b44      0x640 build/MS1/debug/_ext/1907617191/port.o
                0xa0003b44                xISRStack

.text           0x9d000000      0x454
 .text          0x9d000000      0x454 build/MS1/debug/_ext/1907617191/port_asm.o
                0x9d000000                vPortTickInterruptHandler
                0x9d0001ac                vPortStartFirstTask
                0x9d000274                vPortYieldISR

.text.xTaskGenericCreate
                0x9d000454      0x1c0
 .text.xTaskGenericCreate
                0x9d000454      0x1c0 build/MS1/debug/_ext/184269629/tasks.o
                0x9d000454                xTaskGenericCreate

.DrvTmrInstance0_vector_text
                0x9d000614      0x1b4
 .DrvTmrInstance0_vector_text
                0x9d000614      0x1b4 build/MS1/debug/_ext/557130900/system_interrupt_a.o

.text.xTaskIncrementTick
                0x9d0007c8      0x19c
 .text.xTaskIncrementTick
                0x9d0007c8      0x19c build/MS1/debug/_ext/184269629/tasks.o
                0x9d0007c8                xTaskIncrementTick

.text.dbgOutputVal
                0x9d000964      0x184
 .text.dbgOutputVal
                0x9d000964      0x184 build/MS1/debug/_ext/1360937237/debug.o
                0x9d000964                dbgOutputVal

.text.dbgOutputLoc
                0x9d000ae8      0x184
 .text.dbgOutputLoc
                0x9d000ae8      0x184 build/MS1/debug/_ext/1360937237/debug.o
                0x9d000ae8                dbgOutputLoc

.text.xTaskResumeAll
                0x9d000c6c      0x154
 .text.xTaskResumeAll
                0x9d000c6c      0x154 build/MS1/debug/_ext/184269629/tasks.o
                0x9d000c6c                xTaskResumeAll

.rodata         0x9d000dc0      0x128
 .rodata        0x9d000dc0      0x128 build/MS1/debug/_ext/557130900/system_exceptions.o

.text.vTaskSwitchContext
                0x9d000ee8       0xe0
 .text.vTaskSwitchContext
                0x9d000ee8       0xe0 build/MS1/debug/_ext/184269629/tasks.o
                0x9d000ee8                vTaskSwitchContext

.text.SYS_DEVCON_PerformanceConfig
                0x9d000fc8       0xdc
 .text.SYS_DEVCON_PerformanceConfig
                0x9d000fc8       0xdc build/MS1/debug/_ext/1195505982/sys_devcon_pic32mx.o
                0x9d000fc8                SYS_DEVCON_PerformanceConfig

.text.general_exception
                0x9d0010a4       0xdc
 .text.general_exception
                0x9d0010a4       0xdc c:/program files (x86)/microchip/xc32/v1.42/bin/bin/../../lib/gcc/pic32mx/4.8.3/../../../../pic32mx/lib\libpic32.a(general-exception.o)
                0x9d0010a4                _general_exception_context

.text.pvPortMalloc
                0x9d001180       0xb8
 .text.pvPortMalloc
                0x9d001180       0xb8 build/MS1/debug/_ext/237061958/heap_1.o
                0x9d001180                pvPortMalloc

.text.prvInitialiseTCBVariables
                0x9d001238       0xb4
 .text.prvInitialiseTCBVariables
                0x9d001238       0xb4 build/MS1/debug/_ext/184269629/tasks.o
                0x9d001238                prvInitialiseTCBVariables

.text           0x9d0012ec       0xa8
 .text          0x9d0012ec       0xa8 c:/program files (x86)/microchip/xc32/v1.42/bin/bin/../../lib/gcc/pic32mx/4.8.3/../../../../pic32mx/lib\libpic32.a(memset.o)
                0x9d0012ec                memset

.text.prvInitialiseTaskLists
                0x9d001394       0x90
 .text.prvInitialiseTaskLists
                0x9d001394       0x90 build/MS1/debug/_ext/184269629/tasks.o
                0x9d001394                prvInitialiseTaskLists

.text.prvCheckTasksWaitingTermination
                0x9d001424       0x90
 .text.prvCheckTasksWaitingTermination
                0x9d001424       0x90 build/MS1/debug/_ext/184269629/tasks.o
                0x9d001424                prvCheckTasksWaitingTermination

.dinit          0x9d0014b4       0x90
 .dinit         0x9d0014b4       0x90 data_init

.text.prvAllocateTCBAndStack
                0x9d001544       0x84
 .text.prvAllocateTCBAndStack
                0x9d001544       0x84 build/MS1/debug/_ext/184269629/tasks.o
                0x9d001544                prvAllocateTCBAndStack

.text.vTaskStartScheduler
                0x9d0015c8       0x84
 .text.vTaskStartScheduler
                0x9d0015c8       0x84 build/MS1/debug/_ext/184269629/tasks.o
                0x9d0015c8                vTaskStartScheduler

.text.DRV_TMR0_Initialize
                0x9d00164c       0x7c
 .text.DRV_TMR0_Initialize
                0x9d00164c       0x7c build/MS1/debug/_ext/990901843/drv_tmr_static.o
                0x9d00164c                DRV_TMR0_Initialize

.text.SYS_CLK_Initialize
                0x9d0016c8       0x7c
 .text.SYS_CLK_Initialize
                0x9d0016c8       0x7c build/MS1/debug/_ext/1257018141/sys_clk_static.o
                0x9d0016c8                SYS_CLK_Initialize

.text.SYS_Tasks
                0x9d001744       0x78
 .text.SYS_Tasks
                0x9d001744       0x78 build/MS1/debug/_ext/557130900/system_tasks.o
                0x9d001744                SYS_Tasks

.text.vApplicationSetupTickTimerInterrupt
                0x9d0017bc       0x6c
 .text.vApplicationSetupTickTimerInterrupt
                0x9d0017bc       0x6c build/MS1/debug/_ext/1907617191/port.o
                0x9d0017bc                vApplicationSetupTickTimerInterrupt

.text.vTaskExitCritical
                0x9d001828       0x68
 .text.vTaskExitCritical
                0x9d001828       0x68 build/MS1/debug/_ext/184269629/tasks.o
                0x9d001828                vTaskExitCritical

.text.SYS_Initialize
                0x9d001890       0x64
 .text.SYS_Initialize
                0x9d001890       0x64 build/MS1/debug/_ext/557130900/system_init.o
                0x9d001890                SYS_Initialize

.text.xPortStartScheduler
                0x9d0018f4       0x5c
 .text.xPortStartScheduler
                0x9d0018f4       0x5c build/MS1/debug/_ext/1907617191/port.o
                0x9d0018f4                xPortStartScheduler

.text.SYS_DEVCON_SystemUnlock
                0x9d001950       0x58
 .text.SYS_DEVCON_SystemUnlock
                0x9d001950       0x58 build/MS1/debug/_ext/1195505982/sys_devcon.o
                0x9d001950                SYS_DEVCON_SystemUnlock

.text.main_entry
                0x9d0019a8       0x54
 .text.main_entry
                0x9d0019a8       0x54 c:/program files (x86)/microchip/xc32/v1.42/bin/bin/../../lib/gcc/pic32mx/4.8.3/../../../../pic32mx/lib/./proc/32MX795F512L/crt0_mips32r2.o
                0x9d0019dc                __crt0_exit

.text.pxPortInitialiseStack
                0x9d0019fc       0x54
 .text.pxPortInitialiseStack
                0x9d0019fc       0x54 build/MS1/debug/_ext/1907617191/port.o
                0x9d0019fc                pxPortInitialiseStack

.text.vPortIncrementTick
                0x9d001a50       0x54
 .text.vPortIncrementTick
                0x9d001a50       0x54 build/MS1/debug/_ext/1907617191/port.o
                0x9d001a50                vPortIncrementTick

.text.vTaskEnterCritical
                0x9d001aa4       0x50
 .text.vTaskEnterCritical
                0x9d001aa4       0x50 build/MS1/debug/_ext/184269629/tasks.o
                0x9d001aa4                vTaskEnterCritical

.text.APP_Initialize
                0x9d001af4       0x4c
 .text.APP_Initialize
                0x9d001af4       0x4c build/MS1/debug/_ext/1360937237/app.o
                0x9d001af4                APP_Initialize

.text.SYS_DEVCON_SystemLock
                0x9d001b40       0x48
 .text.SYS_DEVCON_SystemLock
                0x9d001b40       0x48 build/MS1/debug/_ext/1195505982/sys_devcon.o
                0x9d001b40                SYS_DEVCON_SystemLock

.text._bootstrap_exception_handler
                0x9d001b88       0x48
 .text._bootstrap_exception_handler
                0x9d001b88       0x48 c:/program files (x86)/microchip/xc32/v1.42/bin/bin/../../lib/gcc/pic32mx/4.8.3/../../../../pic32mx/lib\libpic32.a(default-bootstrap-exception-handler.o)
                0x9d001b88                _bootstrap_exception_handler

.vector_default
                0x9d001bd0       0x48
 .vector_default
                0x9d001bd0       0x48 c:/program files (x86)/microchip/xc32/v1.42/bin/bin/../../lib/gcc/pic32mx/4.8.3/../../../../pic32mx/lib\libpic32.a(defaultinterrupt.o)
                0x9d001bd0                _DefaultInterrupt

.text._general_exception_handler
                0x9d001c18       0x44
 .text._general_exception_handler
                0x9d001c18       0x44 build/MS1/debug/_ext/557130900/system_exceptions.o
                0x9d001c18                _general_exception_handler

.text.uxListRemove
                0x9d001c5c       0x44
 .text.uxListRemove
                0x9d001c5c       0x44 build/MS1/debug/_ext/184269629/list.o
                0x9d001c5c                uxListRemove

.text           0x9d001ca0       0x44
 .text          0x9d001ca0       0x44 c:/program files (x86)/microchip/xc32/v1.42/bin/bin/../../lib/gcc/pic32mx/4.8.3/../../../../pic32mx/lib\pic32_software_reset.o
                0x9d001ca0                __pic32_software_reset

.text.DRV_TMR0_Stop
                0x9d001ce4       0x40
 .text.DRV_TMR0_Stop
                0x9d001ce4       0x40 build/MS1/debug/_ext/990901843/drv_tmr_static.o
                0x9d001ce4                DRV_TMR0_Stop

.text.SYS_PORTS_Initialize
                0x9d001d24       0x40
 .text.SYS_PORTS_Initialize
                0x9d001d24       0x40 build/MS1/debug/_ext/1693761747/sys_ports_static.o
                0x9d001d24                SYS_PORTS_Initialize

.text.prvIdleTask
                0x9d001d64       0x40
 .text.prvIdleTask
                0x9d001d64       0x40 build/MS1/debug/_ext/184269629/tasks.o
                0x9d001d64                prvIdleTask

.text.DRV_TMR0_Start
                0x9d001da4       0x3c
 .text.DRV_TMR0_Start
                0x9d001da4       0x3c build/MS1/debug/_ext/990901843/drv_tmr_static.o
                0x9d001da4                DRV_TMR0_Start

.text.uxPortSetInterruptMaskFromISR
                0x9d001de0       0x3c
 .text.uxPortSetInterruptMaskFromISR
                0x9d001de0       0x3c build/MS1/debug/_ext/1907617191/port.o
                0x9d001de0                uxPortSetInterruptMaskFromISR

.text.dbgOutInit
                0x9d001e1c       0x38
 .text.dbgOutInit
                0x9d001e1c       0x38 build/MS1/debug/_ext/1360937237/debug.o
                0x9d001e1c                dbgOutInit

.text.APP_Tasks
                0x9d001e54       0x38
 .text.APP_Tasks
                0x9d001e54       0x38 build/MS1/debug/_ext/1360937237/app.o
                0x9d001e54                APP_Tasks

.text.prvResetNextTaskUnblockTime
                0x9d001e8c       0x38
 .text.prvResetNextTaskUnblockTime
                0x9d001e8c       0x38 build/MS1/debug/_ext/184269629/tasks.o
                0x9d001e8c                prvResetNextTaskUnblockTime

.text.procFailure
                0x9d001ec4       0x30
 .text.procFailure
                0x9d001ec4       0x30 build/MS1/debug/_ext/1360937237/debug.o
                0x9d001ec4                procFailure

.text.vListInsertEnd
                0x9d001ef4       0x30
 .text.vListInsertEnd
                0x9d001ef4       0x30 build/MS1/debug/_ext/184269629/list.o
                0x9d001ef4                vListInsertEnd

.text.prvDeleteTCB
                0x9d001f24       0x30
 .text.prvDeleteTCB
                0x9d001f24       0x30 build/MS1/debug/_ext/184269629/tasks.o
                0x9d001f24                prvDeleteTCB

.text.IntHandlerDrvTmrInstance0
                0x9d001f54       0x2c
 .text.IntHandlerDrvTmrInstance0
                0x9d001f54       0x2c build/MS1/debug/_ext/557130900/system_interrupt.o
                0x9d001f54                IntHandlerDrvTmrInstance0

.text.vApplicationStackOverflowHook
                0x9d001f80       0x2c
 .text.vApplicationStackOverflowHook
                0x9d001f80       0x2c build/MS1/debug/_ext/557130900/rtos_hooks.o
                0x9d001f80                vApplicationStackOverflowHook

.text.vApplicationMallocFailedHook
                0x9d001fac       0x2c
 .text.vApplicationMallocFailedHook
                0x9d001fac       0x2c build/MS1/debug/_ext/557130900/rtos_hooks.o
                0x9d001fac                vApplicationMallocFailedHook

.text.prvTaskExitError
                0x9d001fd8       0x2c
 .text.prvTaskExitError
                0x9d001fd8       0x2c build/MS1/debug/_ext/1907617191/port.o

.text.main      0x9d002004       0x20
 .text.main     0x9d002004       0x20 build/MS1/debug/_ext/1360937237/main.o
                0x9d002004                main

.text.vListInitialise
                0x9d002024       0x20
 .text.vListInitialise
                0x9d002024       0x20 build/MS1/debug/_ext/184269629/list.o
                0x9d002024                vListInitialise

.text.SYS_DEVCON_JTAGDisable
                0x9d002044       0x1c
 .text.SYS_DEVCON_JTAGDisable
                0x9d002044       0x1c build/MS1/debug/_ext/1195505982/sys_devcon.o
                0x9d002044                SYS_DEVCON_JTAGDisable

.text._APP_Tasks
                0x9d002060       0x18
 .text._APP_Tasks
                0x9d002060       0x18 build/MS1/debug/_ext/557130900/system_tasks.o

.text._SYS_Tasks
                0x9d002078       0x18
 .text._SYS_Tasks
                0x9d002078       0x18 build/MS1/debug/_ext/557130900/system_tasks.o

.rodata         0x9d002090       0x18
 .rodata        0x9d002090       0x18 build/MS1/debug/_ext/557130900/system_tasks.o

.text.vTMR0_Callback
                0x9d0020a8       0x18
 .text.vTMR0_Callback
                0x9d0020a8       0x18 build/MS1/debug/_ext/1360937237/tmr_callback.o
                0x9d0020a8                vTMR0_Callback

.text.SYS_INT_Initialize
                0x9d0020c0       0x18
 .text.SYS_INT_Initialize
                0x9d0020c0       0x18 build/MS1/debug/_ext/2120346072/sys_int_pic32.o
                0x9d0020c0                SYS_INT_Initialize

.text           0x9d0020d8       0x18
 .text          0x9d0020d8       0x18 c:/program files (x86)/microchip/xc32/v1.42/bin/bin/../../lib/gcc/pic32mx/4.8.3/../../../../pic32mx/lib\libpic32.a(default-nmi-handler.o)
                0x9d0020d8                _nmi_handler

.text.SYS_DEVCON_Initialize
                0x9d0020f0       0x14
 .text.SYS_DEVCON_Initialize
                0x9d0020f0       0x14 build/MS1/debug/_ext/1195505982/sys_devcon.o
                0x9d0020f0                SYS_DEVCON_Initialize

.text.vTaskSuspendAll
                0x9d002104       0x14
 .text.vTaskSuspendAll
                0x9d002104       0x14 build/MS1/debug/_ext/184269629/tasks.o
                0x9d002104                vTaskSuspendAll

.text.__exception_handler_break
                0x9d002118        0xc
 .text.__exception_handler_break
                0x9d002118        0xc c:/program files (x86)/microchip/xc32/v1.42/bin/bin/../../lib/gcc/pic32mx/4.8.3/../../../../pic32mx/lib\software-debug-break.o
                0x9d002118                __exception_handler_break

.text.SYS_CLK_SystemFrequencyGet
                0x9d002124        0xc
 .text.SYS_CLK_SystemFrequencyGet
                0x9d002124        0xc build/MS1/debug/_ext/1257018141/sys_clk_static.o
                0x9d002124                SYS_CLK_SystemFrequencyGet

.text.SYS_DEVCON_Tasks
                0x9d002130        0x8
 .text.SYS_DEVCON_Tasks
                0x9d002130        0x8 build/MS1/debug/_ext/1195505982/sys_devcon.o
                0x9d002130                SYS_DEVCON_Tasks

.text.vPortFree
                0x9d002138        0x8
 .text.vPortFree
                0x9d002138        0x8 build/MS1/debug/_ext/237061958/heap_1.o
                0x9d002138                vPortFree

.text.vListInitialiseItem