
Optional file libmchp_peripheral.a not found

Optional file libmchp_peripheral_32MX795F512L.a not found
Archive member included because of file (symbol)

c:/program files (x86)/microchip/xc32/v1.42/bin/bin/../../lib/gcc/pic32mx/4.8.3/../../../../pic32mx/lib\libpic32.a(memcpy.o)
                              build/default/debug/_ext/1128951024/queue.o (memcpy)
c:/program files (x86)/microchip/xc32/v1.42/bin/bin/../../lib/gcc/pic32mx/4.8.3/../../../../pic32mx/lib\libpic32.a(memset.o)
                              build/default/debug/_ext/1128951024/tasks.o (memset)
c:/program files (x86)/microchip/xc32/v1.42/bin/bin/../../lib/gcc/pic32mx/4.8.3/../../../../pic32mx/lib\libpic32.a(default-bootstrap-exception-handler.o)
                              c:/program files (x86)/microchip/xc32/v1.42/bin/bin/../../lib/gcc/pic32mx/4.8.3/../../../../pic32mx/lib/./proc/32MX795F512L/crt0_mips32r2.o (_bootstrap_exception_handler)
c:/program files (x86)/microchip/xc32/v1.42/bin/bin/../../lib/gcc/pic32mx/4.8.3/../../../../pic32mx/lib\libpic32.a(default-on-reset.o)
                              c:/program files (x86)/microchip/xc32/v1.42/bin/bin/../../lib/gcc/pic32mx/4.8.3/../../../../pic32mx/lib/./proc/32MX795F512L/crt0_mips32r2.o (_on_reset)
c:/program files (x86)/microchip/xc32/v1.42/bin/bin/../../lib/gcc/pic32mx/4.8.3/../../../../pic32mx/lib\libpic32.a(default-on-bootstrap.o)
                              c:/program files (x86)/microchip/xc32/v1.42/bin/bin/../../lib/gcc/pic32mx/4.8.3/../../../../pic32mx/lib/./proc/32MX795F512L/crt0_mips32r2.o (_on_bootstrap)
c:/program files (x86)/microchip/xc32/v1.42/bin/bin/../../lib/gcc/pic32mx/4.8.3/../../../../pic32mx/lib\libpic32.a(default-nmi-handler.o)
                              c:/program files (x86)/microchip/xc32/v1.42/bin/bin/../../lib/gcc/pic32mx/4.8.3/../../../../pic32mx/lib/./proc/32MX795F512L/crt0_mips32r2.o (_nmi_handler)
c:/program files (x86)/microchip/xc32/v1.42/bin/bin/../../lib/gcc/pic32mx/4.8.3/../../../../pic32mx/lib\libpic32.a(general-exception.o)
                              c:/program files (x86)/microchip/xc32/v1.42/bin/bin/../../lib/gcc/pic32mx/4.8.3/../../../../pic32mx/lib/./proc/32MX795F512L/crt0_mips32r2.o (_general_exception_context)
c:/program files (x86)/microchip/xc32/v1.42/bin/bin/../../lib/gcc/pic32mx/4.8.3/../../../../pic32mx/lib\libpic32.a(vector0.o)
                              c:/program files (x86)/microchip/xc32/v1.42/bin/bin/../../lib/gcc/pic32mx/4.8.3/../../../../pic32mx/lib/./proc/32MX795F512L\default_isr_vectors.o (__vector_dispatch_0)
c:/program files (x86)/microchip/xc32/v1.42/bin/bin/../../lib/gcc/pic32mx/4.8.3/../../../../pic32mx/lib\libpic32.a(vector2.o)
                              c:/program files (x86)/microchip/xc32/v1.42/bin/bin/../../lib/gcc/pic32mx/4.8.3/../../../../pic32mx/lib/./proc/32MX795F512L\default_isr_vectors.o (__vector_dispatch_2)
c:/program files (x86)/microchip/xc32/v1.42/bin/bin/../../lib/gcc/pic32mx/4.8.3/../../../../pic32mx/lib\libpic32.a(vector3.o)
                              c:/program files (x86)/microchip/xc32/v1.42/bin/bin/../../lib/gcc/pic32mx/4.8.3/../../../../pic32mx/lib/./proc/32MX795F512L\default_isr_vectors.o (__vector_dispatch_3)
c:/program files (x86)/microchip/xc32/v1.42/bin/bin/../../lib/gcc/pic32mx/4.8.3/../../../../pic32mx/lib\libpic32.a(vector5.o)
                              c:/program files (x86)/microchip/xc32/v1.42/bin/bin/../../lib/gcc/pic32mx/4.8.3/../../../../pic32mx/lib/./proc/32MX795F512L\default_isr_vectors.o (__vector_dispatch_5)
c:/program files (x86)/microchip/xc32/v1.42/bin/bin/../../lib/gcc/pic32mx/4.8.3/../../../../pic32mx/lib\libpic32.a(vector6.o)
                              c:/program files (x86)/microchip/xc32/v1.42/bin/bin/../../lib/gcc/pic32mx/4.8.3/../../../../pic32mx/lib/./proc/32MX795F512L\default_isr_vectors.o (__vector_dispatch_6)
c:/program files (x86)/microchip/xc32/v1.42/bin/bin/../../lib/gcc/pic32mx/4.8.3/../../../../pic32mx/lib\libpic32.a(vector7.o)
                              c:/program files (x86)/microchip/xc32/v1.42/bin/bin/../../lib/gcc/pic32mx/4.8.3/../../../../pic32mx/lib/./proc/32MX795F512L\default_isr_vectors.o (__vector_dispatch_7)
c:/program files (x86)/microchip/xc32/v1.42/bin/bin/../../lib/gcc/pic32mx/4.8.3/../../../../pic32mx/lib\libpic32.a(vector9.o)
                              c:/program files (x86)/microchip/xc32/v1.42/bin/bin/../../lib/gcc/pic32mx/4.8.3/../../../../pic32mx/lib/./proc/32MX795F512L\default_isr_vectors.o (__vector_dispatch_9)
c:/program files (x86)/microchip/xc32/v1.42/bin/bin/../../lib/gcc/pic32mx/4.8.3/../../../../pic32mx/lib\libpic32.a(vector10.o)
                              c:/program files (x86)/microchip/xc32/v1.42/bin/bin/../../lib/gcc/pic32mx/4.8.3/../../../../pic32mx/lib/./proc/32MX795F512L\default_isr_vectors.o (__vector_dispatch_10)
c:/program files (x86)/microchip/xc32/v1.42/bin/bin/../../lib/gcc/pic32mx/4.8.3/../../../../pic32mx/lib\libpic32.a(vector11.o)
[...]
Memory Configuration

Name             Origin             Length             Attributes
kseg0_boot_mem   0x9fc00490         0x00000970
kseg1_boot_mem   0xbfc00000         0x00000490
kseg0_program_mem 0x9d000000         0x00080000         xr
exception_mem    0x9fc01000         0x00001000
debug_exec_mem   0xbfc02000         0x00000ff0
config3          0xbfc02ff0         0x00000004
config2          0xbfc02ff4         0x00000004
config1          0xbfc02ff8         0x00000004
config0          0xbfc02ffc         0x00000004
kseg1_data_mem   0xa0000000         0x00020000         w !x
sfrs             0xbf800000         0x00100000
configsfrs       0xbfc02ff0         0x00000010
*default*        0x00000000         0xffffffff

Linker script and memory map


reserve_boot_0x1fc02000_kseg0
                0x9fc02000      0xff0
                0x9fc02000        0x2 SHORT 0x0
                0x00000500                . = 0x500
 *fill*         0x9fc02002      0x4fe 
                0x9fc02500                . = ALIGN (0x4)
                0x9fc02500        0x2 SHORT 0x0
                0x00000ff0                . = 0xff0
 *fill*         0x9fc02502      0xaee 
                0x9fc02ff0                . = ALIGN (0x4)

reserve_boot_0x1fc02000_kseg1
                0xbfc02000      0xff0
                0xbfc02000        0x2 SHORT 0x0
                0x00000500                . = 0x500
 *fill*         0xbfc02002      0x4fe 
                0xbfc02500                . = ALIGN (0x4)
                0xbfc02500        0x2 SHORT 0x0
                0x00000ff0                . = 0xff0
 *fill*         0xbfc02502      0xaee 
                0xbfc02ff0                . = ALIGN (0x4)
LOAD c:/program files (x86)/microchip/xc32/v1.42/bin/bin/../../lib/gcc/pic32mx/4.8.3/../../../../pic32mx/lib/./proc/32MX795F512L/crt0_mips32r2.o
LOAD c:/program files (x86)/microchip/xc32/v1.42/bin/bin/../../lib/gcc/pic32mx/4.8.3/../../../../pic32mx/lib\software-debug-break.o
                0x00000001                _DEBUGGER = 0x1
LOAD build/default/debug/_ext/1360937237/control.o
LOAD build/default/debug/_ext/1360937237/eyes.o
LOAD build/default/debug/_ext/1360937237/main.o
LOAD build/default/debug/_ext/1360937237/debug.o
LOAD build/default/debug/_ext/1360937237/message.o
LOAD build/default/debug/_ext/24337685/osal_freertos.o
LOAD build/default/debug/_ext/1271179505/sys_devcon.o
LOAD build/default/debug/_ext/1271179505/sys_devcon_pic32mx.o
LOAD build/default/debug/_ext/122796885/sys_int_pic32.o
LOAD build/default/debug/_ext/1128951024/croutine.o
LOAD build/default/debug/_ext/1128951024/list.o
LOAD build/default/debug/_ext/1128951024/queue.o
LOAD build/default/debug/_ext/1128951024/tasks.o
LOAD build/default/debug/_ext/1128951024/timers.o
LOAD build/default/debug/_ext/1128951024/event_groups.o
LOAD build/default/debug/_ext/1856876499/heap_1.o
LOAD build/default/debug/_ext/12131622/port.o
LOAD build/default/debug/_ext/12131622/port_asm.o
LOAD build/default/debug/_ext/1407244131/drv_tmr_static.o
LOAD build/default/debug/_ext/1407244131/drv_tmr_mapping.o
LOAD build/default/debug/_ext/327000265/drv_usart_mapping.o
LOAD build/default/debug/_ext/327000265/drv_usart_static.o
LOAD build/default/debug/_ext/327000265/drv_usart_static_byte_model.o
LOAD build/default/debug/_ext/639803181/sys_clk_static.o
LOAD build/default/debug/_ext/822048611/sys_ports_static.o
LOAD build/default/debug/_ext/1688732426/system_init.o
LOAD build/default/debug/_ext/1688732426/system_interrupt.o
LOAD build/default/debug/_ext/1688732426/system_exceptions.o
LOAD build/default/debug/_ext/1688732426/system_tasks.o
LOAD build/default/debug/_ext/1688732426/system_interrupt_a.o
LOAD build/default/debug/_ext/1688732426/rtos_hooks.o
LOAD ..\..\..\..\bin\framework\peripheral\PIC32MX795F512L_peripherals.a
LOAD ..\..\..\..\framework\tcpip\src\crypto\aes_pic32mx.a
                0x00000001                __MPLAB_BUILD = 0x1
                0x00000001                __MPLAB_DEBUG = 0x1
                0x00000001                __DEBUG = 0x1
                0x00000001                __MPLAB_DEBUGGER_PK3 = 0x1
                0x00000000                _min_heap_size = 0x0
LOAD c:/program files (x86)/microchip/xc32/v1.42/bin/bin/../../lib/gcc/pic32mx/4.8.3/../../../../pic32mx/lib/./proc/32MX795F512L\default_isr_vectors.o
LOAD c:/program files (x86)/microchip/xc32/v1.42/bin/bin/../../lib/gcc/pic32mx/4.8.3/../../../../pic32mx/lib\pic32_software_reset.o
                0x00000400                PROVIDE (_min_stack_size, 0x400)
LOAD c:/program files (x86)/microchip/xc32/v1.42/bin/bin/../../lib/gcc/pic32mx/4.8.3/../../../../pic32mx/lib/./proc/32MX795F512L\processor.o
START GROUP
LOAD libmchp_peripheral.a
END GROUP
START GROUP
LOAD libmchp_peripheral_32MX795F512L.a
END GROUP
                0x00000001                PROVIDE (_vector_spacing, 0x1)
                0x9fc01000                PROVIDE (_ebase_address, 0x9fc01000)
                0xbfc00000                _RESET_ADDR = 0xbfc00000
                0xbfc00380                _BEV_EXCPT_ADDR = 0xbfc00380
                0xbfc00480                _DBG_EXCPT_ADDR = 0xbfc00480
                0xbfc02000                _DBG_CODE_ADDR = 0xbfc02000
                0x00000ff0                _DBG_CODE_SIZE = 0xff0
                0x9fc01180                _GEN_EXCPT_ADDR = (_ebase_address + 0x180)

.config_BFC02FF0
                0xbfc02ff0        0x4
 *(.config_BFC02FF0)
 .config_BFC02FF0
                0xbfc02ff0        0x4 build/default/debug/_ext/1688732426/system_init.o

.config_BFC02FF4
                0xbfc02ff4        0x4
 *(.config_BFC02FF4)
 .config_BFC02FF4
                0xbfc02ff4        0x4 build/default/debug/_ext/1688732426/system_init.o

.config_BFC02FF8
                0xbfc02ff8        0x4
 *(.config_BFC02FF8)
 .config_BFC02FF8
                0xbfc02ff8        0x4 build/default/debug/_ext/1688732426/system_init.o

.config_BFC02FFC
                0xbfc02ffc        0x4
 *(.config_BFC02FFC)
 .config_BFC02FFC
                0xbfc02ffc        0x4 build/default/debug/_ext/1688732426/system_init.o
                0xbfc02000                PROVIDE (_DBG_CODE_ADDR, 0xbfc02000)
                0x00000ff0                PROVIDE (_DBG_CODE_SIZE, 0xff0)

.reset          0xbfc00000      0x208
 *(.reset)
 .reset         0xbfc00000        0x8 c:/program files (x86)/microchip/xc32/v1.42/bin/bin/../../lib/gcc/pic32mx/4.8.3/../../../../pic32mx/lib/./proc/32MX795F512L/crt0_mips32r2.o
                0xbfc00000                _reset
 *(.reset.startup)
 .reset.startup
                0xbfc00008      0x200 c:/program files (x86)/microchip/xc32/v1.42/bin/bin/../../lib/gcc/pic32mx/4.8.3/../../../../pic32mx/lib/./proc/32MX795F512L/crt0_mips32r2.o

.bev_excpt      0xbfc00380       0x10
 *(.bev_handler)
 .bev_handler   0xbfc00380       0x10 c:/program files (x86)/microchip/xc32/v1.42/bin/bin/../../lib/gcc/pic32mx/4.8.3/../../../../pic32mx/lib/./proc/32MX795F512L/crt0_mips32r2.o

.dbg_excpt      0xbfc00480        0x8
                0xbfc00480                . = (. + DEFINED (_DEBUGGER)?0x8:0x0)
 *fill*         0xbfc00480        0x8 

.dbg_code       0xbfc02000      0xff0
                0xbfc02000                . = (. + DEFINED (_DEBUGGER)?_DBG_CODE_SIZE:0x0)
 *fill*         0xbfc02000      0xff0 

.app_excpt      0x9fc01180       0x10
 *(.gen_handler)
 .gen_handler   0x9fc01180       0x10 c:/program files (x86)/microchip/xc32/v1.42/bin/bin/../../lib/gcc/pic32mx/4.8.3/../../../../pic32mx/lib/./proc/32MX795F512L/crt0_mips32r2.o

.vector_0       0x9fc01200        0x8
 *(.vector_0)
 .vector_0      0x9fc01200        0x8 c:/program files (x86)/microchip/xc32/v1.42/bin/bin/../../lib/gcc/pic32mx/4.8.3/../../../../pic32mx/lib\libpic32.a(vector0.o)
                0x9fc01200                __vector_dispatch_0
                0x00000001                ASSERT (((_vector_spacing == 0x0) || (SIZEOF (.vector_0) <= (_vector_spacing << 0x5))), function at exception vector 0 too large)

.vector_1       0x9fc01220        0x8
 *(.vector_1)
 .vector_1      0x9fc01220        0x8 build/default/debug/_ext/12131622/port.o
                0x9fc01220                __vector_dispatch_1
                0x00000001                ASSERT (((_vector_spacing == 0x0) || (SIZEOF (.vector_1) <= (_vector_spacing << 0x5))), function at exception vector 1 too large)

.vector_2       0x9fc01240        0x8
 *(.vector_2)
 .vector_2      0x9fc01240        0x8 c:/program files (x86)/microchip/xc32/v1.42/bin/bin/../../lib/gcc/pic32mx/4.8.3/../../../../pic32mx/lib\libpic32.a(vector2.o)
                0x9fc01240                __vector_dispatch_2
                0x00000001                ASSERT (((_vector_spacing == 0x0) || (SIZEOF (.vector_2) <= (_vector_spacing << 0x5))), function at exception vector 2 too large)

.vector_3       0x9fc01260        0x8
 *(.vector_3)
 .vector_3      0x9fc01260        0x8 c:/program files (x86)/microchip/xc32/v1.42/bin/bin/../../lib/gcc/pic32mx/4.8.3/../../../../pic32mx/lib\libpic32.a(vector3.o)
                0x9fc01260                __vector_dispatch_3
                0x00000001                ASSERT (((_vector_spacing == 0x0) || (SIZEOF (.vector_3) <= (_vector_spacing << 0x5))), function at exception vector 3 too large)

.vector_4       0x9fc01280        0x8
 *(.vector_4)
 .vector_4      0x9fc01280        0x8 build/default/debug/_ext/12131622/port.o
                0x9fc01280                __vector_dispatch_4
                0x00000001                ASSERT (((_vector_spacing == 0x0) || (SIZEOF (.vector_4) <= (_vector_spacing << 0x5))), function at exception vector 4 too large)

.vector_5       0x9fc012a0        0x8
 *(.vector_5)
 .vector_5      0x9fc012a0        0x8 c:/program files (x86)/microchip/xc32/v1.42/bin/bin/../../lib/gcc/pic32mx/4.8.3/../../../../pic32mx/lib\libpic32.a(vector5.o)
                0x9fc012a0                __vector_dispatch_5
                0x00000001                ASSERT (((_vector_spacing == 0x0) || (SIZEOF (.vector_5) <= (_vector_spacing << 0x5))), function at exception vector 5 too large)

.vector_6       0x9fc012c0        0x8
 *(.vector_6)
 .vector_6      0x9fc012c0        0x8 c:/program files (x86)/microchip/xc32/v1.42/bin/bin/../../lib/gcc/pic32mx/4.8.3/../../../../pic32mx/lib\libpic32.a(vector6.o)
                0x9fc012c0                __vector_dispatch_6
                0x00000001                ASSERT (((_vector_spacing == 0x0) || (SIZEOF (.vector_6) <= (_vector_spacing << 0x5))), function at exception vector 6 too large)

.vector_7       0x9fc012e0        0x8
 *(.vector_7)
 .vector_7      0x9fc012e0        0x8 c:/program files (x86)/microchip/xc32/v1.42/bin/bin/../../lib/gcc/pic32mx/4.8.3/../../../../pic32mx/lib\libpic32.a(vector7.o)
                0x9fc012e0                __vector_dispatch_7
                0x00000001                ASSERT (((_vector_spacing == 0x0) || (SIZEOF (.vector_7) <= (_vector_spacing << 0x5))), function at exception vector 7 too large)

.vector_8       0x9fc01300       0x10
 *(.vector_8)
 .vector_8      0x9fc01300       0x10 build/default/debug/_ext/1688732426/system_interrupt_a.o
                0x9fc01300                __vector_dispatch_8
                0x00000001                ASSERT (((_vector_spacing == 0x0) || (SIZEOF (.vector_8) <= (_vector_spacing << 0x5))), function at exception vector 8 too large)

.vector_9       0x9fc01320        0x8
 *(.vector_9)
 .vector_9      0x9fc01320        0x8 c:/program files (x86)/microchip/xc32/v1.42/bin/bin/../../lib/gcc/pic32mx/4.8.3/../../../../pic32mx/lib\libpic32.a(vector9.o)
                0x9fc01320                __vector_dispatch_9
                0x00000001                ASSERT (((_vector_spacing == 0x0) || (SIZEOF (.vector_9) <= (_vector_spacing << 0x5))), function at exception vector 9 too large)

.vector_10      0x9fc01340        0x8
 *(.vector_10)
 .vector_10     0x9fc01340        0x8 c:/program files (x86)/microchip/xc32/v1.42/bin/bin/../../lib/gcc/pic32mx/4.8.3/../../../../pic32mx/lib\libpic32.a(vector10.o)
                0x9fc01340                __vector_dispatch_10
                0x00000001                ASSERT (((_vector_spacing == 0x0) || (SIZEOF (.vector_10) <= (_vector_spacing << 0x5))), function at exception vector 10 too large)

.vector_11      0x9fc01360        0x8
 *(.vector_11)
 .vector_11     0x9fc01360        0x8 c:/program files (x86)/microchip/xc32/v1.42/bin/bin/../../lib/gcc/pic32mx/4.8.3/../../../../pic32mx/lib\libpic32.a(vector11.o)
                0x9fc01360                __vector_dispatch_11
                0x00000001                ASSERT (((_vector_spacing == 0x0) || (SIZEOF (.vector_11) <= (_vector_spacing << 0x5))), function at exception vector 11 too large)

.vector_12      0x9fc01380        0x8
 *(.vector_12)
 .vector_12     0x9fc01380        0x8 c:/program files (x86)/microchip/xc32/v1.42/bin/bin/../../lib/gcc/pic32mx/4.8.3/../../../../pic32mx/lib\libpic32.a(vector12.o)
                0x9fc01380                __vector_dispatch_12
                0x00000001                ASSERT (((_vector_spacing == 0x0) || (SIZEOF (.vector_12) <= (_vector_spacing << 0x5))), function at exception vector 12 too large)

.vector_13      0x9fc013a0        0x8
 *(.vector_13)
 .vector_13     0x9fc013a0        0x8 c:/program files (x86)/microchip/xc32/v1.42/bin/bin/../../lib/gcc/pic32mx/4.8.3/../../../../pic32mx/lib\libpic32.a(vector13.o)
                0x9fc013a0                __vector_dispatch_13
                0x00000001                ASSERT (((_vector_spacing == 0x0) || (SIZEOF (.vector_13) <= (_vector_spacing << 0x5))), function at exception vector 13 too large)

.vector_14      0x9fc013c0        0x8
 *(.vector_14)
 .vector_14     0x9fc013c0        0x8 c:/program files (x86)/microchip/xc32/v1.42/bin/bin/../../lib/gcc/pic32mx/4.8.3/../../../../pic32mx/lib\libpic32.a(vector14.o)
                0x9fc013c0                __vector_dispatch_14
                0x00000001                ASSERT (((_vector_spacing == 0x0) || (SIZEOF (.vector_14) <= (_vector_spacing << 0x5))), function at exception vector 14 too large)

.vector_15      0x9fc013e0        0x8
 *(.vector_15)
 .vector_15     0x9fc013e0        0x8 c:/program files (x86)/microchip/xc32/v1.42/bin/bin/../../lib/gcc/pic32mx/4.8.3/../../../../pic32mx/lib\libpic32.a(vector15.o)
                0x9fc013e0                __vector_dispatch_15
                0x00000001                ASSERT (((_vector_spacing == 0x0) || (SIZEOF (.vector_15) <= (_vector_spacing << 0x5))), function at exception vector 15 too large)

.vector_16      0x9fc01400        0x8
 *(.vector_16)
 .vector_16     0x9fc01400        0x8 c:/program files (x86)/microchip/xc32/v1.42/bin/bin/../../lib/gcc/pic32mx/4.8.3/../../../../pic32mx/lib\libpic32.a(vector16.o)
                0x9fc01400                __vector_dispatch_16
                0x00000001                ASSERT (((_vector_spacing == 0x0) || (SIZEOF (.vector_16) <= (_vector_spacing << 0x5))), function at exception vector 16 too large)

.vector_17      0x9fc01420        0x8
 *(.vector_17)
 .vector_17     0x9fc01420        0x8 c:/program files (x86)/microchip/xc32/v1.42/bin/bin/../../lib/gcc/pic32mx/4.8.3/../../../../pic32mx/lib\libpic32.a(vector17.o)
                0x9fc01420                __vector_dispatch_17
                0x00000001                ASSERT (((_vector_spacing == 0x0) || (SIZEOF (.vector_17) <= (_vector_spacing << 0x5))), function at exception vector 17 too large)

.vector_18      0x9fc01440        0x8
 *(.vector_18)
 .vector_18     0x9fc01440        0x8 c:/program files (x86)/microchip/xc32/v1.42/bin/bin/../../lib/gcc/pic32mx/4.8.3/../../../../pic32mx/lib\libpic32.a(vector18.o)
                0x9fc01440                __vector_dispatch_18
                0x00000001                ASSERT (((_vector_spacing == 0x0) || (SIZEOF (.vector_18) <= (_vector_spacing << 0x5))), function at exception vector 18 too large)

.vector_19      0x9fc01460        0x8
 *(.vector_19)
 .vector_19     0x9fc01460        0x8 c:/program files (x86)/microchip/xc32/v1.42/bin/bin/../../lib/gcc/pic32mx/4.8.3/../../../../pic32mx/lib\libpic32.a(vector19.o)
                0x9fc01460                __vector_dispatch_19
                0x00000001                ASSERT (((_vector_spacing == 0x0) || (SIZEOF (.vector_19) <= (_vector_spacing << 0x5))), function at exception vector 19 too large)

.vector_20      0x9fc01480        0x8
 *(.vector_20)
 .vector_20     0x9fc01480        0x8 c:/program files (x86)/microchip/xc32/v1.42/bin/bin/../../lib/gcc/pic32mx/4.8.3/../../../../pic32mx/lib\libpic32.a(vector20.o)
                0x9fc01480                __vector_dispatch_20
                0x00000001                ASSERT (((_vector_spacing == 0x0) || (SIZEOF (.vector_20) <= (_vector_spacing << 0x5))), function at exception vector 20 too large)

.vector_21      0x9fc014a0        0x8
 *(.vector_21)
 .vector_21     0x9fc014a0        0x8 c:/program files (x86)/microchip/xc32/v1.42/bin/bin/../../lib/gcc/pic32mx/4.8.3/../../../../pic32mx/lib\libpic32.a(vector21.o)
                0x9fc014a0                __vector_dispatch_21
                0x00000001                ASSERT (((_vector_spacing == 0x0) || (SIZEOF (.vector_21) <= (_vector_spacing << 0x5))), function at exception vector 21 too large)

.vector_22      0x9fc014c0        0x8
 *(.vector_22)
 .vector_22     0x9fc014c0        0x8 c:/program files (x86)/microchip/xc32/v1.42/bin/bin/../../lib/gcc/pic32mx/4.8.3/../../../../pic32mx/lib\libpic32.a(vector22.o)
                0x9fc014c0                __vector_dispatch_22
                0x00000001                ASSERT (((_vector_spacing == 0x0) || (SIZEOF (.vector_22) <= (_vector_spacing << 0x5))), function at exception vector 22 too large)

.vector_23      0x9fc014e0        0x8
 *(.vector_23)
 .vector_23     0x9fc014e0        0x8 c:/program files (x86)/microchip/xc32/v1.42/bin/bin/../../lib/gcc/pic32mx/4.8.3/../../../../pic32mx/lib\libpic32.a(vector23.o)
                0x9fc014e0                __vector_dispatch_23
                0x00000001                ASSERT (((_vector_spacing == 0x0) || (SIZEOF (.vector_23) <= (_vector_spacing << 0x5))), function at exception vector 23 too large)

.vector_24      0x9fc01500       0x10
 *(.vector_24)
 .vector_24     0x9fc01500       0x10 build/default/debug/_ext/1688732426/system_interrupt_a.o
                0x9fc01500                __vector_dispatch_24
                0x00000001                ASSERT (((_vector_spacing == 0x0) || (SIZEOF (.vector_24) <= (_vector_spacing << 0x5))), function at exception vector 24 too large)

.vector_25      0x9fc01520        0x8
 *(.vector_25)
 .vector_25     0x9fc01520        0x8 c:/program files (x86)/microchip/xc32/v1.42/bin/bin/../../lib/gcc/pic32mx/4.8.3/../../../../pic32mx/lib\libpic32.a(vector25.o)
                0x9fc01520                __vector_dispatch_25
                0x00000001                ASSERT (((_vector_spacing == 0x0) || (SIZEOF (.vector_25) <= (_vector_spacing << 0x5))), function at exception vector 25 too large)

.vector_26      0x9fc01540        0x8
 *(.vector_26)
 .vector_26     0x9fc01540        0x8 c:/program files (x86)/microchip/xc32/v1.42/bin/bin/../../lib/gcc/pic32mx/4.8.3/../../../../pic32mx/lib\libpic32.a(vector26.o)
                0x9fc01540                __vector_dispatch_26
                0x00000001                ASSERT (((_vector_spacing == 0x0) || (SIZEOF (.vector_26) <= (_vector_spacing << 0x5))), function at exception vector 26 too large)

.vector_27      0x9fc01560        0x8
 *(.vector_27)
 .vector_27     0x9fc01560        0x8 c:/program files (x86)/microchip/xc32/v1.42/bin/bin/../../lib/gcc/pic32mx/4.8.3/../../../../pic32mx/lib\libpic32.a(vector27.o)
                0x9fc01560                __vector_dispatch_27
                0x00000001                ASSERT (((_vector_spacing == 0x0) || (SIZEOF (.vector_27) <= (_vector_spacing << 0x5))), function at exception vector 27 too large)

.vector_28      0x9fc01580        0x8
 *(.vector_28)
 .vector_28     0x9fc01580        0x8 c:/program files (x86)/microchip/xc32/v1.42/bin/bin/../../lib/gcc/pic32mx/4.8.3/../../../../pic32mx/lib\libpic32.a(vector28.o)
                0x9fc01580                __vector_dispatch_28
                0x00000001                ASSERT (((_vector_spacing == 0x0) || (SIZEOF (.vector_28) <= (_vector_spacing << 0x5))), function at exception vector 28 too large)

.vector_29      0x9fc015a0        0x8
 *(.vector_29)
 .vector_29     0x9fc015a0        0x8 c:/program files (x86)/microchip/xc32/v1.42/bin/bin/../../lib/gcc/pic32mx/4.8.3/../../../../pic32mx/lib\libpic32.a(vector29.o)
                0x9fc015a0                __vector_dispatch_29
                0x00000001                ASSERT (((_vector_spacing == 0x0) || (SIZEOF (.vector_29) <= (_vector_spacing << 0x5))), function at exception vector 29 too large)

.vector_30      0x9fc015c0        0x8
 *(.vector_30)
 .vector_30     0x9fc015c0        0x8 c:/program files (x86)/microchip/xc32/v1.42/bin/bin/../../lib/gcc/pic32mx/4.8.3/../../../../pic32mx/lib\libpic32.a(vector30.o)
                0x9fc015c0                __vector_dispatch_30
                0x00000001                ASSERT (((_vector_spacing == 0x0) || (SIZEOF (.vector_30) <= (_vector_spacing << 0x5))), function at exception vector 30 too large)

.vector_31      0x9fc015e0        0x8
 *(.vector_31)
 .vector_31     0x9fc015e0        0x8 c:/program files (x86)/microchip/xc32/v1.42/bin/bin/../../lib/gcc/pic32mx/4.8.3/../../../../pic32mx/lib\libpic32.a(vector31.o)
                0x9fc015e0                __vector_dispatch_31
                0x00000001                ASSERT (((_vector_spacing == 0x0) || (SIZEOF (.vector_31) <= (_vector_spacing << 0x5))), function at exception vector 31 too large)

.vector_32      0x9fc01600        0x8
 *(.vector_32)
 .vector_32     0x9fc01600        0x8 c:/program files (x86)/microchip/xc32/v1.42/bin/bin/../../lib/gcc/pic32mx/4.8.3/../../../../pic32mx/lib\libpic32.a(vector32.o)
                0x9fc01600                __vector_dispatch_32
                0x00000001                ASSERT (((_vector_spacing == 0x0) || (SIZEOF (.vector_32) <= (_vector_spacing << 0x5))), function at exception vector 32 too large)

.vector_33      0x9fc01620        0x8
 *(.vector_33)
 .vector_33     0x9fc01620        0x8 c:/program files (x86)/microchip/xc32/v1.42/bin/bin/../../lib/gcc/pic32mx/4.8.3/../../../../pic32mx/lib\libpic32.a(vector33.o)
                0x9fc01620                __vector_dispatch_33
                0x00000001                ASSERT (((_vector_spacing == 0x0) || (SIZEOF (.vector_33) <= (_vector_spacing << 0x5))), function at exception vector 33 too large)

.vector_34      0x9fc01640        0x8
 *(.vector_34)
 .vector_34     0x9fc01640        0x8 c:/program files (x86)/microchip/xc32/v1.42/bin/bin/../../lib/gcc/pic32mx/4.8.3/../../../../pic32mx/lib\libpic32.a(vector34.o)
                0x9fc01640                __vector_dispatch_34
                0x00000001                ASSERT (((_vector_spacing == 0x0) || (SIZEOF (.vector_34) <= (_vector_spacing << 0x5))), function at exception vector 34 too large)

.vector_35      0x9fc01660        0x8
 *(.vector_35)
 .vector_35     0x9fc01660        0x8 c:/program files (x86)/microchip/xc32/v1.42/bin/bin/../../lib/gcc/pic32mx/4.8.3/../../../../pic32mx/lib\libpic32.a(vector35.o)
                0x9fc01660                __vector_dispatch_35
                0x00000001                ASSERT (((_vector_spacing == 0x0) || (SIZEOF (.vector_35) <= (_vector_spacing << 0x5))), function at exception vector 35 too large)

.vector_36      0x9fc01680        0x8
 *(.vector_36)
 .vector_36     0x9fc01680        0x8 c:/program files (x86)/microchip/xc32/v1.42/bin/bin/../../lib/gcc/pic32mx/4.8.3/../../../../pic32mx/lib\libpic32.a(vector36.o)
                0x9fc01680                __vector_dispatch_36
                0x00000001                ASSERT (((_vector_spacing == 0x0) || (SIZEOF (.vector_36) <= (_vector_spacing << 0x5))), function at exception vector 36 too large)

.vector_37      0x9fc016a0        0x8
 *(.vector_37)
 .vector_37     0x9fc016a0        0x8 c:/program files (x86)/microchip/xc32/v1.42/bin/bin/../../lib/gcc/pic32mx/4.8.3/../../../../pic32mx/lib\libpic32.a(vector37.o)
                0x9fc016a0                __vector_dispatch_37
                0x00000001                ASSERT (((_vector_spacing == 0x0) || (SIZEOF (.vector_37) <= (_vector_spacing << 0x5))), function at exception vector 37 too large)

.vector_38      0x9fc016c0        0x8
 *(.vector_38)
 .vector_38     0x9fc016c0        0x8 c:/program files (x86)/microchip/xc32/v1.42/bin/bin/../../lib/gcc/pic32mx/4.8.3/../../../../pic32mx/lib\libpic32.a(vector38.o)
                0x9fc016c0                __vector_dispatch_38
                0x00000001                ASSERT (((_vector_spacing == 0x0) || (SIZEOF (.vector_38) <= (_vector_spacing << 0x5))), function at exception vector 38 too large)

.vector_39      0x9fc016e0        0x8
 *(.vector_39)
 .vector_39     0x9fc016e0        0x8 c:/program files (x86)/microchip/xc32/v1.42/bin/bin/../../lib/gcc/pic32mx/4.8.3/../../../../pic32mx/lib\libpic32.a(vector39.o)
                0x9fc016e0                __vector_dispatch_39
                0x00000001                ASSERT (((_vector_spacing == 0x0) || (SIZEOF (.vector_39) <= (_vector_spacing << 0x5))), function at exception vector 39 too large)

.vector_40      0x9fc01700        0x8
 *(.vector_40)
 .vector_40     0x9fc01700        0x8 c:/program files (x86)/microchip/xc32/v1.42/bin/bin/../../lib/gcc/pic32mx/4.8.3/../../../../pic32mx/lib\libpic32.a(vector40.o)
                0x9fc01700                __vector_dispatch_40
                0x00000001                ASSERT (((_vector_spacing == 0x0) || (SIZEOF (.vector_40) <= (_vector_spacing << 0x5))), function at exception vector 40 too large)

.vector_41      0x9fc01720        0x8
 *(.vector_41)
 .vector_41     0x9fc01720        0x8 c:/program files (x86)/microchip/xc32/v1.42/bin/bin/../../lib/gcc/pic32mx/4.8.3/../../../../pic32mx/lib\libpic32.a(vector41.o)
                0x9fc01720                __vector_dispatch_41
                0x00000001                ASSERT (((_vector_spacing == 0x0) || (SIZEOF (.vector_41) <= (_vector_spacing << 0x5))), function at exception vector 41 too large)

.vector_42      0x9fc01740        0x8
 *(.vector_42)
 .vector_42     0x9fc01740        0x8 c:/program files (x86)/microchip/xc32/v1.42/bin/bin/../../lib/gcc/pic32mx/4.8.3/../../../../pic32mx/lib\libpic32.a(vector42.o)
                0x9fc01740                __vector_dispatch_42
                0x00000001                ASSERT (((_vector_spacing == 0x0) || (SIZEOF (.vector_42) <= (_vector_spacing << 0x5))), function at exception vector 42 too large)

.vector_43      0x9fc01760        0x8
 *(.vector_43)
 .vector_43     0x9fc01760        0x8 c:/program files (x86)/microchip/xc32/v1.42/bin/bin/../../lib/gcc/pic32mx/4.8.3/../../../../pic32mx/lib\libpic32.a(vector43.o)
                0x9fc01760                __vector_dispatch_43
                0x00000001                ASSERT (((_vector_spacing == 0x0) || (SIZEOF (.vector_43) <= (_vector_spacing << 0x5))), function at exception vector 43 too large)

.vector_44      0x9fc01780        0x8
 *(.vector_44)
 .vector_44     0x9fc01780        0x8 c:/program files (x86)/microchip/xc32/v1.42/bin/bin/../../lib/gcc/pic32mx/4.8.3/../../../../pic32mx/lib\libpic32.a(vector44.o)
                0x9fc01780                __vector_dispatch_44
                0x00000001                ASSERT (((_vector_spacing == 0x0) || (SIZEOF (.vector_44) <= (_vector_spacing << 0x5))), function at exception vector 44 too large)

.vector_45      0x9fc017a0        0x8
 *(.vector_45)
 .vector_45     0x9fc017a0        0x8 c:/program files (x86)/microchip/xc32/v1.42/bin/bin/../../lib/gcc/pic32mx/4.8.3/../../../../pic32mx/lib\libpic32.a(vector45.o)
                0x9fc017a0                __vector_dispatch_45
                0x00000001                ASSERT (((_vector_spacing == 0x0) || (SIZEOF (.vector_45) <= (_vector_spacing << 0x5))), function at exception vector 45 too large)

.vector_46      0x9fc017c0        0x8
 *(.vector_46)
 .vector_46     0x9fc017c0        0x8 c:/program files (x86)/microchip/xc32/v1.42/bin/bin/../../lib/gcc/pic32mx/4.8.3/../../../../pic32mx/lib\libpic32.a(vector46.o)
                0x9fc017c0                __vector_dispatch_46
                0x00000001                ASSERT (((_vector_spacing == 0x0) || (SIZEOF (.vector_46) <= (_vector_spacing << 0x5))), function at exception vector 46 too large)

.vector_47      0x9fc017e0        0x8
 *(.vector_47)
 .vector_47     0x9fc017e0        0x8 c:/program files (x86)/microchip/xc32/v1.42/bin/bin/../../lib/gcc/pic32mx/4.8.3/../../../../pic32mx/lib\libpic32.a(vector47.o)
                0x9fc017e0                __vector_dispatch_47
                0x00000001                ASSERT (((_vector_spacing == 0x0) || (SIZEOF (.vector_47) <= (_vector_spacing << 0x5))), function at exception vector 47 too large)

.vector_48      0x9fc01800        0x8
 *(.vector_48)
 .vector_48     0x9fc01800        0x8 c:/program files (x86)/microchip/xc32/v1.42/bin/bin/../../lib/gcc/pic32mx/4.8.3/../../../../pic32mx/lib\libpic32.a(vector48.o)
                0x9fc01800                __vector_dispatch_48
                0x00000001                ASSERT (((_vector_spacing == 0x0) || (SIZEOF (.vector_48) <= (_vector_spacing << 0x5))), function at exception vector 48 too large)

.vector_49      0x9fc01820        0x8
 *(.vector_49)
 .vector_49     0x9fc01820        0x8 c:/program files (x86)/microchip/xc32/v1.42/bin/bin/../../lib/gcc/pic32mx/4.8.3/../../../../pic32mx/lib\libpic32.a(vector49.o)
                0x9fc01820                __vector_dispatch_49
                0x00000001                ASSERT (((_vector_spacing == 0x0) || (SIZEOF (.vector_49) <= (_vector_spacing << 0x5))), function at exception vector 49 too large)

.vector_50      0x9fc01840        0x8
 *(.vector_50)
 .vector_50     0x9fc01840        0x8 c:/program files (x86)/microchip/xc32/v1.42/bin/bin/../../lib/gcc/pic32mx/4.8.3/../../../../pic32mx/lib\libpic32.a(vector50.o)
                0x9fc01840                __vector_dispatch_50
                0x00000001                ASSERT (((_vector_spacing == 0x0) || (SIZEOF (.vector_50) <= (_vector_spacing << 0x5))), function at exception vector 50 too large)

.vector_51      0x9fc01860        0x8
 *(.vector_51)
 .vector_51     0x9fc01860        0x8 c:/program files (x86)/microchip/xc32/v1.42/bin/bin/../../lib/gcc/pic32mx/4.8.3/../../../../pic32mx/lib\libpic32.a(vector51.o)
                0x9fc01860                __vector_dispatch_51
                0x00000001                ASSERT (((_vector_spacing == 0x0) || (SIZEOF (.vector_51) <= (_vector_spacing << 0x5))), function at exception vector 51 too large)

.vector_52      0x9fc01880        0x0
 *(.vector_52)
                0x00000001                ASSERT (((_vector_spacing == 0x0) || (SIZEOF (.vector_52) <= (_vector_spacing << 0x5))), function at exception vector 52 too large)

.vector_53      0x9fc018a0        0x0
 *(.vector_53)
                0x00000001                ASSERT (((_vector_spacing == 0x0) || (SIZEOF (.vector_53) <= (_vector_spacing << 0x5))), function at exception vector 53 too large)

.vector_54      0x9fc018c0        0x0
 *(.vector_54)
                0x00000001                ASSERT (((_vector_spacing == 0x0) || (SIZEOF (.vector_54) <= (_vector_spacing << 0x5))), function at exception vector 54 too large)

.vector_55      0x9fc018e0        0x0
 *(.vector_55)
                0x00000001                ASSERT (((_vector_spacing == 0x0) || (SIZEOF (.vector_55) <= (_vector_spacing << 0x5))), function at exception vector 55 too large)

.vector_56      0x9fc01900        0x0
 *(.vector_56)
                0x00000001                ASSERT (((_vector_spacing == 0x0) || (SIZEOF (.vector_56) <= (_vector_spacing << 0x5))), function at exception vector 56 too large)

.vector_57      0x9fc01920        0x0
 *(.vector_57)
                0x00000001                ASSERT (((_vector_spacing == 0x0) || (SIZEOF (.vector_57) <= (_vector_spacing << 0x5))), function at exception vector 57 too large)

.vector_58      0x9fc01940        0x0
 *(.vector_58)
                0x00000001                ASSERT (((_vector_spacing == 0x0) || (SIZEOF (.vector_58) <= (_vector_spacing << 0x5))), function at exception vector 58 too large)

.vector_59      0x9fc01960        0x0
 *(.vector_59)
                0x00000001                ASSERT (((_vector_spacing == 0x0) || (SIZEOF (.vector_59) <= (_vector_spacing << 0x5))), function at exception vector 59 too large)

.vector_60      0x9fc01980        0x0
 *(.vector_60)
                0x00000001                ASSERT (((_vector_spacing == 0x0) || (SIZEOF (.vector_60) <= (_vector_spacing << 0x5))), function at exception vector 60 too large)

.vector_61      0x9fc019a0        0x0
 *(.vector_61)
                0x00000001                ASSERT (((_vector_spacing == 0x0) || (SIZEOF (.vector_61) <= (_vector_spacing << 0x5))), function at exception vector 61 too large)

.vector_62      0x9fc019c0        0x0
 *(.vector_62)
                0x00000001                ASSERT (((_vector_spacing == 0x0) || (SIZEOF (.vector_62) <= (_vector_spacing << 0x5))), function at exception vector 62 too large)

.vector_63      0x9fc019e0        0x0
 *(.vector_63)
                0x00000001                ASSERT (((_vector_spacing == 0x0) || (SIZEOF (.vector_63) <= (_vector_spacing << 0x5))), function at exception vector 63 too large)

.startup
 *(.startup)

.text           0x9d000000        0x0
 *(.stub .gnu.linkonce.t.*)
 *(.text.*personality*)
 *(.mips16.fn.*)
 *(.mips16.call.*)
 *(.gnu.warning)
                0x9d000000                . = ALIGN (0x4)

.init           0x9d000000        0x0
 *crti.o(.init)
 *crtbegin.o(.init)
 *(EXCLUDE_FILE(*crtn.o *crtend?.o *crtend.o) .init)
 *crtend.o(.init)
 *crtn.o(.init)
                0x9d000000                . = ALIGN (0x4)

.fini           0x9d000000        0x0
 *(.fini)
                0x9d000000                . = ALIGN (0x4)

.preinit_array  0x9d000000        0x0
                0x9d000000                PROVIDE (__preinit_array_start, .)
 *(.preinit_array)
                0x9d000000                PROVIDE (__preinit_array_end, .)
                0x9d000000                . = ALIGN (0x4)

.init_array     0x9d000000        0x0
                0x9d000000                PROVIDE (__init_array_start, .)
 *(SORT(.init_array.*))
 *(.init_array)
                0x9d000000                PROVIDE (__init_array_end, .)
                0x9d000000                . = ALIGN (0x4)

.fini_array     0x9d000000        0x0
                0x9d000000                PROVIDE (__fini_array_start, .)
 *(SORT(.fini_array.*))
 *(.fini_array)
                0x9d000000                PROVIDE (__fini_array_end, .)
                0x9d000000                . = ALIGN (0x4)

.ctors          0x9d000000        0x0
 *crtbegin.o(.ctors)
 *crtbegin?.o(.ctors)
 *(EXCLUDE_FILE(*crtend?.o *crtend.o) .ctors)
 *(SORT(.ctors.*))
 *(.ctors)
                0x9d000000                . = ALIGN (0x4)

.dtors          0x9d000000        0x0
 *crtbegin.o(.dtors)
 *crtbegin?.o(.dtors)
 *(EXCLUDE_FILE(*crtend?.o *crtend.o) .dtors)
 *(SORT(.dtors.*))
 *(.dtors)
                0x9d000000                . = ALIGN (0x4)

.rodata         0x9d000000        0x0
 *(.gnu.linkonce.r.*)
 *(.rodata1)
                0x9d000000                . = ALIGN (0x4)

.sdata2         0x9fc00490        0x0
 *(.sdata2 .sdata2.* .gnu.linkonce.s2.*)
                0x9fc00490                . = ALIGN (0x4)

.sbss2          0x9fc00490        0x0
 *(.sbss2 .sbss2.* .gnu.linkonce.sb2.*)
                0x9fc00490                . = ALIGN (0x4)

.eh_frame_hdr
 *(.eh_frame_hdr)
                0x9fc00490                . = ALIGN (0x4)

.eh_frame
 *(.eh_frame)
                0x9fc00490                . = ALIGN (0x4)

.gcc_except_table
 *(.gcc_except_table .gcc_except_table.*)
                0x9fc00490                . = ALIGN (0x4)

.dbg_data       0xa0000000      0x200
                0xa0000000                . = (. + DEFINED (_DEBUGGER)?0x200:0x0)
 *fill*         0xa0000000      0x200 

.jcr            0xa0000200        0x0
 *(.jcr)
                0xa0000200                . = ALIGN (0x4)

.eh_frame
 *(.eh_frame)
                0xa0000200                . = ALIGN (0x4)

.gcc_except_table
 *(.gcc_except_table .gcc_except_table.*)
                0xa0000200                . = ALIGN (0x4)

.persist        0xa0000200        0x0
                0xa0000200                _persist_begin = .
 *(.persist .persist.*)
 *(.pbss .pbss.*)
                0xa0000200                . = ALIGN (0x4)
                0xa0000200                _persist_end = .

.data           0xa0000200        0x0
 *(.gnu.linkonce.d.*)
 *(.data1)
                0xa0000200                . = ALIGN (0x4)
                0xa0000200                . = .
                0xa00081f0                _gp = (ALIGN (0x10) + 0x7ff0)

.got            0xa0000200        0x0
 *(.got.plt)
 *(.got)
                0xa0000200                . = ALIGN (0x4)

.sdata          0xa0000200        0x4
                0xa0000200                _sdata_begin = .
 *(.sdata .sdata.* .gnu.linkonce.s.*)
 .sdata         0xa0000200        0x4 build/default/debug/_ext/12131622/port.o
                0xa0000200                uxInterruptNesting
                0xa0000204                . = ALIGN (0x4)
                0xa0000204                _sdata_end = .

.lit8
 *(.lit8)

.lit4
 *(.lit4)
                0xa0000204                . = ALIGN (0x4)
                0xa0000204                _data_end = .
                0xa0000204                _bss_begin = .

.sbss           0xa0000204       0x7c
                0xa0000204                _sbss_begin = .
 *(.dynsbss)
 *(.sbss .sbss.* .gnu.linkonce.sb.*)
 .sbss          0xa0000204       0x30 build/default/debug/_ext/1128951024/tasks.o
                0xa0000204                uxSchedulerSuspended
                0xa0000208                xNextTaskUnblockTime
                0xa000020c                uxTaskNumber
                0xa0000210                xNumOfOverflows
                0xa0000214                xYieldPending
                0xa0000218                uxPendedTicks
                0xa000021c                xSchedulerRunning
                0xa0000220                uxTopReadyPriority
                0xa0000224                xTickCount
                0xa0000228                uxCurrentNumberOfTasks
                0xa000022c                uxTasksDeleted
                0xa0000230                pxCurrentTCB
 .sbss          0xa0000234        0x8 build/default/debug/_ext/1856876499/heap_1.o
 .sbss          0xa000023c        0x4 build/default/debug/_ext/12131622/port.o
                0xa000023c                uxSavedTaskStackPointer
 .sbss          0xa0000240        0x1 build/default/debug/_ext/1407244131/drv_tmr_static.o
 *fill*         0xa0000241        0x3 
 .sbss          0xa0000244        0xc build/default/debug/_ext/1688732426/system_exceptions.o
 *(.scommon)
 .scommon       0xa0000250        0x8 build/default/debug/_ext/1360937237/control.o
                0xa0000250                ControlQueue
                0xa0000254                controlData
 .scommon       0xa0000258       0x14 build/default/debug/_ext/1360937237/eyes.o
                0xa0000258                seen
                0xa0000259                sensorBuffer
                0xa000025a                notSeen
                0xa000025c                eyesData
                0xa0000260                EyesQueue
                0xa0000264                prevSimIter
                0xa0000268                sensorSimIter
 .scommon       0xa000026c        0x8 build/default/debug/_ext/1271179505/sys_devcon.o
                0xa000026c                sysDevconObj
 .scommon       0xa0000274        0x8 build/default/debug/_ext/1128951024/tasks.o
                0xa0000274                pxDelayedTaskList
                0xa0000278                pxOverflowDelayedTaskList
 .scommon       0xa000027c        0x4 build/default/debug/_ext/327000265/drv_usart_static.o
                0xa000027c                gDrvUSART0Obj
                0xa0000280                _sbss_end = .
                0xa0000280                . = ALIGN (0x4)

.bss            0xa0000280       0xd4
 *(.dynbss)
 *(COMMON)
 COMMON         0xa0000280       0xc8 build/default/debug/_ext/1128951024/tasks.o
                0xa0000280                pxReadyTasksLists
                0xa00002e4                xPendingReadyList
                0xa00002f8                xTasksWaitingTermination
                0xa000030c                xSuspendedTaskList
                0xa0000320                xDelayedTaskList2
                0xa0000334                xDelayedTaskList1
 COMMON         0xa0000348        0xc build/default/debug/_ext/1688732426/system_init.o
                0xa0000348                sysObj
                0xa0000354                . = ALIGN ((. != 0x0)?0x4:0x1)
                0xa0000354                . = ALIGN (0x4)
                0xa0000354                _end = .
                0xa0000354                _bss_end = .
                0x00020000                _bmxdudba_address = 0x20000
                0x00020000                _bmxdupba_address = 0x20000

/DISCARD/
 *(.pdr)
 *(.rel.dyn)
 *(.note.GNU-stack)
 *(.note.GNU-stack)
 *(.gnu_debuglink)
 *(.gnu.lto_*)
 *(.discard)

.gptab.sdata
 *(.gptab.data)
 *(.gptab.sdata)

.gptab.sbss
 *(.gptab.bss)
 *(.gptab.sbss)

.mdebug.abi32   0xa0000354        0x0
 *(.mdebug.abi32)
 .mdebug.abi32  0xa0000354        0x0 c:/program files (x86)/microchip/xc32/v1.42/bin/bin/../../lib/gcc/pic32mx/4.8.3/../../../../pic32mx/lib\software-debug-break.o
 .mdebug.abi32  0xa0000354        0x0 build/default/debug/_ext/1360937237/control.o
 .mdebug.abi32  0xa0000354        0x0 build/default/debug/_ext/1360937237/eyes.o
 .mdebug.abi32  0xa0000354        0x0 build/default/debug/_ext/1360937237/main.o
 .mdebug.abi32  0xa0000354        0x0 build/default/debug/_ext/1360937237/debug.o
 .mdebug.abi32  0xa0000354        0x0 build/default/debug/_ext/1360937237/message.o
 .mdebug.abi32  0xa0000354        0x0 build/default/debug/_ext/24337685/osal_freertos.o
 .mdebug.abi32  0xa0000354        0x0 build/default/debug/_ext/1271179505/sys_devcon.o
 .mdebug.abi32  0xa0000354        0x0 build/default/debug/_ext/1271179505/sys_devcon_pic32mx.o
 .mdebug.abi32  0xa0000354        0x0 build/default/debug/_ext/122796885/sys_int_pic32.o
 .mdebug.abi32  0xa0000354        0x0 build/default/debug/_ext/1128951024/croutine.o
 .mdebug.abi32  0xa0000354        0x0 build/default/debug/_ext/1128951024/list.o
 .mdebug.abi32  0xa0000354        0x0 build/default/debug/_ext/1128951024/queue.o
 .mdebug.abi32  0xa0000354        0x0 build/default/debug/_ext/1128951024/tasks.o
 .mdebug.abi32  0xa0000354        0x0 build/default/debug/_ext/1128951024/timers.o
 .mdebug.abi32  0xa0000354        0x0 build/default/debug/_ext/1128951024/event_groups.o
 .mdebug.abi32  0xa0000354        0x0 build/default/debug/_ext/1856876499/heap_1.o
 .mdebug.abi32  0xa0000354        0x0 build/default/debug/_ext/12131622/port.o
 .mdebug.abi32  0xa0000354        0x0 build/default/debug/_ext/1407244131/drv_tmr_static.o
 .mdebug.abi32  0xa0000354        0x0 build/default/debug/_ext/1407244131/drv_tmr_mapping.o
 .mdebug.abi32  0xa0000354        0x0 build/default/debug/_ext/327000265/drv_usart_mapping.o
 .mdebug.abi32  0xa0000354        0x0 build/default/debug/_ext/327000265/drv_usart_static.o
 .mdebug.abi32  0xa0000354        0x0 build/default/debug/_ext/327000265/drv_usart_static_byte_model.o
 .mdebug.abi32  0xa0000354        0x0 build/default/debug/_ext/639803181/sys_clk_static.o
 .mdebug.abi32  0xa0000354        0x0 build/default/debug/_ext/822048611/sys_ports_static.o
 .mdebug.abi32  0xa0000354        0x0 build/default/debug/_ext/1688732426/system_init.o
 .mdebug.abi32  0xa0000354        0x0 build/default/debug/_ext/1688732426/system_interrupt.o
 .mdebug.abi32  0xa0000354        0x0 build/default/debug/_ext/1688732426/system_exceptions.o
 .mdebug.abi32  0xa0000354        0x0 build/default/debug/_ext/1688732426/system_tasks.o
 .mdebug.abi32  0xa0000354        0x0 build/default/debug/_ext/1688732426/rtos_hooks.o
 .mdebug.abi32  0xa0000354        0x0 c:/program files (x86)/microchip/xc32/v1.42/bin/bin/../../lib/gcc/pic32mx/4.8.3/../../../../pic32mx/lib\libpic32.a(default-bootstrap-exception-handler.o)
 .mdebug.abi32  0xa0000354        0x0 c:/program files (x86)/microchip/xc32/v1.42/bin/bin/../../lib/gcc/pic32mx/4.8.3/../../../../pic32mx/lib\libpic32.a(default-on-reset.o)
 .mdebug.abi32  0xa0000354        0x0 c:/program files (x86)/microchip/xc32/v1.42/bin/bin/../../lib/gcc/pic32mx/4.8.3/../../../../pic32mx/lib\libpic32.a(default-on-bootstrap.o)
 .mdebug.abi32  0xa0000354        0x0 c:/program files (x86)/microchip/xc32/v1.42/bin/bin/../../lib/gcc/pic32mx/4.8.3/../../../../pic32mx/lib\libpic32.a(defaultinterrupt.o)

.mdebug.abiN32
 *(.mdebug.abiN32)

.mdebug.abi64
 *(.mdebug.abi64)

.mdebug.abiO64
 *(.mdebug.abiO64)

.mdebug.eabi32
 *(.mdebug.eabi32)

.mdebug.eabi64
 *(.mdebug.eabi64)

.gcc_compiled_long32
 *(.gcc_compiled_long32)

.gcc_compiled_long64
 *(.gcc_compiled_long64)

.stab
 *(.stab)

.stabstr
 *(.stabstr)

.stab.excl
 *(.stab.excl)

.stab.exclstr
 *(.stab.exclstr)

.stab.index
 *(.stab.index)

.stab.indexstr
 *(.stab.indexstr)

.comment        0x00000000       0x54
 *(.comment)
 .comment       0x00000000       0x3c c:/program files (x86)/microchip/xc32/v1.42/bin/bin/../../lib/gcc/pic32mx/4.8.3/../../../../pic32mx/lib\software-debug-break.o
                                 0x3d (size before relaxing)
 .comment       0x00000000       0x3d build/default/debug/_ext/1360937237/control.o
 .comment       0x00000000       0x3d build/default/debug/_ext/1360937237/eyes.o
 .comment       0x00000000       0x3d build/default/debug/_ext/1360937237/main.o
 .comment       0x00000000       0x3d build/default/debug/_ext/1360937237/debug.o
 .comment       0x00000000       0x3d build/default/debug/_ext/1360937237/message.o
 .comment       0x00000000       0x3d build/default/debug/_ext/24337685/osal_freertos.o
 .comment       0x00000000       0x3d build/default/debug/_ext/1271179505/sys_devcon.o
 .comment       0x00000000       0x3d build/default/debug/_ext/1271179505/sys_devcon_pic32mx.o
 .comment       0x00000000       0x3d build/default/debug/_ext/122796885/sys_int_pic32.o
 .comment       0x00000000       0x3d build/default/debug/_ext/1128951024/croutine.o
 .comment       0x00000000       0x3d build/default/debug/_ext/1128951024/list.o
 .comment       0x00000000       0x3d build/default/debug/_ext/1128951024/queue.o
 .comment       0x00000000       0x3d build/default/debug/_ext/1128951024/tasks.o
 .comment       0x00000000       0x3d build/default/debug/_ext/1128951024/timers.o
 .comment       0x00000000       0x3d build/default/debug/_ext/1128951024/event_groups.o
 .comment       0x00000000       0x3d build/default/debug/_ext/1856876499/heap_1.o
 .comment       0x00000000       0x3d build/default/debug/_ext/12131622/port.o
 .comment       0x00000000       0x3d build/default/debug/_ext/1407244131/drv_tmr_static.o
 .comment       0x00000000       0x3d build/default/debug/_ext/1407244131/drv_tmr_mapping.o
 .comment       0x00000000       0x3d build/default/debug/_ext/327000265/drv_usart_mapping.o
 .comment       0x00000000       0x3d build/default/debug/_ext/327000265/drv_usart_static.o
 .comment       0x00000000       0x3d build/default/debug/_ext/327000265/drv_usart_static_byte_model.o
 .comment       0x00000000       0x3d build/default/debug/_ext/639803181/sys_clk_static.o
 .comment       0x00000000       0x3d build/default/debug/_ext/822048611/sys_ports_static.o
 .comment       0x00000000       0x3d build/default/debug/_ext/1688732426/system_init.o
 .comment       0x00000000       0x3d build/default/debug/_ext/1688732426/system_interrupt.o
 .comment       0x00000000       0x3d build/default/debug/_ext/1688732426/system_exceptions.o
 .comment       0x00000000       0x3d build/default/debug/_ext/1688732426/system_tasks.o
 .comment       0x00000000       0x3d build/default/debug/_ext/1688732426/rtos_hooks.o
 .comment       0x0000003c       0x18 c:/program files (x86)/microchip/xc32/v1.42/bin/bin/../../lib/gcc/pic32mx/4.8.3/../../../../pic32mx/lib\libpic32.a(memset.o)
                                 0x19 (size before relaxing)
 .comment       0x00000000       0x3d c:/program files (x86)/microchip/xc32/v1.42/bin/bin/../../lib/gcc/pic32mx/4.8.3/../../../../pic32mx/lib\libpic32.a(default-bootstrap-exception-handler.o)
 .comment       0x00000000       0x3d c:/program files (x86)/microchip/xc32/v1.42/bin/bin/../../lib/gcc/pic32mx/4.8.3/../../../../pic32mx/lib\libpic32.a(default-on-reset.o)
 .comment       0x00000000       0x3d c:/program files (x86)/microchip/xc32/v1.42/bin/bin/../../lib/gcc/pic32mx/4.8.3/../../../../pic32mx/lib\libpic32.a(default-on-bootstrap.o)
 .comment       0x00000000       0x3d c:/program files (x86)/microchip/xc32/v1.42/bin/bin/../../lib/gcc/pic32mx/4.8.3/../../../../pic32mx/lib\libpic32.a(defaultinterrupt.o)

.debug
 *(.debug)

.line
 *(.line)

.debug_srcinfo
 *(.debug_srcinfo)

.debug_sfnames
 *(.debug_sfnames)

.debug_aranges  0x00000000      0xbe8
 *(.debug_aranges)
 .debug_aranges
                0x00000000       0x20 c:/program files (x86)/microchip/xc32/v1.42/bin/bin/../../lib/gcc/pic32mx/4.8.3/../../../../pic32mx/lib\software-debug-break.o
 .debug_aranges
                0x00000020       0x28 build/default/debug/_ext/1360937237/control.o
 .debug_aranges
                0x00000048       0x38 build/default/debug/_ext/1360937237/eyes.o
 .debug_aranges
                0x00000080       0x20 build/default/debug/_ext/1360937237/main.o
 .debug_aranges
                0x000000a0       0x38 build/default/debug/_ext/1360937237/debug.o
 .debug_aranges
                0x000000d8       0x50 build/default/debug/_ext/1360937237/message.o
 .debug_aranges
                0x00000128       0x88 build/default/debug/_ext/24337685/osal_freertos.o
 .debug_aranges
                0x000001b0       0x78 build/default/debug/_ext/1271179505/sys_devcon.o
 .debug_aranges
                0x00000228       0x20 build/default/debug/_ext/1271179505/sys_devcon_pic32mx.o
 .debug_aranges
                0x00000248       0x48 build/default/debug/_ext/122796885/sys_int_pic32.o
 .debug_aranges
                0x00000290       0x18 build/default/debug/_ext/1128951024/croutine.o
 .debug_aranges
                0x000002a8       0x40 build/default/debug/_ext/1128951024/list.o
 .debug_aranges
                0x000002e8       0xb0 build/default/debug/_ext/1128951024/queue.o
 .debug_aranges
                0x00000398      0x198 build/default/debug/_ext/1128951024/tasks.o
 .debug_aranges
                0x00000530       0x18 build/default/debug/_ext/1128951024/timers.o
 .debug_aranges
                0x00000548       0x60 build/default/debug/_ext/1128951024/event_groups.o
 .debug_aranges
                0x000005a8       0x38 build/default/debug/_ext/1856876499/heap_1.o
 .debug_aranges
                0x000005e0       0x58 build/default/debug/_ext/12131622/port.o
 .debug_aranges
                0x00000638       0x20 build/default/debug/_ext/12131622/port_asm.o
 .debug_aranges
                0x00000658       0x88 build/default/debug/_ext/1407244131/drv_tmr_static.o
 .debug_aranges
                0x000006e0       0xc8 build/default/debug/_ext/1407244131/drv_tmr_mapping.o
 .debug_aranges
                0x000007a8       0xa8 build/default/debug/_ext/327000265/drv_usart_mapping.o
 .debug_aranges
                0x00000850       0x78 build/default/debug/_ext/327000265/drv_usart_static.o
 .debug_aranges
                0x000008c8       0x48 build/default/debug/_ext/327000265/drv_usart_static_byte_model.o
 .debug_aranges
                0x00000910       0x50 build/default/debug/_ext/639803181/sys_clk_static.o
 .debug_aranges
                0x00000960      0x108 build/default/debug/_ext/822048611/sys_ports_static.o
 .debug_aranges
                0x00000a68       0x20 build/default/debug/_ext/1688732426/system_init.o
 .debug_aranges
                0x00000a88       0x28 build/default/debug/_ext/1688732426/system_interrupt.o
 .debug_aranges
                0x00000ab0       0x20 build/default/debug/_ext/1688732426/system_exceptions.o
 .debug_aranges
                0x00000ad0       0x38 build/default/debug/_ext/1688732426/system_tasks.o
 .debug_aranges
                0x00000b08       0x38 build/default/debug/_ext/1688732426/system_interrupt_a.o
 .debug_aranges
                0x00000b40       0x28 build/default/debug/_ext/1688732426/rtos_hooks.o
 .debug_aranges
                0x00000b68       0x20 c:/program files (x86)/microchip/xc32/v1.42/bin/bin/../../lib/gcc/pic32mx/4.8.3/../../../../pic32mx/lib\libpic32.a(default-bootstrap-exception-handler.o)
 .debug_aranges
                0x00000b88       0x20 c:/program files (x86)/microchip/xc32/v1.42/bin/bin/../../lib/gcc/pic32mx/4.8.3/../../../../pic32mx/lib\libpic32.a(default-on-reset.o)
 .debug_aranges
                0x00000ba8       0x20 c:/program files (x86)/microchip/xc32/v1.42/bin/bin/../../lib/gcc/pic32mx/4.8.3/../../../../pic32mx/lib\libpic32.a(default-on-bootstrap.o)
 .debug_aranges
                0x00000bc8       0x20 c:/program files (x86)/microchip/xc32/v1.42/bin/bin/../../lib/gcc/pic32mx/4.8.3/../../../../pic32mx/lib\libpic32.a(defaultinterrupt.o)

.debug_pubnames
 *(.debug_pubnames)

.debug_info     0x00000000    0x23a62
 *(.debug_info .gnu.linkonce.wi.*)
 .debug_info    0x00000000       0xe5 c:/program files (x86)/microchip/xc32/v1.42/bin/bin/../../lib/gcc/pic32mx/4.8.3/../../../../pic32mx/lib\software-debug-break.o
 .debug_info    0x000000e5      0xc00 build/default/debug/_ext/1360937237/control.o
 .debug_info    0x00000ce5     0x1a37 build/default/debug/_ext/1360937237/eyes.o
 .debug_info    0x0000271c      0x1af build/default/debug/_ext/1360937237/main.o
 .debug_info    0x000028cb      0xfd2 build/default/debug/_ext/1360937237/debug.o
 .debug_info    0x0000389d      0x51e build/default/debug/_ext/1360937237/message.o
 .debug_info    0x00003dbb      0xaab build/default/debug/_ext/24337685/osal_freertos.o
 .debug_info    0x00004866     0x1160 build/default/debug/_ext/1271179505/sys_devcon.o
 .debug_info    0x000059c6      0xd44 build/default/debug/_ext/1271179505/sys_devcon_pic32mx.o
 .debug_info    0x0000670a     0x15b3 build/default/debug/_ext/122796885/sys_int_pic32.o
 .debug_info    0x00007cbd      0x172 build/default/debug/_ext/1128951024/croutine.o
 .debug_info    0x00007e2f      0x467 build/default/debug/_ext/1128951024/list.o
 .debug_info    0x00008296     0x1753 build/default/debug/_ext/1128951024/queue.o
 .debug_info    0x000099e9     0x291b build/default/debug/_ext/1128951024/tasks.o
 .debug_info    0x0000c304      0x170 build/default/debug/_ext/1128951024/timers.o
 .debug_info    0x0000c474      0xd56 build/default/debug/_ext/1128951024/event_groups.o
 .debug_info    0x0000d1ca      0x37b build/default/debug/_ext/1856876499/heap_1.o
 .debug_info    0x0000d545     0x11af build/default/debug/_ext/12131622/port.o
 .debug_info    0x0000e6f4       0xc0 build/default/debug/_ext/12131622/port_asm.o
 .debug_info    0x0000e7b4     0x33d8 build/default/debug/_ext/1407244131/drv_tmr_static.o
 .debug_info    0x00011b8c     0x1093 build/default/debug/_ext/1407244131/drv_tmr_mapping.o
 .debug_info    0x00012c1f     0x18ef build/default/debug/_ext/327000265/drv_usart_mapping.o
 .debug_info    0x0001450e     0x3af2 build/default/debug/_ext/327000265/drv_usart_static.o
 .debug_info    0x00018000     0x1ca5 build/default/debug/_ext/327000265/drv_usart_static_byte_model.o
 .debug_info    0x00019ca5     0x15af build/default/debug/_ext/639803181/sys_clk_static.o
 .debug_info    0x0001b254     0x3af6 build/default/debug/_ext/822048611/sys_ports_static.o
 .debug_info    0x0001ed4a     0x18a0 build/default/debug/_ext/1688732426/system_init.o
 .debug_info    0x000205ea     0x16a5 build/default/debug/_ext/1688732426/system_interrupt.o
 .debug_info    0x00021c8f      0xae4 build/default/debug/_ext/1688732426/system_exceptions.o
 .debug_info    0x00022773      0xc73 build/default/debug/_ext/1688732426/system_tasks.o
 .debug_info    0x000233e6       0x9f build/default/debug/_ext/1688732426/system_interrupt_a.o
 .debug_info    0x00023485      0x259 build/default/debug/_ext/1688732426/rtos_hooks.o
 .debug_info    0x000236de       0xf5 c:/program files (x86)/microchip/xc32/v1.42/bin/bin/../../lib/gcc/pic32mx/4.8.3/../../../../pic32mx/lib\libpic32.a(default-bootstrap-exception-handler.o)
 .debug_info    0x000237d3       0xcf c:/program files (x86)/microchip/xc32/v1.42/bin/bin/../../lib/gcc/pic32mx/4.8.3/../../../../pic32mx/lib\libpic32.a(default-on-reset.o)
 .debug_info    0x000238a2       0xd7 c:/program files (x86)/microchip/xc32/v1.42/bin/bin/../../lib/gcc/pic32mx/4.8.3/../../../../pic32mx/lib\libpic32.a(default-on-bootstrap.o)
 .debug_info    0x00023979       0xe9 c:/program files (x86)/microchip/xc32/v1.42/bin/bin/../../lib/gcc/pic32mx/4.8.3/../../../../pic32mx/lib\libpic32.a(defaultinterrupt.o)

.debug_abbrev   0x00000000     0x37e9
 *(.debug_abbrev)
 .debug_abbrev  0x00000000       0x28 c:/program files (x86)/microchip/xc32/v1.42/bin/bin/../../lib/gcc/pic32mx/4.8.3/../../../../pic32mx/lib\software-debug-break.o
 .debug_abbrev  0x00000028      0x11e build/default/debug/_ext/1360937237/control.o
 .debug_abbrev  0x00000146      0x282 build/default/debug/_ext/1360937237/eyes.o
 .debug_abbrev  0x000003c8       0x93 build/default/debug/_ext/1360937237/main.o
 .debug_abbrev  0x0000045b      0x1ce build/default/debug/_ext/1360937237/debug.o
 .debug_abbrev  0x00000629      0x17d build/default/debug/_ext/1360937237/message.o
 .debug_abbrev  0x000007a6      0x1fe build/default/debug/_ext/24337685/osal_freertos.o
 .debug_abbrev  0x000009a4      0x2a1 build/default/debug/_ext/1271179505/sys_devcon.o
 .debug_abbrev  0x00000c45      0x16d build/default/debug/_ext/1271179505/sys_devcon_pic32mx.o
 .debug_abbrev  0x00000db2      0x1ea build/default/debug/_ext/122796885/sys_int_pic32.o
 .debug_abbrev  0x00000f9c       0x1b build/default/debug/_ext/1128951024/croutine.o
 .debug_abbrev  0x00000fb7       0xf1 build/default/debug/_ext/1128951024/list.o
 .debug_abbrev  0x000010a8      0x2e0 build/default/debug/_ext/1128951024/queue.o
 .debug_abbrev  0x00001388      0x2ce build/default/debug/_ext/1128951024/tasks.o
 .debug_abbrev  0x00001656       0x1b build/default/debug/_ext/1128951024/timers.o
 .debug_abbrev  0x00001671      0x29a build/default/debug/_ext/1128951024/event_groups.o
 .debug_abbrev  0x0000190b      0x13f build/default/debug/_ext/1856876499/heap_1.o
 .debug_abbrev  0x00001a4a      0x2cf build/default/debug/_ext/12131622/port.o
 .debug_abbrev  0x00001d19       0x14 build/default/debug/_ext/12131622/port_asm.o
 .debug_abbrev  0x00001d2d      0x330 build/default/debug/_ext/1407244131/drv_tmr_static.o
 .debug_abbrev  0x0000205d      0x29c build/default/debug/_ext/1407244131/drv_tmr_mapping.o
 .debug_abbrev  0x000022f9      0x221 build/default/debug/_ext/327000265/drv_usart_mapping.o
 .debug_abbrev  0x0000251a      0x3c9 build/default/debug/_ext/327000265/drv_usart_static.o
 .debug_abbrev  0x000028e3      0x26b build/default/debug/_ext/327000265/drv_usart_static_byte_model.o
 .debug_abbrev  0x00002b4e      0x27b build/default/debug/_ext/639803181/sys_clk_static.o
 .debug_abbrev  0x00002dc9      0x222 build/default/debug/_ext/822048611/sys_ports_static.o
 .debug_abbrev  0x00002feb      0x2e5 build/default/debug/_ext/1688732426/system_init.o
 .debug_abbrev  0x000032d0      0x1de build/default/debug/_ext/1688732426/system_interrupt.o
 .debug_abbrev  0x000034ae       0xa9 build/default/debug/_ext/1688732426/system_exceptions.o
 .debug_abbrev  0x00003557      0x149 build/default/debug/_ext/1688732426/system_tasks.o
 .debug_abbrev  0x000036a0       0x12 build/default/debug/_ext/1688732426/system_interrupt_a.o
 .debug_abbrev  0x000036b2       0x97 build/default/debug/_ext/1688732426/rtos_hooks.o
 .debug_abbrev  0x00003749       0x28 c:/program files (x86)/microchip/xc32/v1.42/bin/bin/../../lib/gcc/pic32mx/4.8.3/../../../../pic32mx/lib\libpic32.a(default-bootstrap-exception-handler.o)
 .debug_abbrev  0x00003771       0x28 c:/program files (x86)/microchip/xc32/v1.42/bin/bin/../../lib/gcc/pic32mx/4.8.3/../../../../pic32mx/lib\libpic32.a(default-on-reset.o)
 .debug_abbrev  0x00003799       0x28 c:/program files (x86)/microchip/xc32/v1.42/bin/bin/../../lib/gcc/pic32mx/4.8.3/../../../../pic32mx/lib\libpic32.a(default-on-bootstrap.o)
 .debug_abbrev  0x000037c1       0x28 c:/program files (x86)/microchip/xc32/v1.42/bin/bin/../../lib/gcc/pic32mx/4.8.3/../../../../pic32mx/lib\libpic32.a(defaultinterrupt.o)

.debug_line     0x00000000     0x71d5
 *(.debug_line)
 .debug_line    0x00000000       0x9c c:/program files (x86)/microchip/xc32/v1.42/bin/bin/../../lib/gcc/pic32mx/4.8.3/../../../../pic32mx/lib\software-debug-break.o
 .debug_line    0x0000009c      0x2a5 build/default/debug/_ext/1360937237/control.o
 .debug_line    0x00000341      0x476 build/default/debug/_ext/1360937237/eyes.o
 .debug_line    0x000007b7       0xbc build/default/debug/_ext/1360937237/main.o
 .debug_line    0x00000873      0x3e1 build/default/debug/_ext/1360937237/debug.o
 .debug_line    0x00000c54      0x11b build/default/debug/_ext/1360937237/message.o
 .debug_line    0x00000d6f      0x2c4 build/default/debug/_ext/24337685/osal_freertos.o
 .debug_line    0x00001033      0x5e7 build/default/debug/_ext/1271179505/sys_devcon.o
 .debug_line    0x0000161a      0x48f build/default/debug/_ext/1271179505/sys_devcon_pic32mx.o
 .debug_line    0x00001aa9      0x39e build/default/debug/_ext/122796885/sys_int_pic32.o
 .debug_line    0x00001e47       0x1d build/default/debug/_ext/1128951024/croutine.o
 .debug_line    0x00001e64      0x1e5 build/default/debug/_ext/1128951024/list.o
 .debug_line    0x00002049      0x48f build/default/debug/_ext/1128951024/queue.o
 .debug_line    0x000024d8      0x828 build/default/debug/_ext/1128951024/tasks.o
 .debug_line    0x00002d00       0x1d build/default/debug/_ext/1128951024/timers.o
 .debug_line    0x00002d1d      0x32a build/default/debug/_ext/1128951024/event_groups.o
 .debug_line    0x00003047      0x21f build/default/debug/_ext/1856876499/heap_1.o
 .debug_line    0x00003266      0x240 build/default/debug/_ext/12131622/port.o
 .debug_line    0x000034a6      0x102 build/default/debug/_ext/12131622/port_asm.o
 .debug_line    0x000035a8      0x704 build/default/debug/_ext/1407244131/drv_tmr_static.o
 .debug_line    0x00003cac      0x4a2 build/default/debug/_ext/1407244131/drv_tmr_mapping.o
 .debug_line    0x0000414e      0x447 build/default/debug/_ext/327000265/drv_usart_mapping.o
 .debug_line    0x00004595      0x879 build/default/debug/_ext/327000265/drv_usart_static.o
 .debug_line    0x00004e0e      0x4e2 build/default/debug/_ext/327000265/drv_usart_static_byte_model.o
 .debug_line    0x000052f0      0x41e build/default/debug/_ext/639803181/sys_clk_static.o
 .debug_line    0x0000570e      0x794 build/default/debug/_ext/822048611/sys_ports_static.o
 .debug_line    0x00005ea2      0x5c2 build/default/debug/_ext/1688732426/system_init.o
 .debug_line    0x00006464      0x443 build/default/debug/_ext/1688732426/system_interrupt.o
 .debug_line    0x000068a7      0x18e build/default/debug/_ext/1688732426/system_exceptions.o
 .debug_line    0x00006a35      0x333 build/default/debug/_ext/1688732426/system_tasks.o
 .debug_line    0x00006d68       0xa5 build/default/debug/_ext/1688732426/system_interrupt_a.o
 .debug_line    0x00006e0d      0x147 build/default/debug/_ext/1688732426/rtos_hooks.o
 .debug_line    0x00006f54       0xa9 c:/program files (x86)/microchip/xc32/v1.42/bin/bin/../../lib/gcc/pic32mx/4.8.3/../../../../pic32mx/lib\libpic32.a(default-bootstrap-exception-handler.o)
 .debug_line    0x00006ffd       0x96 c:/program files (x86)/microchip/xc32/v1.42/bin/bin/../../lib/gcc/pic32mx/4.8.3/../../../../pic32mx/lib\libpic32.a(default-on-reset.o)
 .debug_line    0x00007093       0x9a c:/program files (x86)/microchip/xc32/v1.42/bin/bin/../../lib/gcc/pic32mx/4.8.3/../../../../pic32mx/lib\libpic32.a(default-on-bootstrap.o)
 .debug_line    0x0000712d       0xa8 c:/program files (x86)/microchip/xc32/v1.42/bin/bin/../../lib/gcc/pic32mx/4.8.3/../../../../pic32mx/lib\libpic32.a(defaultinterrupt.o)

.debug_frame    0x00000000     0x196c
 *(.debug_frame)
 .debug_frame   0x00000000       0x20 c:/program files (x86)/microchip/xc32/v1.42/bin/bin/../../lib/gcc/pic32mx/4.8.3/../../../../pic32mx/lib\software-debug-break.o
 .debug_frame   0x00000020       0x40 build/default/debug/_ext/1360937237/control.o
 .debug_frame   0x00000060       0x6c build/default/debug/_ext/1360937237/eyes.o
 .debug_frame   0x000000cc       0x28 build/default/debug/_ext/1360937237/main.o
 .debug_frame   0x000000f4       0x58 build/default/debug/_ext/1360937237/debug.o
 .debug_frame   0x0000014c       0xb8 build/default/debug/_ext/1360937237/message.o
 .debug_frame   0x00000204      0x150 build/default/debug/_ext/24337685/osal_freertos.o
 .debug_frame   0x00000354       0xe8 build/default/debug/_ext/1271179505/sys_devcon.o
 .debug_frame   0x0000043c       0x28 build/default/debug/_ext/1271179505/sys_devcon_pic32mx.o
 .debug_frame   0x00000464       0x90 build/default/debug/_ext/122796885/sys_int_pic32.o
 .debug_frame   0x000004f4       0x60 build/default/debug/_ext/1128951024/list.o
 .debug_frame   0x00000554      0x214 build/default/debug/_ext/1128951024/queue.o
 .debug_frame   0x00000768      0x4c8 build/default/debug/_ext/1128951024/tasks.o
 .debug_frame   0x00000c30      0x108 build/default/debug/_ext/1128951024/event_groups.o
 .debug_frame   0x00000d38       0x5c build/default/debug/_ext/1856876499/heap_1.o
 .debug_frame   0x00000d94       0xc0 build/default/debug/_ext/12131622/port.o
 .debug_frame   0x00000e54       0xf8 build/default/debug/_ext/1407244131/drv_tmr_static.o
 .debug_frame   0x00000f4c      0x210 build/default/debug/_ext/1407244131/drv_tmr_mapping.o
 .debug_frame   0x0000115c      0x238 build/default/debug/_ext/327000265/drv_usart_mapping.o
 .debug_frame   0x00001394       0xfc build/default/debug/_ext/327000265/drv_usart_static.o
 .debug_frame   0x00001490       0x80 build/default/debug/_ext/327000265/drv_usart_static_byte_model.o
 .debug_frame   0x00001510       0xa0 build/default/debug/_ext/639803181/sys_clk_static.o
 .debug_frame   0x000015b0      0x1f0 build/default/debug/_ext/822048611/sys_ports_static.o
 .debug_frame   0x000017a0       0x28 build/default/debug/_ext/1688732426/system_init.o
 .debug_frame   0x000017c8       0x40 build/default/debug/_ext/1688732426/system_interrupt.o
 .debug_frame   0x00001808       0x28 build/default/debug/_ext/1688732426/system_exceptions.o
 .debug_frame   0x00001830       0x70 build/default/debug/_ext/1688732426/system_tasks.o
 .debug_frame   0x000018a0       0x40 build/default/debug/_ext/1688732426/rtos_hooks.o
 .debug_frame   0x000018e0       0x2c c:/program files (x86)/microchip/xc32/v1.42/bin/bin/../../lib/gcc/pic32mx/4.8.3/../../../../pic32mx/lib\libpic32.a(default-bootstrap-exception-handler.o)
 .debug_frame   0x0000190c       0x20 c:/program files (x86)/microchip/xc32/v1.42/bin/bin/../../lib/gcc/pic32mx/4.8.3/../../../../pic32mx/lib\libpic32.a(default-on-reset.o)
 .debug_frame   0x0000192c       0x20 c:/program files (x86)/microchip/xc32/v1.42/bin/bin/../../lib/gcc/pic32mx/4.8.3/../../../../pic32mx/lib\libpic32.a(default-on-bootstrap.o)
 .debug_frame   0x0000194c       0x20 c:/program files (x86)/microchip/xc32/v1.42/bin/bin/../../lib/gcc/pic32mx/4.8.3/../../../../pic32mx/lib\libpic32.a(defaultinterrupt.o)

.debug_str      0x00000000      0x71b
 *(.debug_str)
 .debug_str     0x00000000        0x0 c:/program files (x86)/microchip/xc32/v1.42/bin/bin/../../lib/gcc/pic32mx/4.8.3/../../../../pic32mx/lib\software-debug-break.o
 .debug_str     0x00000000        0x0 build/default/debug/_ext/1360937237/control.o
 .debug_str     0x00000000        0xb build/default/debug/_ext/1360937237/eyes.o
 .debug_str     0x0000000b        0x0 build/default/debug/_ext/1360937237/main.o
 .debug_str     0x0000000b       0x1c build/default/debug/_ext/1360937237/debug.o
 .debug_str     0x00000027       0x3c build/default/debug/_ext/1360937237/message.o
 .debug_str     0x00000063       0x40 build/default/debug/_ext/24337685/osal_freertos.o
 .debug_str     0x000000a3       0x16 build/default/debug/_ext/1271179505/sys_devcon.o
 .debug_str     0x000000b9        0x6 build/default/debug/_ext/1271179505/sys_devcon_pic32mx.o
 .debug_str     0x000000bf       0x2d build/default/debug/_ext/122796885/sys_int_pic32.o
 .debug_str     0x000000ec        0x0 build/default/debug/_ext/1128951024/croutine.o
 .debug_str     0x000000ec       0x2b build/default/debug/_ext/1128951024/list.o
 .debug_str     0x00000117       0xf1 build/default/debug/_ext/1128951024/queue.o
 .debug_str     0x00000208      0x191 build/default/debug/_ext/1128951024/tasks.o
 .debug_str     0x00000399        0x0 build/default/debug/_ext/1128951024/timers.o
 .debug_str     0x00000399       0xe6 build/default/debug/_ext/1128951024/event_groups.o
 .debug_str     0x0000047f       0x1d build/default/debug/_ext/1856876499/heap_1.o
 .debug_str     0x0000049c       0x37 build/default/debug/_ext/12131622/port.o
 .debug_str     0x000004d3       0x4d build/default/debug/_ext/1407244131/drv_tmr_static.o
 .debug_str     0x00000520        0x7 build/default/debug/_ext/1407244131/drv_tmr_mapping.o
 .debug_str     0x00000527       0x23 build/default/debug/_ext/327000265/drv_usart_mapping.o
 .debug_str     0x0000054a       0xe2 build/default/debug/_ext/327000265/drv_usart_static.o
 .debug_str     0x0000062c       0x12 build/default/debug/_ext/327000265/drv_usart_static_byte_model.o
 .debug_str     0x0000063e       0x39 build/default/debug/_ext/639803181/sys_clk_static.o
 .debug_str     0x00000677       0x55 build/default/debug/_ext/822048611/sys_ports_static.o
 .debug_str     0x000006cc       0x46 build/default/debug/_ext/1688732426/system_init.o
 .debug_str     0x00000712        0x0 build/default/debug/_ext/1688732426/system_interrupt.o
 .debug_str     0x00000712        0x0 build/default/debug/_ext/1688732426/system_exceptions.o
 .debug_str     0x00000712        0x0 build/default/debug/_ext/1688732426/system_tasks.o
 .debug_str     0x00000712        0x9 build/default/debug/_ext/1688732426/rtos_hooks.o
 .debug_str     0x0000071b        0x0 c:/program files (x86)/microchip/xc32/v1.42/bin/bin/../../lib/gcc/pic32mx/4.8.3/../../../../pic32mx/lib\libpic32.a(default-bootstrap-exception-handler.o)
 .debug_str     0x0000071b        0x0 c:/program files (x86)/microchip/xc32/v1.42/bin/bin/../../lib/gcc/pic32mx/4.8.3/../../../../pic32mx/lib\libpic32.a(default-on-reset.o)
 .debug_str     0x0000071b        0x0 c:/program files (x86)/microchip/xc32/v1.42/bin/bin/../../lib/gcc/pic32mx/4.8.3/../../../../pic32mx/lib\libpic32.a(default-on-bootstrap.o)
 .debug_str     0x0000071b        0x0 c:/program files (x86)/microchip/xc32/v1.42/bin/bin/../../lib/gcc/pic32mx/4.8.3/../../../../pic32mx/lib\libpic32.a(defaultinterrupt.o)

.debug_loc      0x00000000     0x7044
 *(.debug_loc)
 .debug_loc     0x00000000       0x54 build/default/debug/_ext/1360937237/control.o
 .debug_loc     0x00000054       0xdf build/default/debug/_ext/1360937237/eyes.o
 .debug_loc     0x00000133       0x20 build/default/debug/_ext/1360937237/main.o
 .debug_loc     0x00000153      0x30d build/default/debug/_ext/1360937237/debug.o
 .debug_loc     0x00000460      0x3f1 build/default/debug/_ext/1360937237/message.o
 .debug_loc     0x00000851      0x58c build/default/debug/_ext/24337685/osal_freertos.o
 .debug_loc     0x00000ddd      0x150 build/default/debug/_ext/1271179505/sys_devcon.o
 .debug_loc     0x00000f2d      0x10c build/default/debug/_ext/1271179505/sys_devcon_pic32mx.o
 .debug_loc     0x00001039      0x10d build/default/debug/_ext/122796885/sys_int_pic32.o
 .debug_loc     0x00001146       0x31 build/default/debug/_ext/1128951024/list.o
 .debug_loc     0x00001177      0xe9c build/default/debug/_ext/1128951024/queue.o
 .debug_loc     0x00002013     0x1982 build/default/debug/_ext/1128951024/tasks.o
 .debug_loc     0x00003995      0xa0a build/default/debug/_ext/1128951024/event_groups.o
 .debug_loc     0x0000439f       0x69 build/default/debug/_ext/1856876499/heap_1.o
 .debug_loc     0x00004408      0x1aa build/default/debug/_ext/12131622/port.o
 .debug_loc     0x000045b2      0x325 build/default/debug/_ext/1407244131/drv_tmr_static.o
 .debug_loc     0x000048d7      0x52c build/default/debug/_ext/1407244131/drv_tmr_mapping.o
 .debug_loc     0x00004e03      0xa47 build/default/debug/_ext/327000265/drv_usart_mapping.o
 .debug_loc     0x0000584a      0x621 build/default/debug/_ext/327000265/drv_usart_static.o
 .debug_loc     0x00005e6b       0xb4 build/default/debug/_ext/327000265/drv_usart_static_byte_model.o
 .debug_loc     0x00005f1f       0xc1 build/default/debug/_ext/639803181/sys_clk_static.o
 .debug_loc     0x00005fe0      0xecf build/default/debug/_ext/822048611/sys_ports_static.o
 .debug_loc     0x00006eaf       0x41 build/default/debug/_ext/1688732426/system_init.o
 .debug_loc     0x00006ef0       0x40 build/default/debug/_ext/1688732426/system_interrupt.o
 .debug_loc     0x00006f30       0x20 build/default/debug/_ext/1688732426/system_exceptions.o
 .debug_loc     0x00006f50       0x80 build/default/debug/_ext/1688732426/system_tasks.o
 .debug_loc     0x00006fd0       0x74 build/default/debug/_ext/1688732426/rtos_hooks.o

.debug_macinfo
 *(.debug_macinfo)

.debug_weaknames
 *(.debug_weaknames)

.debug_funcnames
 *(.debug_funcnames)

.debug_typenames
 *(.debug_typenames)

.debug_varnames
 *(.debug_varnames)

.debug_pubtypes
 *(.debug_pubtypes)

.debug_ranges   0x00000000      0xbb8
 *(.debug_ranges)
 .debug_ranges  0x00000000       0x10 c:/program files (x86)/microchip/xc32/v1.42/bin/bin/../../lib/gcc/pic32mx/4.8.3/../../../../pic32mx/lib\software-debug-break.o
 .debug_ranges  0x00000010       0x18 build/default/debug/_ext/1360937237/control.o
 .debug_ranges  0x00000028       0x28 build/default/debug/_ext/1360937237/eyes.o
 .debug_ranges  0x00000050       0x10 build/default/debug/_ext/1360937237/main.o
 .debug_ranges  0x00000060      0x178 build/default/debug/_ext/1360937237/debug.o
 .debug_ranges  0x000001d8       0x58 build/default/debug/_ext/1360937237/message.o
 .debug_ranges  0x00000230       0x78 build/default/debug/_ext/24337685/osal_freertos.o
 .debug_ranges  0x000002a8       0x68 build/default/debug/_ext/1271179505/sys_devcon.o
 .debug_ranges  0x00000310       0x10 build/default/debug/_ext/1271179505/sys_devcon_pic32mx.o
 .debug_ranges  0x00000320       0x50 build/default/debug/_ext/122796885/sys_int_pic32.o
 .debug_ranges  0x00000370       0x30 build/default/debug/_ext/1128951024/list.o
 .debug_ranges  0x000003a0       0xa0 build/default/debug/_ext/1128951024/queue.o
 .debug_ranges  0x00000440      0x1a0 build/default/debug/_ext/1128951024/tasks.o
 .debug_ranges  0x000005e0       0x98 build/default/debug/_ext/1128951024/event_groups.o
 .debug_ranges  0x00000678       0x28 build/default/debug/_ext/1856876499/heap_1.o
 .debug_ranges  0x000006a0       0x48 build/default/debug/_ext/12131622/port.o
 .debug_ranges  0x000006e8       0x90 build/default/debug/_ext/1407244131/drv_tmr_static.o
 .debug_ranges  0x00000778       0xb8 build/default/debug/_ext/1407244131/drv_tmr_mapping.o
 .debug_ranges  0x00000830       0x98 build/default/debug/_ext/327000265/drv_usart_mapping.o
 .debug_ranges  0x000008c8       0x98 build/default/debug/_ext/327000265/drv_usart_static.o
 .debug_ranges  0x00000960       0x38 build/default/debug/_ext/327000265/drv_usart_static_byte_model.o
 .debug_ranges  0x00000998       0x40 build/default/debug/_ext/639803181/sys_clk_static.o
 .debug_ranges  0x000009d8       0xf8 build/default/debug/_ext/822048611/sys_ports_static.o
 .debug_ranges  0x00000ad0       0x10 build/default/debug/_ext/1688732426/system_init.o
 .debug_ranges  0x00000ae0       0x18 build/default/debug/_ext/1688732426/system_interrupt.o
 .debug_ranges  0x00000af8       0x10 build/default/debug/_ext/1688732426/system_exceptions.o
 .debug_ranges  0x00000b08       0x28 build/default/debug/_ext/1688732426/system_tasks.o
 .debug_ranges  0x00000b30       0x30 build/default/debug/_ext/1688732426/system_interrupt_a.o
 .debug_ranges  0x00000b60       0x18 build/default/debug/_ext/1688732426/rtos_hooks.o
 .debug_ranges  0x00000b78       0x10 c:/program files (x86)/microchip/xc32/v1.42/bin/bin/../../lib/gcc/pic32mx/4.8.3/../../../../pic32mx/lib\libpic32.a(default-bootstrap-exception-handler.o)
 .debug_ranges  0x00000b88       0x10 c:/program files (x86)/microchip/xc32/v1.42/bin/bin/../../lib/gcc/pic32mx/4.8.3/../../../../pic32mx/lib\libpic32.a(default-on-reset.o)
 .debug_ranges  0x00000b98       0x10 c:/program files (x86)/microchip/xc32/v1.42/bin/bin/../../lib/gcc/pic32mx/4.8.3/../../../../pic32mx/lib\libpic32.a(default-on-bootstrap.o)
 .debug_ranges  0x00000ba8       0x10 c:/program files (x86)/microchip/xc32/v1.42/bin/bin/../../lib/gcc/pic32mx/4.8.3/../../../../pic32mx/lib\libpic32.a(defaultinterrupt.o)

.gnu.attributes
                0x00000000       0x10
 *(.gnu.attributes)
 .gnu.attributes
                0x00000000       0x10 c:/program files (x86)/microchip/xc32/v1.42/bin/bin/../../lib/gcc/pic32mx/4.8.3/../../../../pic32mx/lib\software-debug-break.o
 .gnu.attributes
                0x00000010       0x10 build/default/debug/_ext/1360937237/control.o
 .gnu.attributes
                0x00000020       0x10 build/default/debug/_ext/1360937237/eyes.o
 .gnu.attributes
                0x00000030       0x10 build/default/debug/_ext/1360937237/main.o
 .gnu.attributes
                0x00000040       0x10 build/default/debug/_ext/1360937237/debug.o
 .gnu.attributes
                0x00000050       0x10 build/default/debug/_ext/1360937237/message.o
 .gnu.attributes
                0x00000060       0x10 build/default/debug/_ext/24337685/osal_freertos.o
 .gnu.attributes
                0x00000070       0x10 build/default/debug/_ext/1271179505/sys_devcon.o
 .gnu.attributes
                0x00000080       0x10 build/default/debug/_ext/1271179505/sys_devcon_pic32mx.o
 .gnu.attributes
                0x00000090       0x10 build/default/debug/_ext/122796885/sys_int_pic32.o
 .gnu.attributes
                0x000000a0       0x10 build/default/debug/_ext/1128951024/croutine.o
 .gnu.attributes
                0x000000b0       0x10 build/default/debug/_ext/1128951024/list.o
 .gnu.attributes
                0x000000c0       0x10 build/default/debug/_ext/1128951024/queue.o
 .gnu.attributes
                0x000000d0       0x10 build/default/debug/_ext/1128951024/tasks.o
 .gnu.attributes
                0x000000e0       0x10 build/default/debug/_ext/1128951024/timers.o
 .gnu.attributes
                0x000000f0       0x10 build/default/debug/_ext/1128951024/event_groups.o
 .gnu.attributes
                0x00000100       0x10 build/default/debug/_ext/1856876499/heap_1.o
 .gnu.attributes
                0x00000110       0x10 build/default/debug/_ext/12131622/port.o
 .gnu.attributes
                0x00000120       0x10 build/default/debug/_ext/1407244131/drv_tmr_static.o
 .gnu.attributes
                0x00000130       0x10 build/default/debug/_ext/1407244131/drv_tmr_mapping.o
 .gnu.attributes
                0x00000140       0x10 build/default/debug/_ext/327000265/drv_usart_mapping.o
 .gnu.attributes
                0x00000150       0x10 build/default/debug/_ext/327000265/drv_usart_static.o
 .gnu.attributes
                0x00000160       0x10 build/default/debug/_ext/327000265/drv_usart_static_byte_model.o
 .gnu.attributes
                0x00000170       0x10 build/default/debug/_ext/639803181/sys_clk_static.o
 .gnu.attributes
                0x00000180       0x10 build/default/debug/_ext/822048611/sys_ports_static.o
 .gnu.attributes
                0x00000190       0x10 build/default/debug/_ext/1688732426/system_init.o
 .gnu.attributes
                0x000001a0       0x10 build/default/debug/_ext/1688732426/system_interrupt.o
 .gnu.attributes
                0x000001b0       0x10 build/default/debug/_ext/1688732426/system_exceptions.o
 .gnu.attributes
                0x000001c0       0x10 build/default/debug/_ext/1688732426/system_tasks.o
 .gnu.attributes
                0x000001d0       0x10 build/default/debug/_ext/1688732426/rtos_hooks.o
 .gnu.attributes
                0x000001e0       0x10 c:/program files (x86)/microchip/xc32/v1.42/bin/bin/../../lib/gcc/pic32mx/4.8.3/../../../../pic32mx/lib\libpic32.a(default-bootstrap-exception-handler.o)
 .gnu.attributes
                0x000001f0       0x10 c:/program files (x86)/microchip/xc32/v1.42/bin/bin/../../lib/gcc/pic32mx/4.8.3/../../../../pic32mx/lib\libpic32.a(default-on-reset.o)
 .gnu.attributes
                0x00000200       0x10 c:/program files (x86)/microchip/xc32/v1.42/bin/bin/../../lib/gcc/pic32mx/4.8.3/../../../../pic32mx/lib\libpic32.a(default-on-bootstrap.o)
 .gnu.attributes
                0x00000210       0x10 c:/program files (x86)/microchip/xc32/v1.42/bin/bin/../../lib/gcc/pic32mx/4.8.3/../../../../pic32mx/lib\libpic32.a(defaultinterrupt.o)
LOAD c:/program files (x86)/microchip/xc32/v1.42/bin/bin/../../lib/gcc/pic32mx/4.8.3\libgcc.a
START GROUP
LOAD c:/program files (x86)/microchip/xc32/v1.42/bin/bin/../../lib/gcc/pic32mx/4.8.3/../../../../pic32mx/lib\libpic32.a
LOAD c:/program files (x86)/microchip/xc32/v1.42/bin/bin/../../lib/gcc/pic32mx/4.8.3/../../../../pic32mx/lib\libdebug.a
LOAD c:/program files (x86)/microchip/xc32/v1.42/bin/bin/../../lib/gcc/pic32mx/4.8.3/../../../../pic32mx/lib\libpic32.a
LOAD c:/program files (x86)/microchip/xc32/v1.42/bin/bin/../../lib/gcc/pic32mx/4.8.3/../../../../pic32mx/lib\libm.a
LOAD c:/program files (x86)/microchip/xc32/v1.42/bin/bin/../../lib/gcc/pic32mx/4.8.3/../../../../pic32mx/lib\libe.a
LOAD c:/program files (x86)/microchip/xc32/v1.42/bin/bin/../../lib/gcc/pic32mx/4.8.3/../../../../pic32mx/lib\libdsp.a
LOAD c:/program files (x86)/microchip/xc32/v1.42/bin/bin/../../lib/gcc/pic32mx/4.8.3\libgcc.a
LOAD c:/program files (x86)/microchip/xc32/v1.42/bin/bin/../../lib/gcc/pic32mx/4.8.3/../../../../pic32mx/lib\libc.a
LOAD c:/program files (x86)/microchip/xc32/v1.42/bin/bin/../../lib/gcc/pic32mx/4.8.3/../../../../pic32mx/lib\libc.a
LOAD c:/program files (x86)/microchip/xc32/v1.42/bin/bin/../../lib/gcc/pic32mx/4.8.3/../../../../pic32mx/lib\libpic32.a
END GROUP
LOAD c:/program files (x86)/microchip/xc32/v1.42/bin/bin/../../lib/gcc/pic32mx/4.8.3\libgcc.a
OUTPUT(dist/default/debug/Milestone2.2.X.debug.elf elf32-tradlittlemips)
LOAD stack
LOAD data_init

.reginfo        0x00000000       0x18
 .reginfo       0x00000000       0x18 c:/program files (x86)/microchip/xc32/v1.42/bin/bin/../../lib/gcc/pic32mx/4.8.3/../../../../pic32mx/lib/./proc/32MX795F512L/crt0_mips32r2.o

.stack          0xa000aa08      0x400
 .stack         0xa000aa08      0x400 stack

.bss            0xa0000354     0xa640
 .bss           0xa0000354     0xa000 build/default/debug/_ext/1856876499/heap_1.o
 .bss           0xa000a354      0x640 build/default/debug/_ext/12131622/port.o
                0xa000a354                xISRStack

.data           0xa000a994       0x54
 .data          0xa000a994       0x54 build/default/debug/_ext/1360937237/eyes.o
                0xa000a994                sensorSimData

.text           0x9d000000      0x454
 .text          0x9d000000      0x454 build/default/debug/_ext/12131622/port_asm.o
                0x9d000000                vPortTickInterruptHandler
                0x9d0001ac                vPortStartFirstTask
                0x9d000274                vPortYieldISR

.text.xQueueGenericReceive
                0x9d000454      0x24c
 .text.xQueueGenericReceive
                0x9d000454      0x24c build/default/debug/_ext/1128951024/queue.o
                0x9d000454                xQueueGenericReceive

.text.xQueueGenericSend
                0x9d0006a0      0x208
 .text.xQueueGenericSend
                0x9d0006a0      0x208 build/default/debug/_ext/1128951024/queue.o
                0x9d0006a0                xQueueGenericSend

.text.xTaskGenericCreate
                0x9d0008a8      0x1c0
 .text.xTaskGenericCreate
                0x9d0008a8      0x1c0 build/default/debug/_ext/1128951024/tasks.o
                0x9d0008a8                xTaskGenericCreate

.DrvTmrInstance0_vector_text
                0x9d000a68      0x1b4
 .DrvTmrInstance0_vector_text
                0x9d000a68      0x1b4 build/default/debug/_ext/1688732426/system_interrupt_a.o

.DrvUsartInstance0_vector_text
                0x9d000c1c      0x1b4
 .DrvUsartInstance0_vector_text
                0x9d000c1c      0x1b4 build/default/debug/_ext/1688732426/system_interrupt_a.o

.text.xTaskIncrementTick
                0x9d000dd0      0x19c
 .text.xTaskIncrementTick
                0x9d000dd0      0x19c build/default/debug/_ext/1128951024/tasks.o
                0x9d000dd0                xTaskIncrementTick

.text.dbgOutputVal
                0x9d000f6c      0x184
 .text.dbgOutputVal
                0x9d000f6c      0x184 build/default/debug/_ext/1360937237/debug.o
                0x9d000f6c                dbgOutputVal

.text.dbgOutputLoc
                0x9d0010f0      0x184
 .text.dbgOutputLoc
                0x9d0010f0      0x184 build/default/debug/_ext/1360937237/debug.o
                0x9d0010f0                dbgOutputLoc

.text.DRV_USART0_Initialize
                0x9d001274      0x174
 .text.DRV_USART0_Initialize
                0x9d001274      0x174 build/default/debug/_ext/327000265/drv_usart_static.o
                0x9d001274                DRV_USART0_Initialize

.text           0x9d0013e8      0x168
 .text          0x9d0013e8      0x168 c:/program files (x86)/microchip/xc32/v1.42/bin/bin/../../lib/gcc/pic32mx/4.8.3/../../../../pic32mx/lib\libpic32.a(memcpy.o)
                0x9d0013e8                memcpy

.text.xTaskResumeAll
                0x9d001550      0x154
 .text.xTaskResumeAll
                0x9d001550      0x154 build/default/debug/_ext/1128951024/tasks.o
                0x9d001550                xTaskResumeAll

.text.vTaskPriorityInherit
                0x9d0016a4      0x12c
 .text.vTaskPriorityInherit
                0x9d0016a4      0x12c build/default/debug/_ext/1128951024/tasks.o
                0x9d0016a4                vTaskPriorityInherit

.rodata         0x9d0017d0      0x128
 .rodata        0x9d0017d0      0x128 build/default/debug/_ext/1688732426/system_exceptions.o

.text.prvUnlockQueue
                0x9d0018f8      0x104
 .text.prvUnlockQueue
                0x9d0018f8      0x104 build/default/debug/_ext/1128951024/queue.o

.text.prvCopyDataToQueue
                0x9d0019fc       0xfc
 .text.prvCopyDataToQueue
                0x9d0019fc       0xfc build/default/debug/_ext/1128951024/queue.o

.text.EYES_Tasks
                0x9d001af8       0xf8
 .text.EYES_Tasks
                0x9d001af8       0xf8 build/default/debug/_ext/1360937237/eyes.o
                0x9d001af8                EYES_Tasks

.text.xTaskPriorityDisinherit
                0x9d001bf0       0xf8
 .text.xTaskPriorityDisinherit
                0x9d001bf0       0xf8 build/default/debug/_ext/1128951024/tasks.o
                0x9d001bf0                xTaskPriorityDisinherit

.text.xQueueGenericSendFromISR
                0x9d001ce8       0xe8
 .text.xQueueGenericSendFromISR
                0x9d001ce8       0xe8 build/default/debug/_ext/1128951024/queue.o
                0x9d001ce8                xQueueGenericSendFromISR

.text.vTaskSwitchContext
                0x9d001dd0       0xe0
 .text.vTaskSwitchContext
                0x9d001dd0       0xe0 build/default/debug/_ext/1128951024/tasks.o
                0x9d001dd0                vTaskSwitchContext

.dinit          0x9d001eb0       0xe0
 .dinit         0x9d001eb0       0xe0 data_init

.text.SYS_DEVCON_PerformanceConfig
                0x9d001f90       0xdc
 .text.SYS_DEVCON_PerformanceConfig
                0x9d001f90       0xdc build/default/debug/_ext/1271179505/sys_devcon_pic32mx.o
                0x9d001f90                SYS_DEVCON_PerformanceConfig

.text.general_exception
                0x9d00206c       0xdc
 .text.general_exception
                0x9d00206c       0xdc c:/program files (x86)/microchip/xc32/v1.42/bin/bin/../../lib/gcc/pic32mx/4.8.3/../../../../pic32mx/lib\libpic32.a(general-exception.o)
                0x9d00206c                _general_exception_context

.text.xQueueGenericReset
                0x9d002148       0xc4
 .text.xQueueGenericReset
                0x9d002148       0xc4 build/default/debug/_ext/1128951024/queue.o
                0x9d002148                xQueueGenericReset

.text.xTaskRemoveFromEventList
                0x9d00220c       0xbc
 .text.xTaskRemoveFromEventList
                0x9d00220c       0xbc build/default/debug/_ext/1128951024/tasks.o
                0x9d00220c                xTaskRemoveFromEventList

.text.pvPortMalloc
                0x9d0022c8       0xbc
 .text.pvPortMalloc
                0x9d0022c8       0xbc build/default/debug/_ext/1856876499/heap_1.o
                0x9d0022c8                pvPortMalloc

.text.prvInitialiseTCBVariables
                0x9d002384       0xb4
 .text.prvInitialiseTCBVariables
                0x9d002384       0xb4 build/default/debug/_ext/1128951024/tasks.o
                0x9d002384                prvInitialiseTCBVariables

.text.SYS_Initialize
                0x9d002438       0xb4
 .text.SYS_Initialize
                0x9d002438       0xb4 build/default/debug/_ext/1688732426/system_init.o
                0x9d002438                SYS_Initialize

.text.SYS_Tasks
                0x9d0024ec       0xac
 .text.SYS_Tasks
                0x9d0024ec       0xac build/default/debug/_ext/1688732426/system_tasks.o
                0x9d0024ec                SYS_Tasks

.text           0x9d002598       0xa8
 .text          0x9d002598       0xa8 c:/program files (x86)/microchip/xc32/v1.42/bin/bin/../../lib/gcc/pic32mx/4.8.3/../../../../pic32mx/lib\libpic32.a(memset.o)
                0x9d002598                memset

.text.xTaskCheckForTimeOut
                0x9d002640       0xa0
 .text.xTaskCheckForTimeOut
                0x9d002640       0xa0 build/default/debug/_ext/1128951024/tasks.o
                0x9d002640                xTaskCheckForTimeOut

.text.xQueueGenericCreate
                0x9d0026e0       0x94
 .text.xQueueGenericCreate
                0x9d0026e0       0x94 build/default/debug/_ext/1128951024/queue.o
                0x9d0026e0                xQueueGenericCreate

.text.vTaskPlaceOnEventList
                0x9d002774       0x94
 .text.vTaskPlaceOnEventList
                0x9d002774       0x94 build/default/debug/_ext/1128951024/tasks.o
                0x9d002774                vTaskPlaceOnEventList

.text.prvInitialiseTaskLists
                0x9d002808       0x90
 .text.prvInitialiseTaskLists
                0x9d002808       0x90 build/default/debug/_ext/1128951024/tasks.o
                0x9d002808                prvInitialiseTaskLists

.text.prvCheckTasksWaitingTermination
                0x9d002898       0x90
 .text.prvCheckTasksWaitingTermination
                0x9d002898       0x90 build/default/debug/_ext/1128951024/tasks.o
                0x9d002898                prvCheckTasksWaitingTermination

.text.prvAllocateTCBAndStack
                0x9d002928       0x84
 .text.prvAllocateTCBAndStack
                0x9d002928       0x84 build/default/debug/_ext/1128951024/tasks.o
                0x9d002928                prvAllocateTCBAndStack

.text.vTaskStartScheduler
                0x9d0029ac       0x84
 .text.vTaskStartScheduler
                0x9d0029ac       0x84 build/default/debug/_ext/1128951024/tasks.o
                0x9d0029ac                vTaskStartScheduler

.text.IntHandlerDrvTmrInstance0
                0x9d002a30       0x84
 .text.IntHandlerDrvTmrInstance0
                0x9d002a30       0x84 build/default/debug/_ext/1688732426/system_interrupt.o
                0x9d002a30                IntHandlerDrvTmrInstance0

.text.xQueueCreateMutex
                0x9d002ab4       0x80
 .text.xQueueCreateMutex
                0x9d002ab4       0x80 build/default/debug/_ext/1128951024/queue.o
                0x9d002ab4                xQueueCreateMutex

.text.DRV_TMR0_Initialize
                0x9d002b34       0x74
 .text.DRV_TMR0_Initialize
                0x9d002b34       0x74 build/default/debug/_ext/1407244131/drv_tmr_static.o
                0x9d002b34                DRV_TMR0_Initialize

.text.prvAddCurrentTaskToDelayedList
                0x9d002ba8       0x70
 .text.prvAddCurrentTaskToDelayedList
                0x9d002ba8       0x70 build/default/debug/_ext/1128951024/tasks.o
                0x9d002ba8                prvAddCurrentTaskToDelayedList

.text.vApplicationSetupTickTimerInterrupt
                0x9d002c18       0x6c
 .text.vApplicationSetupTickTimerInterrupt